Archive member included to satisfy reference by file (symbol)

/usr/lib/gcc/arm-none-eabi/8.3.1/thumb/v6-m/nofp/libgcc.a(_dvmd_tls.o)
                              CMakeFiles/myblink.dir/home/pi/pico/pico-sdk/src/rp2_common/pico_divider/divider.S.obj (__aeabi_idiv0)
/usr/lib/gcc/arm-none-eabi/8.3.1/../../../arm-none-eabi/lib/thumb/v6-m/nofp/libg.a(lib_a-atexit.o)
                              /usr/lib/gcc/arm-none-eabi/8.3.1/../../../arm-none-eabi/lib/thumb/v6-m/nofp/crt0.o (atexit)
/usr/lib/gcc/arm-none-eabi/8.3.1/../../../arm-none-eabi/lib/thumb/v6-m/nofp/libg.a(lib_a-calloc.o)
                              CMakeFiles/myblink.dir/home/pi/pico/pico-sdk/src/rp2_common/pico_malloc/pico_malloc.c.obj (calloc)
/usr/lib/gcc/arm-none-eabi/8.3.1/../../../arm-none-eabi/lib/thumb/v6-m/nofp/libg.a(lib_a-callocr.o)
                              /usr/lib/gcc/arm-none-eabi/8.3.1/../../../arm-none-eabi/lib/thumb/v6-m/nofp/libg.a(lib_a-calloc.o) (_calloc_r)
/usr/lib/gcc/arm-none-eabi/8.3.1/../../../arm-none-eabi/lib/thumb/v6-m/nofp/libg.a(lib_a-ctype_.o)
                              CMakeFiles/myblink.dir/home/pi/pico/pico-sdk/lib/tinyusb/src/tusb.c.obj (_ctype_)
/usr/lib/gcc/arm-none-eabi/8.3.1/../../../arm-none-eabi/lib/thumb/v6-m/nofp/libg.a(lib_a-fini.o)
                              /usr/lib/gcc/arm-none-eabi/8.3.1/../../../arm-none-eabi/lib/thumb/v6-m/nofp/crt0.o (__libc_fini_array)
/usr/lib/gcc/arm-none-eabi/8.3.1/../../../arm-none-eabi/lib/thumb/v6-m/nofp/libg.a(lib_a-impure.o)
                              /usr/lib/gcc/arm-none-eabi/8.3.1/../../../arm-none-eabi/lib/thumb/v6-m/nofp/libg.a(lib_a-calloc.o) (_impure_ptr)
/usr/lib/gcc/arm-none-eabi/8.3.1/../../../arm-none-eabi/lib/thumb/v6-m/nofp/libg.a(lib_a-init.o)
                              /usr/lib/gcc/arm-none-eabi/8.3.1/../../../arm-none-eabi/lib/thumb/v6-m/nofp/crt0.o (__libc_init_array)
/usr/lib/gcc/arm-none-eabi/8.3.1/../../../arm-none-eabi/lib/thumb/v6-m/nofp/libg.a(lib_a-malloc.o)
                              CMakeFiles/myblink.dir/home/pi/pico/pico-sdk/src/rp2_common/pico_malloc/pico_malloc.c.obj (malloc)
/usr/lib/gcc/arm-none-eabi/8.3.1/../../../arm-none-eabi/lib/thumb/v6-m/nofp/libg.a(lib_a-mallocr.o)
                              /usr/lib/gcc/arm-none-eabi/8.3.1/../../../arm-none-eabi/lib/thumb/v6-m/nofp/libg.a(lib_a-callocr.o) (_malloc_r)
/usr/lib/gcc/arm-none-eabi/8.3.1/../../../arm-none-eabi/lib/thumb/v6-m/nofp/libg.a(lib_a-mlock.o)
                              /usr/lib/gcc/arm-none-eabi/8.3.1/../../../arm-none-eabi/lib/thumb/v6-m/nofp/libg.a(lib_a-mallocr.o) (__malloc_lock)
/usr/lib/gcc/arm-none-eabi/8.3.1/../../../arm-none-eabi/lib/thumb/v6-m/nofp/libg.a(lib_a-sbrkr.o)
                              /usr/lib/gcc/arm-none-eabi/8.3.1/../../../arm-none-eabi/lib/thumb/v6-m/nofp/libg.a(lib_a-mallocr.o) (_sbrk_r)
/usr/lib/gcc/arm-none-eabi/8.3.1/../../../arm-none-eabi/lib/thumb/v6-m/nofp/libg.a(lib_a-strlen-stub.o)
                              CMakeFiles/myblink.dir/home/pi/pico/pico-sdk/src/rp2_common/pico_stdio/stdio.c.obj (strlen)
/usr/lib/gcc/arm-none-eabi/8.3.1/../../../arm-none-eabi/lib/thumb/v6-m/nofp/libg.a(lib_a-__atexit.o)
                              /usr/lib/gcc/arm-none-eabi/8.3.1/../../../arm-none-eabi/lib/thumb/v6-m/nofp/libg.a(lib_a-atexit.o) (__register_exitproc)
/usr/lib/gcc/arm-none-eabi/8.3.1/../../../arm-none-eabi/lib/thumb/v6-m/nofp/libg.a(lib_a-freer.o)
                              /usr/lib/gcc/arm-none-eabi/8.3.1/../../../arm-none-eabi/lib/thumb/v6-m/nofp/libg.a(lib_a-malloc.o) (_free_r)
/usr/lib/gcc/arm-none-eabi/8.3.1/../../../arm-none-eabi/lib/thumb/v6-m/nofp/libg.a(lib_a-reent.o)
                              /usr/lib/gcc/arm-none-eabi/8.3.1/../../../arm-none-eabi/lib/thumb/v6-m/nofp/libg.a(lib_a-sbrkr.o) (errno)

Allocating common symbols
Common symbol       size              file

sf_table            0x100             CMakeFiles/myblink.dir/home/pi/pico/pico-sdk/src/rp2_common/pico_float/float_init_rom.c.obj
errno               0x4               /usr/lib/gcc/arm-none-eabi/8.3.1/../../../arm-none-eabi/lib/thumb/v6-m/nofp/libg.a(lib_a-reent.o)
_usbd_qdef_buf      0xc0              CMakeFiles/myblink.dir/home/pi/pico/pico-sdk/lib/tinyusb/src/device/usbd.c.obj
sd_table            0x100             CMakeFiles/myblink.dir/home/pi/pico/pico-sdk/src/rp2_common/pico_double/double_init_rom.c.obj
uart_char_to_line_feed
                    0x4               CMakeFiles/myblink.dir/home/pi/pico/pico-sdk/src/rp2_common/hardware_uart/uart.c.obj

Discarded input sections

 .text          0x0000000000000000        0x0 /usr/lib/gcc/arm-none-eabi/8.3.1/thumb/v6-m/nofp/crti.o
 .data          0x0000000000000000        0x0 /usr/lib/gcc/arm-none-eabi/8.3.1/thumb/v6-m/nofp/crti.o
 .bss           0x0000000000000000        0x0 /usr/lib/gcc/arm-none-eabi/8.3.1/thumb/v6-m/nofp/crti.o
 .data          0x0000000000000000        0x4 /usr/lib/gcc/arm-none-eabi/8.3.1/thumb/v6-m/nofp/crtbegin.o
[...]
Memory Configuration

Name             Origin             Length             Attributes
FLASH            0x0000000010000000 0x0000000000200000 xr
RAM              0x0000000020000000 0x0000000000040000 xrw
SCRATCH_X        0x0000000020040000 0x0000000000001000 xrw
SCRATCH_Y        0x0000000020041000 0x0000000000001000 xrw
*default*        0x0000000000000000 0xffffffffffffffff

Linker script and memory map

LOAD /usr/lib/gcc/arm-none-eabi/8.3.1/thumb/v6-m/nofp/crti.o
LOAD /usr/lib/gcc/arm-none-eabi/8.3.1/thumb/v6-m/nofp/crtbegin.o
LOAD /usr/lib/gcc/arm-none-eabi/8.3.1/../../../arm-none-eabi/lib/thumb/v6-m/nofp/crt0.o

.flash_begin    0x0000000010000000        0x0
                0x0000000010000000                __flash_binary_start = .

.boot2          0x0000000010000000      0x100
                0x0000000010000000                __boot2_start__ = .
 *(.boot2)
 .boot2         0x0000000010000000      0x100 /tmp/ccTnv2BD.o
                0x0000000010000100                __boot2_end__ = .
                0x0000000000000001                ASSERT (((__boot2_end__ - __boot2_start__) == 0x100), ERROR: Pico second stage bootloader must be 256 bytes in size)

.text           0x0000000010000100     0x4008
                0x0000000010000100                __logical_binary_start = .
 *(.vectors)
 .vectors       0x0000000010000100       0xd4 CMakeFiles/myblink.dir/home/pi/pico/pico-sdk/src/rp2_common/pico_standard_link/crt0.S.obj
                0x0000000010000100                __vectors
                0x0000000010000100                __VECTOR_TABLE
                0x00000000100001c0                isr_invalid
                0x00000000100001c0                __default_isrs_start
                0x00000000100001c2                isr_nmi
                0x00000000100001c4                isr_hardfault
                0x00000000100001c6                isr_svcall
                0x00000000100001c8                isr_pendsv
                0x00000000100001ca                isr_systick
                0x00000000100001cc                isr_irq30
                0x00000000100001cc                __unhandled_user_irq
                0x00000000100001cc                isr_irq13
                0x00000000100001cc                isr_irq27
                0x00000000100001cc                isr_irq31
                0x00000000100001cc                isr_irq5
                0x00000000100001cc                isr_irq11
                0x00000000100001cc                isr_irq23
                0x00000000100001cc                isr_irq18
                0x00000000100001cc                isr_irq28
                0x00000000100001cc                isr_irq19
                0x00000000100001cc                isr_irq0
                0x00000000100001cc                isr_irq6
                0x00000000100001cc                isr_irq22
                0x00000000100001cc                isr_irq17
                0x00000000100001cc                isr_irq14
                0x00000000100001cc                isr_irq2
                0x00000000100001cc                isr_irq10
                0x00000000100001cc                isr_irq8
                0x00000000100001cc                isr_irq24
                0x00000000100001cc                isr_irq1
                0x00000000100001cc                isr_irq7
                0x00000000100001cc                isr_irq21
                0x00000000100001cc                isr_irq20
                0x00000000100001cc                isr_irq15
                0x00000000100001cc                isr_irq25
                0x00000000100001cc                isr_irq4
                0x00000000100001cc                isr_irq16
                0x00000000100001cc                isr_irq29
                0x00000000100001cc                isr_irq26
                0x00000000100001cc                __default_isrs_end
                0x00000000100001cc                isr_irq3
                0x00000000100001cc                isr_irq12
                0x00000000100001cc                isr_irq9
                0x00000000100001d2                unhandled_user_irq_num_in_r0
 *(.binary_info_header)
 .binary_info_header
                0x00000000100001d4       0x14 CMakeFiles/myblink.dir/home/pi/pico/pico-sdk/src/rp2_common/pico_standard_link/crt0.S.obj
                0x00000000100001e8                __binary_info_header_end = .
 *(.reset)
 .reset         0x00000000100001e8       0xa8 CMakeFiles/myblink.dir/home/pi/pico/pico-sdk/src/rp2_common/pico_standard_link/crt0.S.obj
                0x00000000100001e8                _entry_point
                0x0000000010000266                __get_current_exception
 .reset         0x0000000010000290       0x30 CMakeFiles/myblink.dir/home/pi/pico/pico-sdk/src/rp2_common/pico_standard_link/binary_info.c.obj
 *(.init)
 .init          0x00000000100002c0        0x4 /usr/lib/gcc/arm-none-eabi/8.3.1/thumb/v6-m/nofp/crti.o
                0x00000000100002c0                _init
 *(EXCLUDE_FILE(*libm.a: *libc.a:*lib_a-mem*.o *libgcc.a:) .text*)
 .text          0x00000000100002c4       0x98 /usr/lib/gcc/arm-none-eabi/8.3.1/thumb/v6-m/nofp/crtbegin.o
 .text.main     0x000000001000035c       0x2c CMakeFiles/myblink.dir/myblink.c.obj
                0x000000001000035c                main
 .text.gpio_set_function
                0x0000000010000388       0x30 CMakeFiles/myblink.dir/home/pi/pico/pico-sdk/src/rp2_common/hardware_gpio/gpio.c.obj
                0x0000000010000388                gpio_set_function
 .text.gpio_init
                0x00000000100003b8       0x16 CMakeFiles/myblink.dir/home/pi/pico/pico-sdk/src/rp2_common/hardware_gpio/gpio.c.obj
                0x00000000100003b8                gpio_init
 *fill*         0x00000000100003ce        0x2 
 .text.hw_claim_lock
                0x00000000100003d0       0x18 CMakeFiles/myblink.dir/home/pi/pico/pico-sdk/src/rp2_common/hardware_claim/claim.c.obj
                0x00000000100003d0                hw_claim_lock
 .text.hw_claim_unlock
                0x00000000100003e8       0x14 CMakeFiles/myblink.dir/home/pi/pico/pico-sdk/src/rp2_common/hardware_claim/claim.c.obj
                0x00000000100003e8                hw_claim_unlock
 .text.hw_claim_or_assert
                0x00000000100003fc       0x32 CMakeFiles/myblink.dir/home/pi/pico/pico-sdk/src/rp2_common/hardware_claim/claim.c.obj
                0x00000000100003fc                hw_claim_or_assert
 *fill*         0x000000001000042e        0x2 
 .text.running_on_fpga
                0x0000000010000430       0x14 CMakeFiles/myblink.dir/home/pi/pico/pico-sdk/src/rp2_common/pico_platform/platform.c.obj
                0x0000000010000430                running_on_fpga
 .text.spin_locks_reset
                0x0000000010000444       0x20 CMakeFiles/myblink.dir/home/pi/pico/pico-sdk/src/rp2_common/hardware_sync/sync.c.obj
                0x0000000010000444                spin_locks_reset
 .text.next_striped_spin_lock_num
                0x0000000010000464       0x1c CMakeFiles/myblink.dir/home/pi/pico/pico-sdk/src/rp2_common/hardware_sync/sync.c.obj
                0x0000000010000464                next_striped_spin_lock_num
 .text.sleep_until_callback
                0x0000000010000480       0x30 CMakeFiles/myblink.dir/home/pi/pico/pico-sdk/src/common/pico_time/time.c.obj
 .text.alarm_pool_post_alloc_init
                0x00000000100004b0       0x40 CMakeFiles/myblink.dir/home/pi/pico/pico-sdk/src/common/pico_time/time.c.obj
 .text.timer_pool_entry_comparator
                0x00000000100004f0       0x7c CMakeFiles/myblink.dir/home/pi/pico/pico-sdk/src/common/pico_time/time.c.obj
                0x00000000100004f0                timer_pool_entry_comparator
 .text.ph_add_child_node
                0x000000001000056c       0xa4 CMakeFiles/myblink.dir/home/pi/pico/pico-sdk/src/common/pico_time/time.c.obj
 .text.ph_merge_nodes
                0x0000000010000610       0x3e CMakeFiles/myblink.dir/home/pi/pico/pico-sdk/src/common/pico_time/time.c.obj
 *fill*         0x000000001000064e        0x2 
 .text.add_alarm_under_lock
                0x0000000010000650      0x180 CMakeFiles/myblink.dir/home/pi/pico/pico-sdk/src/common/pico_time/time.c.obj
 .text.alarm_pool_alarm_callback
                0x00000000100007d0      0x328 CMakeFiles/myblink.dir/home/pi/pico/pico-sdk/src/common/pico_time/time.c.obj
 .text.alarm_pool_init_default
                0x0000000010000af8       0x38 CMakeFiles/myblink.dir/home/pi/pico/pico-sdk/src/common/pico_time/time.c.obj
                0x0000000010000af8                alarm_pool_init_default
 .text.alarm_pool_get_default
                0x0000000010000b30       0x2c CMakeFiles/myblink.dir/home/pi/pico/pico-sdk/src/common/pico_time/time.c.obj
                0x0000000010000b30                alarm_pool_get_default
 .text.alarm_pool_add_alarm_at
                0x0000000010000b5c      0x154 CMakeFiles/myblink.dir/home/pi/pico/pico-sdk/src/common/pico_time/time.c.obj
                0x0000000010000b5c                alarm_pool_add_alarm_at
 .text.sleep_until
                0x0000000010000cb0       0xf8 CMakeFiles/myblink.dir/home/pi/pico/pico-sdk/src/common/pico_time/time.c.obj
                0x0000000010000cb0                sleep_until
 .text.sleep_us
                0x0000000010000da8       0x54 CMakeFiles/myblink.dir/home/pi/pico/pico-sdk/src/common/pico_time/time.c.obj
                0x0000000010000da8                sleep_us
 .text.sleep_ms
                0x0000000010000dfc       0x14 CMakeFiles/myblink.dir/home/pi/pico/pico-sdk/src/common/pico_time/time.c.obj
                0x0000000010000dfc                sleep_ms
 .text.hardware_alarm_irq_handler
                0x0000000010000e10       0x8c CMakeFiles/myblink.dir/home/pi/pico/pico-sdk/src/rp2_common/hardware_timer/timer.c.obj
 .text.hardware_alarm_claim
                0x0000000010000e9c       0x18 CMakeFiles/myblink.dir/home/pi/pico/pico-sdk/src/rp2_common/hardware_timer/timer.c.obj
                0x0000000010000e9c                hardware_alarm_claim
 .text.time_us_64
                0x0000000010000eb4       0x18 CMakeFiles/myblink.dir/home/pi/pico/pico-sdk/src/rp2_common/hardware_timer/timer.c.obj
                0x0000000010000eb4                time_us_64
 .text.busy_wait_until
                0x0000000010000ecc       0x24 CMakeFiles/myblink.dir/home/pi/pico/pico-sdk/src/rp2_common/hardware_timer/timer.c.obj
                0x0000000010000ecc                busy_wait_until
 .text.hardware_alarm_set_callback
                0x0000000010000ef0       0x90 CMakeFiles/myblink.dir/home/pi/pico/pico-sdk/src/rp2_common/hardware_timer/timer.c.obj
                0x0000000010000ef0                hardware_alarm_set_callback
 .text.hardware_alarm_set_target
                0x0000000010000f80       0xe8 CMakeFiles/myblink.dir/home/pi/pico/pico-sdk/src/rp2_common/hardware_timer/timer.c.obj
                0x0000000010000f80                hardware_alarm_set_target
 .text.hardware_alarm_cancel
                0x0000000010001068       0x40 CMakeFiles/myblink.dir/home/pi/pico/pico-sdk/src/rp2_common/hardware_timer/timer.c.obj
                0x0000000010001068                hardware_alarm_cancel
 .text.lock_init
                0x00000000100010a8       0x10 CMakeFiles/myblink.dir/home/pi/pico/pico-sdk/src/common/pico_sync/lock_core.c.obj
                0x00000000100010a8                lock_init
 .text.mutex_init
                0x00000000100010b8       0x1a CMakeFiles/myblink.dir/home/pi/pico/pico-sdk/src/common/pico_sync/mutex.c.obj
                0x00000000100010b8                mutex_init
 .text.recursive_mutex_init
                0x00000000100010d2       0x1e CMakeFiles/myblink.dir/home/pi/pico/pico-sdk/src/common/pico_sync/mutex.c.obj
                0x00000000100010d2                recursive_mutex_init
 .text.ph_add_child_node
                0x00000000100010f0       0xa4 CMakeFiles/myblink.dir/home/pi/pico/pico-sdk/src/common/pico_util/pheap.c.obj
 .text.ph_merge_nodes
                0x0000000010001194       0x3e CMakeFiles/myblink.dir/home/pi/pico/pico-sdk/src/common/pico_util/pheap.c.obj
 *fill*         0x00000000100011d2        0x2 
 .text.ph_clear
                0x00000000100011d4       0x70 CMakeFiles/myblink.dir/home/pi/pico/pico-sdk/src/common/pico_util/pheap.c.obj
                0x00000000100011d4                ph_clear
 .text.ph_post_alloc_init
                0x0000000010001244        0xe CMakeFiles/myblink.dir/home/pi/pico/pico-sdk/src/common/pico_util/pheap.c.obj
                0x0000000010001244                ph_post_alloc_init
 *fill*         0x0000000010001252        0x2 
 .text.ph_merge_two_pass
                0x0000000010001254       0xac CMakeFiles/myblink.dir/home/pi/pico/pico-sdk/src/common/pico_util/pheap.c.obj
                0x0000000010001254                ph_merge_two_pass
 .text.ph_remove_any_head
                0x0000000010001300      0x108 CMakeFiles/myblink.dir/home/pi/pico/pico-sdk/src/common/pico_util/pheap.c.obj
 .text.ph_remove_head
                0x0000000010001408       0x14 CMakeFiles/myblink.dir/home/pi/pico/pico-sdk/src/common/pico_util/pheap.c.obj
                0x0000000010001408                ph_remove_head
 .text.ph_remove_and_free_node
                0x000000001000141c       0xf8 CMakeFiles/myblink.dir/home/pi/pico/pico-sdk/src/common/pico_util/pheap.c.obj
                0x000000001000141c                ph_remove_and_free_node
 .text._exit    0x0000000010001514        0x4 CMakeFiles/myblink.dir/home/pi/pico/pico-sdk/src/rp2_common/pico_runtime/runtime.c.obj
                0x0000000010001514                _exit
 .text.exit     0x0000000010001518        0x6 CMakeFiles/myblink.dir/home/pi/pico/pico-sdk/src/rp2_common/pico_runtime/runtime.c.obj
                0x0000000010001518                exit
 *fill*         0x000000001000151e        0x2 
 .text.__assert_func
                0x0000000010001520       0x3c CMakeFiles/myblink.dir/home/pi/pico/pico-sdk/src/rp2_common/pico_runtime/runtime.c.obj
                0x0000000010001520                __assert_func
 .text.runtime_init
                0x000000001000155c       0xf8 CMakeFiles/myblink.dir/home/pi/pico/pico-sdk/src/rp2_common/pico_runtime/runtime.c.obj
                0x000000001000155c                runtime_init
 .text.panic    0x0000000010001654       0x30 CMakeFiles/myblink.dir/home/pi/pico/pico-sdk/src/rp2_common/pico_runtime/runtime.c.obj
                0x0000000010001654                panic
 .text.clock_configure
                0x0000000010001684       0xfc CMakeFiles/myblink.dir/home/pi/pico/pico-sdk/src/rp2_common/hardware_clocks/clocks.c.obj
                0x0000000010001684                clock_configure
 .text.clocks_init
                0x0000000010001780      0x100 CMakeFiles/myblink.dir/home/pi/pico/pico-sdk/src/rp2_common/hardware_clocks/clocks.c.obj
                0x0000000010001780                clocks_init
 .text.set_raw_irq_handler_and_unlock
                0x0000000010001880       0x28 CMakeFiles/myblink.dir/home/pi/pico/pico-sdk/src/rp2_common/hardware_irq/irq.c.obj
 .text.make_branch
                0x00000000100018a8       0x34 CMakeFiles/myblink.dir/home/pi/pico/pico-sdk/src/rp2_common/hardware_irq/irq.c.obj
 .text.insert_branch_and_link
                0x00000000100018dc       0x40 CMakeFiles/myblink.dir/home/pi/pico/pico-sdk/src/rp2_common/hardware_irq/irq.c.obj
 .text.irq_is_enabled
                0x000000001000191c       0x18 CMakeFiles/myblink.dir/home/pi/pico/pico-sdk/src/rp2_common/hardware_irq/irq.c.obj
                0x000000001000191c                irq_is_enabled
 .text.irq_set_mask_enabled
                0x0000000010001934       0x20 CMakeFiles/myblink.dir/home/pi/pico/pico-sdk/src/rp2_common/hardware_irq/irq.c.obj
                0x0000000010001934                irq_set_mask_enabled
 .text.irq_set_enabled
                0x0000000010001954        0xe CMakeFiles/myblink.dir/home/pi/pico/pico-sdk/src/rp2_common/hardware_irq/irq.c.obj
                0x0000000010001954                irq_set_enabled
 *fill*         0x0000000010001962        0x2 
 .text.irq_get_vtable_handler
                0x0000000010001964       0x10 CMakeFiles/myblink.dir/home/pi/pico/pico-sdk/src/rp2_common/hardware_irq/irq.c.obj
                0x0000000010001964                irq_get_vtable_handler
 .text.irq_set_exclusive_handler
                0x0000000010001974       0x54 CMakeFiles/myblink.dir/home/pi/pico/pico-sdk/src/rp2_common/hardware_irq/irq.c.obj
                0x0000000010001974                irq_set_exclusive_handler
 .text.irq_remove_handler
                0x00000000100019c8      0x1a8 CMakeFiles/myblink.dir/home/pi/pico/pico-sdk/src/rp2_common/hardware_irq/irq.c.obj
                0x00000000100019c8                irq_remove_handler
 .text.irq_add_tail_to_free_list
                0x0000000010001b70       0xf0 CMakeFiles/myblink.dir/home/pi/pico/pico-sdk/src/rp2_common/hardware_irq/irq.c.obj
                0x0000000010001b70                irq_add_tail_to_free_list
 .text.irq_init_priorities
                0x0000000010001c60       0x1c CMakeFiles/myblink.dir/home/pi/pico/pico-sdk/src/rp2_common/hardware_irq/irq.c.obj
                0x0000000010001c60                irq_init_priorities
 .text.pll_init
                0x0000000010001c7c      0x114 CMakeFiles/myblink.dir/home/pi/pico/pico-sdk/src/rp2_common/hardware_pll/pll.c.obj
                0x0000000010001c7c                pll_init
 .text.watchdog_start_tick
                0x0000000010001d90       0x10 CMakeFiles/myblink.dir/home/pi/pico/pico-sdk/src/rp2_common/hardware_watchdog/watchdog.c.obj
                0x0000000010001d90                watchdog_start_tick
 .text.xosc_init
                0x0000000010001da0       0x28 CMakeFiles/myblink.dir/home/pi/pico/pico-sdk/src/rp2_common/hardware_xosc/xosc.c.obj
                0x0000000010001da0                xosc_init
 .text._out_null
                0x0000000010001dc8        0x2 CMakeFiles/myblink.dir/home/pi/pico/pico-sdk/src/rp2_common/pico_printf/printf.c.obj
 .text._out_fct
                0x0000000010001dca        0xe CMakeFiles/myblink.dir/home/pi/pico/pico-sdk/src/rp2_common/pico_printf/printf.c.obj
 .text._atoi    0x0000000010001dd8       0x28 CMakeFiles/myblink.dir/home/pi/pico/pico-sdk/src/rp2_common/pico_printf/printf.c.obj
 .text._out_rev
                0x0000000010001e00       0x8c CMakeFiles/myblink.dir/home/pi/pico/pico-sdk/src/rp2_common/pico_printf/printf.c.obj
 .text._ntoa_format
                0x0000000010001e8c      0x10c CMakeFiles/myblink.dir/home/pi/pico/pico-sdk/src/rp2_common/pico_printf/printf.c.obj
 .text._ntoa_long
                0x0000000010001f98       0xb0 CMakeFiles/myblink.dir/home/pi/pico/pico-sdk/src/rp2_common/pico_printf/printf.c.obj
 .text._ntoa_long_long
                0x0000000010002048       0xe6 CMakeFiles/myblink.dir/home/pi/pico/pico-sdk/src/rp2_common/pico_printf/printf.c.obj
 *fill*         0x000000001000212e        0x2 
 .text._etoa    0x0000000010002130      0x408 CMakeFiles/myblink.dir/home/pi/pico/pico-sdk/src/rp2_common/pico_printf/printf.c.obj
 .text._ftoa    0x0000000010002538      0x344 CMakeFiles/myblink.dir/home/pi/pico/pico-sdk/src/rp2_common/pico_printf/printf.c.obj
 .text._vsnprintf
                0x000000001000287c      0x61c CMakeFiles/myblink.dir/home/pi/pico/pico-sdk/src/rp2_common/pico_printf/printf.c.obj
 .text.vfctprintf
                0x0000000010002e98       0x20 CMakeFiles/myblink.dir/home/pi/pico/pico-sdk/src/rp2_common/pico_printf/printf.c.obj
                0x0000000010002e98                vfctprintf
 .text          0x0000000010002eb8       0x10 CMakeFiles/myblink.dir/home/pi/pico/pico-sdk/src/rp2_common/pico_bit_ops/bit_ops_aeabi.S.obj
 .text.rom_func_lookup
                0x0000000010002ec8       0x10 CMakeFiles/myblink.dir/home/pi/pico/pico-sdk/src/rp2_common/pico_bootrom/bootrom.c.obj
                0x0000000010002ec8                rom_func_lookup
 .text.rom_data_lookup
                0x0000000010002ed8       0x10 CMakeFiles/myblink.dir/home/pi/pico/pico-sdk/src/rp2_common/pico_bootrom/bootrom.c.obj
                0x0000000010002ed8                rom_data_lookup
 .text.rom_funcs_lookup
                0x0000000010002ee8       0x36 CMakeFiles/myblink.dir/home/pi/pico/pico-sdk/src/rp2_common/pico_bootrom/bootrom.c.obj
                0x0000000010002ee8                rom_funcs_lookup
 *fill*         0x0000000010002f1e        0x2 
 .text.__wrap___aeabi_idiv
                0x0000000010002f20       0x50 CMakeFiles/myblink.dir/home/pi/pico/pico-sdk/src/rp2_common/pico_divider/divider.S.obj
                0x0000000010002f20                __wrap___aeabi_idivmod
                0x0000000010002f20                divmod_s32s32
                0x0000000010002f20                div_s32s32
                0x0000000010002f20                __wrap___aeabi_idiv
                0x0000000010002f28                divmod_s32s32_unsafe
                0x0000000010002f54                divmod_s32s32_savestate
 .text.__wrap___aeabi_uidiv
                0x0000000010002f70       0x4c CMakeFiles/myblink.dir/home/pi/pico/pico-sdk/src/rp2_common/pico_divider/divider.S.obj
                0x0000000010002f70                __wrap___aeabi_uidiv
                0x0000000010002f70                __wrap___aeabi_uidivmod
                0x0000000010002f70                div_u32u32
                0x0000000010002f70                divmod_u32u32
                0x0000000010002f78                divmod_u32u32_unsafe
                0x0000000010002fa0                divmod_u32u32_savestate
 .text.__wrap___aeabi_ldiv
                0x0000000010002fbc      0x434 CMakeFiles/myblink.dir/home/pi/pico/pico-sdk/src/rp2_common/pico_divider/divider.S.obj
                0x0000000010002fbc                div_s64s64
                0x0000000010002fbc                divmod_s64s64
                0x0000000010002fbc                __wrap___aeabi_ldivmod
                0x0000000010002ff4                div_u64u64
                0x0000000010002ff4                divmod_u64u64
                0x0000000010002ff4                __wrap___aeabi_uldivmod
                0x0000000010003004                divmod_u64u64_savestate
                0x000000001000302c                divmod_s64s64_unsafe
                0x00000000100030b4                divmod_u64u64_unsafe
 .text.__wrap___aeabi_darithmetic
                0x00000000100033f0       0x80 CMakeFiles/myblink.dir/home/pi/pico/pico-sdk/src/rp2_common/pico_double/double_aeabi.S.obj
                0x00000000100033f0                __wrap___aeabi_drsub
                0x00000000100033f6                __wrap___aeabi_dsub
                0x0000000010003408                __wrap___aeabi_dadd
                0x000000001000341a                __wrap___aeabi_ddiv
                0x0000000010003456                __wrap___aeabi_dmul
 .text.__wrap___aeabi_cdcmple
                0x0000000010003470       0x6c CMakeFiles/myblink.dir/home/pi/pico/pico-sdk/src/rp2_common/pico_double/double_aeabi.S.obj
                0x0000000010003470                __wrap___aeabi_cdrcmple
                0x0000000010003480                __wrap___aeabi_cdcmple
                0x0000000010003480                __wrap___aeabi_cdcmpeq
 .text.__wrap___aeabi_dcmplt
                0x00000000100034dc        0xc CMakeFiles/myblink.dir/home/pi/pico/pico-sdk/src/rp2_common/pico_double/double_aeabi.S.obj
                0x00000000100034dc                __wrap___aeabi_dcmplt
 .text.__wrap___aeabi_dcmple
                0x00000000100034e8       0x10 CMakeFiles/myblink.dir/home/pi/pico/pico-sdk/src/rp2_common/pico_double/double_aeabi.S.obj
                0x00000000100034e8                __wrap___aeabi_dcmple
 .text.__wrap___aeabi_dcmpge
                0x00000000100034f8       0x10 CMakeFiles/myblink.dir/home/pi/pico/pico-sdk/src/rp2_common/pico_double/double_aeabi.S.obj
                0x00000000100034f8                __wrap___aeabi_dcmpge
 .text.__wrap___aeabi_dcmpgt
                0x0000000010003508        0xa CMakeFiles/myblink.dir/home/pi/pico/pico-sdk/src/rp2_common/pico_double/double_aeabi.S.obj
                0x0000000010003508                __wrap___aeabi_dcmpgt
 .text.__wrap___aeabi_dcmpun
                0x0000000010003512       0x1c CMakeFiles/myblink.dir/home/pi/pico/pico-sdk/src/rp2_common/pico_double/double_aeabi.S.obj
                0x0000000010003512                __wrap___aeabi_dcmpun
 *fill*         0x000000001000352e        0x2 
 .text.__wrap___aeabi_i2d
                0x0000000010003530       0x38 CMakeFiles/myblink.dir/home/pi/pico/pico-sdk/src/rp2_common/pico_double/double_aeabi.S.obj
                0x0000000010003530                __wrap___aeabi_ui2d
                0x0000000010003538                __wrap___aeabi_i2d
 .text.__wrap___aeabi_d2iz
                0x0000000010003568       0x48 CMakeFiles/myblink.dir/home/pi/pico/pico-sdk/src/rp2_common/pico_double/double_aeabi.S.obj
                0x0000000010003568                __wrap___aeabi_d2iz
                0x0000000010003568                double2int_z
 .text.__wrap___aeabi_d2uiz
                0x00000000100035b0       0x18 CMakeFiles/myblink.dir/home/pi/pico/pico-sdk/src/rp2_common/pico_double/double_aeabi.S.obj
                0x00000000100035b0                double2uint
                0x00000000100035b0                __wrap___aeabi_d2uiz
 .text.__aeabi_double_init
                0x00000000100035c8       0xc8 CMakeFiles/myblink.dir/home/pi/pico/pico-sdk/src/rp2_common/pico_double/double_init_rom.c.obj
                0x00000000100035c8                __aeabi_double_init
 .text.double_table_shim_on_use_helper
                0x0000000010003690       0x34 CMakeFiles/myblink.dir/home/pi/pico/pico-sdk/src/rp2_common/pico_double/double_v1_rom_shim.S.obj
                0x0000000010003690                double_table_shim_on_use_helper
 .text.__wrap___aeabi_dsub
                0x00000000100036c4       0x10 CMakeFiles/myblink.dir/home/pi/pico/pico-sdk/src/rp2_common/pico_double/double_v1_rom_shim.S.obj
                0x00000000100036c4                drsub_shim
                0x00000000100036ca                dsub_shim
 .text.dadd_shim
                0x00000000100036d4      0x15c CMakeFiles/myblink.dir/home/pi/pico/pico-sdk/src/rp2_common/pico_double/double_v1_rom_shim.S.obj
                0x00000000100036d4                dadd_shim
 .text.dmul_shim
                0x0000000010003830      0x15c CMakeFiles/myblink.dir/home/pi/pico/pico-sdk/src/rp2_common/pico_double/double_v1_rom_shim.S.obj
                0x0000000010003830                dmul_shim
 .text.ddiv_shim
                0x000000001000398c      0x1b0 CMakeFiles/myblink.dir/home/pi/pico/pico-sdk/src/rp2_common/pico_double/double_v1_rom_shim.S.obj
                0x000000001000398c                ddiv_shim
 .text.double2uint_shim
                0x0000000010003b3c        0xe CMakeFiles/myblink.dir/home/pi/pico/pico-sdk/src/rp2_common/pico_double/double_v1_rom_shim.S.obj
                0x0000000010003b3c                double2uint_shim
                0x0000000010003b3e                double2ufix_shim
 *fill*         0x0000000010003b4a        0x2 
 .text.double2uint64_shim
                0x0000000010003b4c       0x70 CMakeFiles/myblink.dir/home/pi/pico/pico-sdk/src/rp2_common/pico_double/double_v1_rom_shim.S.obj
                0x0000000010003b4c                double2uint64_shim
                0x0000000010003b4e                double2ufix64_shim
                0x0000000010003b6e                d2fix_a
 .text.dunpacks
                0x0000000010003bbc       0x3c CMakeFiles/myblink.dir/home/pi/pico/pico-sdk/src/rp2_common/pico_double/double_v1_rom_shim.S.obj
                0x0000000010003bbc                dunpacks
 .text.__aeabi_lmul
                0x0000000010003bf8       0x32 CMakeFiles/myblink.dir/home/pi/pico/pico-sdk/src/rp2_common/pico_int64_ops/pico_int64_ops_aeabi.S.obj
                0x0000000010003bf8                __wrap___aeabi_lmul
 *fill*         0x0000000010003c2a        0x2 
 .text.__aeabi_float_init
                0x0000000010003c2c       0xfc CMakeFiles/myblink.dir/home/pi/pico/pico-sdk/src/rp2_common/pico_float/float_init_rom.c.obj
                0x0000000010003c2c                __aeabi_float_init
 .text.float_table_shim_on_use_helper
                0x0000000010003d28       0x34 CMakeFiles/myblink.dir/home/pi/pico/pico-sdk/src/rp2_common/pico_float/float_v1_rom_shim.S.obj
                0x0000000010003d28                float_table_shim_on_use_helper
 .text          0x0000000010003d5c       0x10 CMakeFiles/myblink.dir/home/pi/pico/pico-sdk/src/rp2_common/pico_mem_ops/mem_ops_aeabi.S.obj
                0x0000000010003d5c                __aeabi_mem_init
 .text.memset   0x0000000010003d6c        0xc CMakeFiles/myblink.dir/home/pi/pico/pico-sdk/src/rp2_common/pico_mem_ops/mem_ops_aeabi.S.obj
                0x0000000010003d6c                __wrap_memset
 .text.memcpy   0x0000000010003d78        0xc CMakeFiles/myblink.dir/home/pi/pico/pico-sdk/src/rp2_common/pico_mem_ops/mem_ops_aeabi.S.obj
                0x0000000010003d78                __wrap___aeabi_memcpy
                0x0000000010003d78                __wrap_memcpy
 .text.stdio_out_chars_no_crlf
                0x0000000010003d84        0xe CMakeFiles/myblink.dir/home/pi/pico/pico-sdk/src/rp2_common/pico_stdio/stdio.c.obj
 *fill*         0x0000000010003d92        0x2 
 .text.stdio_out_chars_crlf
                0x0000000010003d94       0x80 CMakeFiles/myblink.dir/home/pi/pico/pico-sdk/src/rp2_common/pico_stdio/stdio.c.obj
 .text.stdio_stack_buffer_flush
                0x0000000010003e14       0x44 CMakeFiles/myblink.dir/home/pi/pico/pico-sdk/src/rp2_common/pico_stdio/stdio.c.obj
 .text.stdio_buffered_printer
                0x0000000010003e58       0x20 CMakeFiles/myblink.dir/home/pi/pico/pico-sdk/src/rp2_common/pico_stdio/stdio.c.obj
 .text.stdout_serialize_begin
                0x0000000010003e78       0x30 CMakeFiles/myblink.dir/home/pi/pico/pico-sdk/src/rp2_common/pico_stdio/stdio.c.obj
                0x0000000010003e78                stdout_serialize_begin
 .text.stdout_serialize_end
                0x0000000010003ea8       0x10 CMakeFiles/myblink.dir/home/pi/pico/pico-sdk/src/rp2_common/pico_stdio/stdio.c.obj
                0x0000000010003ea8                stdout_serialize_end
 .text.stdio_put_string
                0x0000000010003eb8       0x94 CMakeFiles/myblink.dir/home/pi/pico/pico-sdk/src/rp2_common/pico_stdio/stdio.c.obj
 .text.stdio_flush
                0x0000000010003f4c       0x20 CMakeFiles/myblink.dir/home/pi/pico/pico-sdk/src/rp2_common/pico_stdio/stdio.c.obj
                0x0000000010003f4c                stdio_flush
 .text.__wrap_puts
                0x0000000010003f6c       0x1e CMakeFiles/myblink.dir/home/pi/pico/pico-sdk/src/rp2_common/pico_stdio/stdio.c.obj
                0x0000000010003f6c                __wrap_puts
 *fill*         0x0000000010003f8a        0x2 
 .text.__wrap_vprintf
                0x0000000010003f8c       0x44 CMakeFiles/myblink.dir/home/pi/pico/pico-sdk/src/rp2_common/pico_stdio/stdio.c.obj
                0x0000000010003f8c                __wrap_vprintf
 .text.__wrap_printf
                0x0000000010003fd0       0x18 CMakeFiles/myblink.dir/home/pi/pico/pico-sdk/src/rp2_common/pico_stdio/stdio.c.obj
                0x0000000010003fd0                __wrap_printf
 .text._retrieve_unique_id_on_boot
                0x0000000010003fe8       0x10 CMakeFiles/myblink.dir/home/pi/pico/pico-sdk/src/rp2_common/pico_unique_id/unique_id.c.obj
 .text.flash_get_unique_id
                0x0000000010003ff8       0x40 CMakeFiles/myblink.dir/home/pi/pico/pico-sdk/src/rp2_common/hardware_flash/flash.c.obj
                0x0000000010003ff8                flash_get_unique_id
 .text          0x0000000010004038       0x68 /usr/lib/gcc/arm-none-eabi/8.3.1/../../../arm-none-eabi/lib/thumb/v6-m/nofp/libg.a(lib_a-strlen-stub.o)
                0x0000000010004038                strlen
 *(.fini)
 .fini          0x00000000100040a0        0x4 /usr/lib/gcc/arm-none-eabi/8.3.1/thumb/v6-m/nofp/crti.o
                0x00000000100040a0                _fini
 *fill*         0x00000000100040a4        0x4 
 .fini.__stub   0x00000000100040a8       0x60 linker stubs
 *crtbegin.o(.ctors)
 *crtbegin?.o(.ctors)
 *(EXCLUDE_FILE(*crtend.o *crtend?.o) .ctors)
 *(SORT_BY_NAME(.ctors.*))
 *(.ctors)
 *crtbegin.o(.dtors)
 *crtbegin?.o(.dtors)
 *(EXCLUDE_FILE(*crtend.o *crtend?.o) .dtors)
 *(SORT_BY_NAME(.dtors.*))
 *(.dtors)
 *(.eh_frame*)
 .eh_frame      0x0000000010004108        0x0 /usr/lib/gcc/arm-none-eabi/8.3.1/thumb/v6-m/nofp/crtbegin.o
                0x0000000010004108                . = ALIGN (0x4)

.glue_7         0x0000000010004108        0x0
 .glue_7        0x0000000010004108        0x0 linker stubs

.glue_7t        0x0000000010004108        0x0
 .glue_7t       0x0000000010004108        0x0 linker stubs

.vfp11_veneer   0x0000000010004108        0x0
 .vfp11_veneer  0x0000000010004108        0x0 linker stubs

.v4_bx          0x0000000010004108        0x0
 .v4_bx         0x0000000010004108        0x0 linker stubs

.iplt           0x0000000010004108        0x0
 .iplt          0x0000000010004108        0x0 /usr/lib/gcc/arm-none-eabi/8.3.1/thumb/v6-m/nofp/crtbegin.o

.rodata         0x0000000010004108      0xf30
 *(EXCLUDE_FILE(*libm.a: *libc.a:*lib_a-mem*.o *libgcc.a:) .rodata*)
 .rodata.__func__.5751
                0x0000000010004108       0x15 CMakeFiles/myblink.dir/home/pi/pico/pico-sdk/src/common/pico_time/time.c.obj
 *fill*         0x000000001000411d        0x3 
 .rodata.__func__.6057
                0x0000000010004120        0xc CMakeFiles/myblink.dir/home/pi/pico/pico-sdk/src/common/pico_time/time.c.obj
 .rodata.__func__.6064
                0x000000001000412c       0x12 CMakeFiles/myblink.dir/home/pi/pico/pico-sdk/src/common/pico_time/time.c.obj
 *fill*         0x000000001000413e        0x2 
 .rodata.__func__.6080
                0x0000000010004140        0xf CMakeFiles/myblink.dir/home/pi/pico/pico-sdk/src/common/pico_time/time.c.obj
 *fill*         0x000000001000414f        0x1 
 .rodata.__func__.6102
                0x0000000010004150        0xd CMakeFiles/myblink.dir/home/pi/pico/pico-sdk/src/common/pico_time/time.c.obj
 *fill*         0x000000001000415d        0x3 
 .rodata.__func__.6326
                0x0000000010004160        0xa CMakeFiles/myblink.dir/home/pi/pico/pico-sdk/src/common/pico_time/time.c.obj
 *fill*         0x000000001000416a        0x2 
 .rodata.__func__.6331
                0x000000001000416c       0x12 CMakeFiles/myblink.dir/home/pi/pico/pico-sdk/src/common/pico_time/time.c.obj
 *fill*         0x000000001000417e        0x2 
 .rodata.__func__.6346
                0x0000000010004180       0x17 CMakeFiles/myblink.dir/home/pi/pico/pico-sdk/src/common/pico_time/time.c.obj
 *fill*         0x0000000010004197        0x1 
 .rodata.__func__.6357
                0x0000000010004198       0x15 CMakeFiles/myblink.dir/home/pi/pico/pico-sdk/src/common/pico_time/time.c.obj
 *fill*         0x00000000100041ad        0x3 
 .rodata.__func__.6374
                0x00000000100041b0       0x1a CMakeFiles/myblink.dir/home/pi/pico/pico-sdk/src/common/pico_time/time.c.obj
 *fill*         0x00000000100041ca        0x2 
 .rodata.add_alarm_under_lock.str1.4
                0x00000000100041cc       0x28 CMakeFiles/myblink.dir/home/pi/pico/pico-sdk/src/common/pico_time/time.c.obj
                                         0x2b (size before relaxing)
 .rodata.alarm_pool_alarm_callback.str1.4
                0x00000000100041f4       0xe2 CMakeFiles/myblink.dir/home/pi/pico/pico-sdk/src/common/pico_time/time.c.obj
 *fill*         0x00000000100042d6        0x2 
 .rodata.alarm_pool_dump_key.str1.4
                0x00000000100042d8       0x33 CMakeFiles/myblink.dir/home/pi/pico/pico-sdk/src/common/pico_time/time.c.obj
 *fill*         0x000000001000430b        0x1 
 .rodata.alarm_pool_get_default.str1.4
                0x000000001000430c       0x21 CMakeFiles/myblink.dir/home/pi/pico/pico-sdk/src/common/pico_time/time.c.obj
 *fill*         0x000000001000432d        0x3 
 .rodata.ph_add_child_node.str1.4
                0x0000000010004330       0x92 CMakeFiles/myblink.dir/home/pi/pico/pico-sdk/src/common/pico_time/time.c.obj
 *fill*         0x00000000100043c2        0x2 
 .rodata.repeating_timer_callback.str1.4
                0x00000000100043c4       0x47 CMakeFiles/myblink.dir/home/pi/pico/pico-sdk/src/common/pico_time/time.c.obj
 *fill*         0x000000001000440b        0x1 
 .rodata.sleep_until.str1.4
                0x000000001000440c       0x4d CMakeFiles/myblink.dir/home/pi/pico/pico-sdk/src/common/pico_time/time.c.obj
 *fill*         0x0000000010004459        0x3 
 .rodata.__func__.4609
                0x000000001000445c       0x1a CMakeFiles/myblink.dir/home/pi/pico/pico-sdk/src/rp2_common/hardware_timer/timer.c.obj
 *fill*         0x0000000010004476        0x2 
 .rodata.hardware_alarm_claim.str1.4
                0x0000000010004478       0x22 CMakeFiles/myblink.dir/home/pi/pico/pico-sdk/src/rp2_common/hardware_timer/timer.c.obj
 *fill*         0x000000001000449a        0x2 
 .rodata.hardware_alarm_set_target.str1.4
                0x000000001000449c       0x61 CMakeFiles/myblink.dir/home/pi/pico/pico-sdk/src/rp2_common/hardware_timer/timer.c.obj
 *fill*         0x00000000100044fd        0x3 
 .rodata.__func__.4750
                0x0000000010004500        0xb CMakeFiles/myblink.dir/home/pi/pico/pico-sdk/src/common/pico_sync/mutex.c.obj
 *fill*         0x000000001000450b        0x1 
 .rodata.str1.4
                0x000000001000450c       0x85 CMakeFiles/myblink.dir/home/pi/pico/pico-sdk/src/common/pico_sync/mutex.c.obj
                                         0xe5 (size before relaxing)
 *fill*         0x0000000010004591        0x3 
 .rodata.__func__.5758
                0x0000000010004594        0xc CMakeFiles/myblink.dir/home/pi/pico/pico-sdk/src/common/pico_util/pheap.c.obj
 .rodata.__func__.5765
                0x00000000100045a0       0x12 CMakeFiles/myblink.dir/home/pi/pico/pico-sdk/src/common/pico_util/pheap.c.obj
 *fill*         0x00000000100045b2        0x2 
 .rodata.__func__.5851
                0x00000000100045b4       0x13 CMakeFiles/myblink.dir/home/pi/pico/pico-sdk/src/common/pico_util/pheap.c.obj
 *fill*         0x00000000100045c7        0x1 
 .rodata.__func__.5869
                0x00000000100045c8       0x18 CMakeFiles/myblink.dir/home/pi/pico/pico-sdk/src/common/pico_util/pheap.c.obj
 .rodata.ph_add_child_node.str1.4
                0x00000000100045e0       0x92 CMakeFiles/myblink.dir/home/pi/pico/pico-sdk/src/common/pico_util/pheap.c.obj
 .rodata.ph_remove_and_free_node.str1.4
                0x00000000100045e0       0x26 CMakeFiles/myblink.dir/home/pi/pico/pico-sdk/src/common/pico_util/pheap.c.obj
 *fill*         0x0000000010004606        0x2 
 .rodata.ph_remove_any_head.str1.4
                0x0000000010004608       0x88 CMakeFiles/myblink.dir/home/pi/pico/pico-sdk/src/common/pico_util/pheap.c.obj
 .rodata.__assert_func.str1.4
                0x0000000010004690       0x3f CMakeFiles/myblink.dir/home/pi/pico/pico-sdk/src/rp2_common/pico_runtime/runtime.c.obj
                                         0x43 (size before relaxing)
 *fill*         0x00000000100046cf        0x1 
 .rodata.__func__.5866
                0x00000000100046d0        0xd CMakeFiles/myblink.dir/home/pi/pico/pico-sdk/src/rp2_common/pico_runtime/runtime.c.obj
 *fill*         0x00000000100046dd        0x3 
 .rodata.panic.str1.4
                0x00000000100046e0       0x12 CMakeFiles/myblink.dir/home/pi/pico/pico-sdk/src/rp2_common/pico_runtime/runtime.c.obj
 *fill*         0x00000000100046f2        0x2 
 .rodata.runtime_init.str1.4
                0x00000000100046f4       0x5d CMakeFiles/myblink.dir/home/pi/pico/pico-sdk/src/rp2_common/pico_runtime/runtime.c.obj
 *fill*         0x0000000010004751        0x3 
 .rodata.__func__.4738
                0x0000000010004754       0x10 CMakeFiles/myblink.dir/home/pi/pico/pico-sdk/src/rp2_common/hardware_clocks/clocks.c.obj
 .rodata.clock_configure.str1.4
                0x0000000010004764       0x53 CMakeFiles/myblink.dir/home/pi/pico/pico-sdk/src/rp2_common/hardware_clocks/clocks.c.obj
 *fill*         0x00000000100047b7        0x1 
 .rodata.__func__.4783
                0x00000000100047b8       0x1a CMakeFiles/myblink.dir/home/pi/pico/pico-sdk/src/rp2_common/hardware_irq/irq.c.obj
 *fill*         0x00000000100047d2        0x2 
 .rodata.__func__.4797
                0x00000000100047d4        0xc CMakeFiles/myblink.dir/home/pi/pico/pico-sdk/src/rp2_common/hardware_irq/irq.c.obj
 .rodata.__func__.4805
                0x00000000100047e0       0x17 CMakeFiles/myblink.dir/home/pi/pico/pico-sdk/src/rp2_common/hardware_irq/irq.c.obj
 *fill*         0x00000000100047f7        0x1 
 .rodata.__func__.4809
                0x00000000100047f8        0xf CMakeFiles/myblink.dir/home/pi/pico/pico-sdk/src/rp2_common/hardware_irq/irq.c.obj
 *fill*         0x0000000010004807        0x1 
 .rodata.__func__.4848
                0x0000000010004808       0x13 CMakeFiles/myblink.dir/home/pi/pico/pico-sdk/src/rp2_common/hardware_irq/irq.c.obj
 *fill*         0x000000001000481b        0x1 
 .rodata.__func__.4871
                0x000000001000481c       0x1a CMakeFiles/myblink.dir/home/pi/pico/pico-sdk/src/rp2_common/hardware_irq/irq.c.obj
 *fill*         0x0000000010004836        0x2 
 .rodata.irq_add_shared_handler.str1.4
                0x0000000010004838       0xd9 CMakeFiles/myblink.dir/home/pi/pico/pico-sdk/src/rp2_common/hardware_irq/irq.c.obj
 *fill*         0x0000000010004911        0x3 
 .rodata.irq_add_tail_to_free_list.str1.4
                0x0000000010004914       0x32 CMakeFiles/myblink.dir/home/pi/pico/pico-sdk/src/rp2_common/hardware_irq/irq.c.obj
                                         0x3a (size before relaxing)
 *fill*         0x0000000010004946        0x2 
 .rodata.irq_remove_handler.str1.4
                0x0000000010004948       0x2a CMakeFiles/myblink.dir/home/pi/pico/pico-sdk/src/rp2_common/hardware_irq/irq.c.obj
 *fill*         0x0000000010004972        0x2 
 .rodata.irq_set_exclusive_handler.str1.4
                0x0000000010004974       0x36 CMakeFiles/myblink.dir/home/pi/pico/pico-sdk/src/rp2_common/hardware_irq/irq.c.obj
 *fill*         0x00000000100049aa        0x2 
 .rodata.make_branch.str1.4
                0x00000000100049ac       0x49 CMakeFiles/myblink.dir/home/pi/pico/pico-sdk/src/rp2_common/hardware_irq/irq.c.obj
 *fill*         0x00000000100049f5        0x3 
 .rodata.__func__.4458
                0x00000000100049f8        0x9 CMakeFiles/myblink.dir/home/pi/pico/pico-sdk/src/rp2_common/hardware_pll/pll.c.obj
 *fill*         0x0000000010004a01        0x3 
 .rodata.pll_init.str1.4
                0x0000000010004a04       0xd7 CMakeFiles/myblink.dir/home/pi/pico/pico-sdk/src/rp2_common/hardware_pll/pll.c.obj
 *fill*         0x0000000010004adb        0x1 
 .rodata._vsnprintf
                0x0000000010004adc      0x1e0 CMakeFiles/myblink.dir/home/pi/pico/pico-sdk/src/rp2_common/pico_printf/printf.c.obj
 .rodata._ftoa.str1.4
                0x0000000010004cbc       0x15 CMakeFiles/myblink.dir/home/pi/pico/pico-sdk/src/rp2_common/pico_printf/printf.c.obj
 *fill*         0x0000000010004cd1        0x7 
 .rodata.pow10.5472
                0x0000000010004cd8       0x50 CMakeFiles/myblink.dir/home/pi/pico/pico-sdk/src/rp2_common/pico_printf/printf.c.obj
 .rodata.__aeabi_double_init.str1.4
                0x0000000010004d28       0xa4 CMakeFiles/myblink.dir/home/pi/pico/pico-sdk/src/rp2_common/pico_double/double_init_rom.c.obj
 .rodata.__func__.4769
                0x0000000010004dcc       0x14 CMakeFiles/myblink.dir/home/pi/pico/pico-sdk/src/rp2_common/pico_double/double_init_rom.c.obj
 .rodata.__aeabi_float_init.str1.4
                0x0000000010004de0       0x76 CMakeFiles/myblink.dir/home/pi/pico/pico-sdk/src/rp2_common/pico_float/float_init_rom.c.obj
                                         0x7a (size before relaxing)
 *fill*         0x0000000010004e56        0x2 
 .rodata.__func__.4770
                0x0000000010004e58       0x13 CMakeFiles/myblink.dir/home/pi/pico/pico-sdk/src/rp2_common/pico_float/float_init_rom.c.obj
 *fill*         0x0000000010004e6b        0x1 
 .rodata.__bi_44
                0x0000000010004e6c        0xc CMakeFiles/myblink.dir/home/pi/pico/pico-sdk/src/rp2_common/pico_standard_link/binary_info.c.obj
 .rodata.__bi_75
                0x0000000010004e78        0xc CMakeFiles/myblink.dir/home/pi/pico/pico-sdk/src/rp2_common/pico_standard_link/binary_info.c.obj
 .rodata.__bi_81
                0x0000000010004e84        0xc CMakeFiles/myblink.dir/home/pi/pico/pico-sdk/src/rp2_common/pico_standard_link/binary_info.c.obj
 .rodata.str1.4
                0x0000000010004e90       0x3c CMakeFiles/myblink.dir/home/pi/pico/pico-sdk/src/rp2_common/pico_standard_link/binary_info.c.obj
 .rodata.crlf_str.6106
                0x0000000010004ecc        0x2 CMakeFiles/myblink.dir/home/pi/pico/pico-sdk/src/rp2_common/pico_stdio/stdio.c.obj
 *fill*         0x0000000010004ece        0x2 
 .rodata.__func__.4511
                0x0000000010004ed0        0xd CMakeFiles/myblink.dir/home/pi/pico/pico-sdk/src/rp2_common/hardware_flash/flash.c.obj
 *fill*         0x0000000010004edd        0x3 
 .rodata.str1.4
                0x0000000010004ee0      0x156 CMakeFiles/myblink.dir/home/pi/pico/pico-sdk/src/rp2_common/hardware_flash/flash.c.obj
                0x0000000010005038                . = ALIGN (0x4)
 *fill*         0x0000000010005036        0x2 
 *(SORT_BY_ALIGNMENT(SORT_BY_NAME(.flashdata*)))
                0x0000000010005038                . = ALIGN (0x4)

.rel.dyn        0x0000000010005038        0x0
 .rel.iplt      0x0000000010005038        0x0 /usr/lib/gcc/arm-none-eabi/8.3.1/thumb/v6-m/nofp/crtbegin.o

.ARM.extab
 *(.ARM.extab* .gnu.linkonce.armextab.*)
                0x0000000010005038                __exidx_start = .

.ARM.exidx
 *(.ARM.exidx* .gnu.linkonce.armexidx.*)
                0x0000000010005038                __exidx_end = .
                0x0000000010005038                . = ALIGN (0x4)
                0x0000000010005038                __binary_info_start = .

.binary_info    0x0000000010005038       0x1c
 *(.binary_info.keep.*)
 .binary_info.keep.__bi_ptr22
                0x0000000010005038        0x4 CMakeFiles/myblink.dir/home/pi/pico/pico-sdk/src/rp2_common/pico_standard_link/binary_info.c.obj
 .binary_info.keep.__bi_ptr30
                0x000000001000503c        0x4 CMakeFiles/myblink.dir/home/pi/pico/pico-sdk/src/rp2_common/pico_standard_link/binary_info.c.obj
 .binary_info.keep.__bi_ptr38
                0x0000000010005040        0x4 CMakeFiles/myblink.dir/home/pi/pico/pico-sdk/src/rp2_common/pico_standard_link/binary_info.c.obj
 .binary_info.keep.__bi_ptr44
                0x0000000010005044        0x4 CMakeFiles/myblink.dir/home/pi/pico/pico-sdk/src/rp2_common/pico_standard_link/binary_info.c.obj
 .binary_info.keep.__bi_ptr50
                0x0000000010005048        0x4 CMakeFiles/myblink.dir/home/pi/pico/pico-sdk/src/rp2_common/pico_standard_link/binary_info.c.obj
 .binary_info.keep.__bi_ptr75
                0x000000001000504c        0x4 CMakeFiles/myblink.dir/home/pi/pico/pico-sdk/src/rp2_common/pico_standard_link/binary_info.c.obj
 .binary_info.keep.__bi_ptr81
                0x0000000010005050        0x4 CMakeFiles/myblink.dir/home/pi/pico/pico-sdk/src/rp2_common/pico_standard_link/binary_info.c.obj
 *(.binary_info.*)
                0x0000000010005054                __binary_info_end = .
                0x0000000010005054                . = ALIGN (0x4)
                0x0000000010005054                __etext = .

.ram_vector_table
                0x0000000020000000       0xc0
 *(.ram_vector_table)
 .ram_vector_table
                0x0000000020000000       0xc0 CMakeFiles/myblink.dir/home/pi/pico/pico-sdk/src/rp2_common/pico_runtime/runtime.c.obj
                0x0000000020000000                ram_vector_table

.data           0x00000000200000c0      0x2f0 load address 0x0000000010005054
                0x00000000200000c0                __data_start__ = .
 *(vtable)
 *(.time_critical*)
 .time_critical.mutex_enter_blocking
                0x00000000200000c0       0x48 CMakeFiles/myblink.dir/home/pi/pico/pico-sdk/src/common/pico_sync/mutex.c.obj
                0x00000000200000c0                mutex_enter_blocking
 .time_critical.mutex_try_enter
                0x0000000020000108       0x48 CMakeFiles/myblink.dir/home/pi/pico/pico-sdk/src/common/pico_sync/mutex.c.obj
                0x0000000020000108                mutex_try_enter
 .time_critical.mutex_exit
                0x0000000020000150       0x4c CMakeFiles/myblink.dir/home/pi/pico/pico-sdk/src/common/pico_sync/mutex.c.obj
                0x0000000020000150                mutex_exit
 .time_critical.flash_init_boot2_copyout
                0x000000002000019c       0x30 CMakeFiles/myblink.dir/home/pi/pico/pico-sdk/src/rp2_common/hardware_flash/flash.c.obj
 .time_critical.flash_enable_xip_via_boot2
                0x00000000200001cc       0x10 CMakeFiles/myblink.dir/home/pi/pico/pico-sdk/src/rp2_common/hardware_flash/flash.c.obj
 .time_critical.flash_cs_force
                0x00000000200001dc       0x28 CMakeFiles/myblink.dir/home/pi/pico/pico-sdk/src/rp2_common/hardware_flash/flash.c.obj
 .time_critical.flash_do_cmd
                0x0000000020000204       0xd4 CMakeFiles/myblink.dir/home/pi/pico/pico-sdk/src/rp2_common/hardware_flash/flash.c.obj
                0x0000000020000204                flash_do_cmd
 *(.text*)
 .text          0x00000000200002d8        0x4 /usr/lib/gcc/arm-none-eabi/8.3.1/thumb/v6-m/nofp/libgcc.a(_dvmd_tls.o)
                0x00000000200002d8                __aeabi_ldiv0
                0x00000000200002d8                __aeabi_idiv0
 *fill*         0x00000000200002dc        0x4 
 .text.__stub   0x00000000200002e0       0x10 linker stubs
                0x00000000200002f0                . = ALIGN (0x4)
 *(.rodata*)
                0x00000000200002f0                . = ALIGN (0x4)
 *(.data*)
 .data.striped_spin_lock_num
                0x00000000200002f0        0x1 CMakeFiles/myblink.dir/home/pi/pico/pico-sdk/src/rp2_common/hardware_sync/sync.c.obj
 *fill*         0x00000000200002f1        0x3 
 .data.default_alarm_pool
                0x00000000200002f4       0x18 CMakeFiles/myblink.dir/home/pi/pico/pico-sdk/src/common/pico_time/time.c.obj
 .data.default_alarm_pool_heap
                0x000000002000030c       0x10 CMakeFiles/myblink.dir/home/pi/pico/pico-sdk/src/common/pico_time/time.c.obj
 .data          0x000000002000031c       0x48 CMakeFiles/myblink.dir/home/pi/pico/pico-sdk/src/rp2_common/hardware_irq/irq_handler_chain.S.obj
                0x000000002000031c                irq_handler_chain_slots
                0x000000002000034c                irq_handler_chain_first_slot
                0x0000000020000356                irq_handler_chain_remove_tail
 *fill*         0x0000000020000364        0xc 
 .data.aeabi_bits_funcs
                0x0000000020000370       0x10 CMakeFiles/myblink.dir/home/pi/pico/pico-sdk/src/rp2_common/pico_bit_ops/bit_ops_aeabi.S.obj
                0x0000000020000370                aeabi_bits_funcs
                0x0000000020000380                aeabi_bits_funcs_end
 .data.aeabi_mem_funcs
                0x0000000020000380       0x10 CMakeFiles/myblink.dir/home/pi/pico/pico-sdk/src/rp2_common/pico_mem_ops/mem_ops_aeabi.S.obj
                0x0000000020000380                aeabi_mem_funcs
                0x0000000020000390                aeabi_mem_funcs_end
                0x0000000020000390                . = ALIGN (0x4)
 *(.after_data.*)
                0x0000000020000390                . = ALIGN (0x4)
                0x0000000020000390                PROVIDE (__mutex_array_start = .)
 *(SORT_BY_NAME(.mutex_array.*))
 *(.mutex_array)
 .mutex_array   0x0000000020000390        0x8 CMakeFiles/myblink.dir/home/pi/pico/pico-sdk/src/rp2_common/pico_stdio/stdio.c.obj
                0x0000000020000398                PROVIDE (__mutex_array_end = .)
                0x0000000020000398                . = ALIGN (0x4)
                0x0000000020000398                PROVIDE (__preinit_array_start = .)
 *(SORT_BY_NAME(.preinit_array.*))
 .preinit_array.00001
                0x0000000020000398        0x4 CMakeFiles/myblink.dir/home/pi/pico/pico-sdk/src/rp2_common/pico_mem_ops/mem_ops_aeabi.S.obj
 .preinit_array.00010
                0x000000002000039c        0x4 CMakeFiles/myblink.dir/home/pi/pico/pico-sdk/src/rp2_common/pico_bit_ops/bit_ops_aeabi.S.obj
 .preinit_array.00020
                0x00000000200003a0        0x4 CMakeFiles/myblink.dir/home/pi/pico/pico-sdk/src/rp2_common/pico_double/double_aeabi.S.obj
 .preinit_array.00020
                0x00000000200003a4        0x4 CMakeFiles/myblink.dir/home/pi/pico/pico-sdk/src/rp2_common/pico_float/float_aeabi.S.obj
 *(.preinit_array)
                0x00000000200003a8                PROVIDE (__preinit_array_end = .)
                0x00000000200003a8                . = ALIGN (0x4)
                0x00000000200003a8                PROVIDE (__init_array_start = .)
 *(SORT_BY_NAME(.init_array.*))
 *(.init_array)
 .init_array    0x00000000200003a8        0x4 /usr/lib/gcc/arm-none-eabi/8.3.1/thumb/v6-m/nofp/crtbegin.o
 .init_array    0x00000000200003ac        0x4 CMakeFiles/myblink.dir/home/pi/pico/pico-sdk/src/rp2_common/pico_unique_id/unique_id.c.obj
                0x00000000200003b0                PROVIDE (__init_array_end = .)
                0x00000000200003b0                . = ALIGN (0x4)
                0x00000000200003b0                PROVIDE (__fini_array_start = .)
 *(SORT_BY_NAME(.fini_array.*))
 *(.fini_array)
                0x00000000200003b0                PROVIDE (__fini_array_end = .)
 *(.jcr)
                0x00000000200003b0                . = ALIGN (0x4)
                0x00000000200003b0                __data_end__ = .

.tm_clone_table
                0x00000000200003b0        0x0 load address 0x0000000010005344
 .tm_clone_table
                0x00000000200003b0        0x0 /usr/lib/gcc/arm-none-eabi/8.3.1/thumb/v6-m/nofp/crtbegin.o
 .tm_clone_table
                0x00000000200003b0        0x0 /usr/lib/gcc/arm-none-eabi/8.3.1/thumb/v6-m/nofp/crtend.o

.igot.plt       0x00000000200003b0        0x0 load address 0x0000000010005344
 .igot.plt      0x00000000200003b0        0x0 /usr/lib/gcc/arm-none-eabi/8.3.1/thumb/v6-m/nofp/crtbegin.o

.uninitialized_data
                0x00000000200003b0        0x0 load address 0x0000000010005344
                0x00000000200003b0                . = ALIGN (0x4)
 *(.uninitialized_data*)

.scratch_x      0x0000000020040000        0x0 load address 0x0000000010005344
                0x0000000020040000                __scratch_x_start__ = .
 *(.scratch_x.*)
                0x0000000020040000                . = ALIGN (0x4)
                0x0000000020040000                __scratch_x_end__ = .
                0x0000000010005344                __scratch_x_source__ = LOADADDR (.scratch_x)

.scratch_y      0x0000000020041000        0x0 load address 0x0000000010005344
                0x0000000020041000                __scratch_y_start__ = .
 *(.scratch_y.*)
                0x0000000020041000                . = ALIGN (0x4)
                0x0000000020041000                __scratch_y_end__ = .
                0x0000000010005344                __scratch_y_source__ = LOADADDR (.scratch_y)

.bss            0x00000000200003b0      0x4d0
                0x00000000200003b0                . = ALIGN (0x4)
                0x00000000200003b0                __bss_start__ = .
 *(SORT_BY_ALIGNMENT(SORT_BY_NAME(.bss*)))
 .bss.default_alarm_pool_entries
                0x00000000200003b0      0x100 CMakeFiles/myblink.dir/home/pi/pico/pico-sdk/src/common/pico_time/time.c.obj
 .bss           0x00000000200004b0       0x1c /usr/lib/gcc/arm-none-eabi/8.3.1/thumb/v6-m/nofp/crtbegin.o
 .bss.alarm_callbacks
                0x00000000200004cc       0x10 CMakeFiles/myblink.dir/home/pi/pico/pico-sdk/src/rp2_common/hardware_timer/timer.c.obj
 .bss.boot2_copyout
                0x00000000200004dc      0x100 CMakeFiles/myblink.dir/home/pi/pico/pico-sdk/src/rp2_common/hardware_flash/flash.c.obj
 .bss.configured_freq
                0x00000000200005dc       0x28 CMakeFiles/myblink.dir/home/pi/pico/pico-sdk/src/rp2_common/hardware_clocks/clocks.c.obj
 .bss.default_alarm_pool_entry_ids_high
                0x0000000020000604       0x10 CMakeFiles/myblink.dir/home/pi/pico/pico-sdk/src/common/pico_time/time.c.obj
 .bss.default_alarm_pool_heap_nodes
                0x0000000020000614       0x30 CMakeFiles/myblink.dir/home/pi/pico/pico-sdk/src/common/pico_time/time.c.obj
 .bss.drivers   0x0000000020000644        0x4 CMakeFiles/myblink.dir/home/pi/pico/pico-sdk/src/rp2_common/pico_stdio/stdio.c.obj
 .bss.filter    0x0000000020000648        0x4 CMakeFiles/myblink.dir/home/pi/pico/pico-sdk/src/rp2_common/pico_stdio/stdio.c.obj
 .bss.pools     0x000000002000064c       0x10 CMakeFiles/myblink.dir/home/pi/pico/pico-sdk/src/common/pico_time/time.c.obj
 .bss.retrieved_id
                0x000000002000065c        0x8 CMakeFiles/myblink.dir/home/pi/pico/pico-sdk/src/rp2_common/pico_unique_id/unique_id.c.obj
 .bss.sf_clz_func
                0x0000000020000664        0x4 CMakeFiles/myblink.dir/home/pi/pico/pico-sdk/src/rp2_common/pico_double/double_init_rom.c.obj
                0x0000000020000664                sf_clz_func
 .bss.sleep_notifier
                0x0000000020000668        0x4 CMakeFiles/myblink.dir/home/pi/pico/pico-sdk/src/common/pico_time/time.c.obj
 .bss.target_hi
                0x000000002000066c       0x10 CMakeFiles/myblink.dir/home/pi/pico/pico-sdk/src/rp2_common/hardware_timer/timer.c.obj
 .bss.boot2_copyout_valid
                0x000000002000067c        0x1 CMakeFiles/myblink.dir/home/pi/pico/pico-sdk/src/rp2_common/hardware_flash/flash.c.obj
 .bss.claimed   0x000000002000067d        0x1 CMakeFiles/myblink.dir/home/pi/pico/pico-sdk/src/rp2_common/hardware_timer/timer.c.obj
 .bss.irq_hander_chain_free_slot_head
                0x000000002000067e        0x1 CMakeFiles/myblink.dir/home/pi/pico/pico-sdk/src/rp2_common/hardware_irq/irq.c.obj
 .bss.timer_callbacks_pending
                0x000000002000067f        0x1 CMakeFiles/myblink.dir/home/pi/pico/pico-sdk/src/rp2_common/hardware_timer/timer.c.obj
 *(COMMON)
 COMMON         0x0000000020000680      0x100 CMakeFiles/myblink.dir/home/pi/pico/pico-sdk/src/rp2_common/pico_double/double_init_rom.c.obj
                0x0000000020000680                sd_table
 COMMON         0x0000000020000780      0x100 CMakeFiles/myblink.dir/home/pi/pico/pico-sdk/src/rp2_common/pico_float/float_init_rom.c.obj
                0x0000000020000780                sf_table
                0x0000000020000880                . = ALIGN (0x4)
                0x0000000020000880                __bss_end__ = .

.heap           0x0000000020000880      0x800
                0x0000000020000880                __end__ = .
                0x0000000020000880                end = __end__
 *(.heap*)
 .heap          0x0000000020000880      0x800 CMakeFiles/myblink.dir/home/pi/pico/pico-sdk/src/rp2_common/pico_standard_link/crt0.S.obj
                0x0000000020001080                __HeapLimit = .

.stack1_dummy   0x0000000020040000        0x0
 *(.stack1*)

.stack_dummy    0x0000000020041000      0x800
 *(.stack*)
 .stack         0x0000000020041000      0x800 CMakeFiles/myblink.dir/home/pi/pico/pico-sdk/src/rp2_common/pico_standard_link/crt0.S.obj

.flash_end      0x0000000010005344        0x0
                0x0000000010005344                __flash_binary_end = .
                0x0000000020040000                __StackLimit = (ORIGIN (RAM) + LENGTH (RAM))
                0x0000000020041000                __StackOneTop = (ORIGIN (SCRATCH_X) + LENGTH (SCRATCH_X))
                0x0000000020042000                __StackTop = (ORIGIN (SCRATCH_Y) + LENGTH (SCRATCH_Y))
                0x0000000020041000                __StackOneBottom = (__StackOneTop - SIZEOF (.stack1_dummy))
                0x0000000020041800                __StackBottom = (__StackTop - SIZEOF (.stack_dummy))
                0x0000000020042000                PROVIDE (__stack = __StackTop)
                0x0000000000000001                ASSERT ((__StackLimit >= __HeapLimit), region RAM overflowed)
                0x0000000000000001                ASSERT (((__binary_info_header_end - __logical_binary_start) <= 0x100), Binary info must be in first 256 bytes of the binary)
LOAD CMakeFiles/myblink.dir/myblink.c.obj
LOAD CMakeFiles/myblink.dir/home/pi/pico/pico-sdk/src/rp2_common/pico_stdlib/stdlib.c.obj
LOAD CMakeFiles/myblink.dir/home/pi/pico/pico-sdk/src/rp2_common/hardware_gpio/gpio.c.obj
LOAD CMakeFiles/myblink.dir/home/pi/pico/pico-sdk/src/rp2_common/hardware_claim/claim.c.obj
LOAD CMakeFiles/myblink.dir/home/pi/pico/pico-sdk/src/rp2_common/pico_platform/platform.c.obj
LOAD CMakeFiles/myblink.dir/home/pi/pico/pico-sdk/src/rp2_common/hardware_sync/sync.c.obj
LOAD CMakeFiles/myblink.dir/home/pi/pico/pico-sdk/src/rp2_common/hardware_uart/uart.c.obj
LOAD CMakeFiles/myblink.dir/home/pi/pico/pico-sdk/src/rp2_common/hardware_divider/divider.S.obj
LOAD CMakeFiles/myblink.dir/home/pi/pico/pico-sdk/src/common/pico_time/time.c.obj
LOAD CMakeFiles/myblink.dir/home/pi/pico/pico-sdk/src/common/pico_time/timeout_helper.c.obj
LOAD CMakeFiles/myblink.dir/home/pi/pico/pico-sdk/src/rp2_common/hardware_timer/timer.c.obj
LOAD CMakeFiles/myblink.dir/home/pi/pico/pico-sdk/src/common/pico_sync/sem.c.obj
LOAD CMakeFiles/myblink.dir/home/pi/pico/pico-sdk/src/common/pico_sync/lock_core.c.obj
LOAD CMakeFiles/myblink.dir/home/pi/pico/pico-sdk/src/common/pico_sync/mutex.c.obj
LOAD CMakeFiles/myblink.dir/home/pi/pico/pico-sdk/src/common/pico_sync/critical_section.c.obj
LOAD CMakeFiles/myblink.dir/home/pi/pico/pico-sdk/src/common/pico_util/datetime.c.obj
LOAD CMakeFiles/myblink.dir/home/pi/pico/pico-sdk/src/common/pico_util/pheap.c.obj
LOAD CMakeFiles/myblink.dir/home/pi/pico/pico-sdk/src/common/pico_util/queue.c.obj
LOAD CMakeFiles/myblink.dir/home/pi/pico/pico-sdk/src/rp2_common/pico_runtime/runtime.c.obj
LOAD CMakeFiles/myblink.dir/home/pi/pico/pico-sdk/src/rp2_common/hardware_clocks/clocks.c.obj
LOAD CMakeFiles/myblink.dir/home/pi/pico/pico-sdk/src/rp2_common/hardware_irq/irq.c.obj
LOAD CMakeFiles/myblink.dir/home/pi/pico/pico-sdk/src/rp2_common/hardware_irq/irq_handler_chain.S.obj
LOAD CMakeFiles/myblink.dir/home/pi/pico/pico-sdk/src/rp2_common/hardware_pll/pll.c.obj
LOAD CMakeFiles/myblink.dir/home/pi/pico/pico-sdk/src/rp2_common/hardware_vreg/vreg.c.obj
LOAD CMakeFiles/myblink.dir/home/pi/pico/pico-sdk/src/rp2_common/hardware_watchdog/watchdog.c.obj
LOAD CMakeFiles/myblink.dir/home/pi/pico/pico-sdk/src/rp2_common/hardware_xosc/xosc.c.obj
LOAD CMakeFiles/myblink.dir/home/pi/pico/pico-sdk/src/rp2_common/pico_printf/printf.c.obj
LOAD CMakeFiles/myblink.dir/home/pi/pico/pico-sdk/src/rp2_common/pico_bit_ops/bit_ops_aeabi.S.obj
LOAD CMakeFiles/myblink.dir/home/pi/pico/pico-sdk/src/rp2_common/pico_bootrom/bootrom.c.obj
LOAD CMakeFiles/myblink.dir/home/pi/pico/pico-sdk/src/rp2_common/pico_divider/divider.S.obj
LOAD CMakeFiles/myblink.dir/home/pi/pico/pico-sdk/src/rp2_common/pico_double/double_aeabi.S.obj
LOAD CMakeFiles/myblink.dir/home/pi/pico/pico-sdk/src/rp2_common/pico_double/double_init_rom.c.obj
LOAD CMakeFiles/myblink.dir/home/pi/pico/pico-sdk/src/rp2_common/pico_double/double_math.c.obj
LOAD CMakeFiles/myblink.dir/home/pi/pico/pico-sdk/src/rp2_common/pico_double/double_v1_rom_shim.S.obj
LOAD CMakeFiles/myblink.dir/home/pi/pico/pico-sdk/src/rp2_common/pico_int64_ops/pico_int64_ops_aeabi.S.obj
LOAD CMakeFiles/myblink.dir/home/pi/pico/pico-sdk/src/rp2_common/pico_float/float_aeabi.S.obj
LOAD CMakeFiles/myblink.dir/home/pi/pico/pico-sdk/src/rp2_common/pico_float/float_init_rom.c.obj
LOAD CMakeFiles/myblink.dir/home/pi/pico/pico-sdk/src/rp2_common/pico_float/float_math.c.obj
LOAD CMakeFiles/myblink.dir/home/pi/pico/pico-sdk/src/rp2_common/pico_float/float_v1_rom_shim.S.obj
LOAD CMakeFiles/myblink.dir/home/pi/pico/pico-sdk/src/rp2_common/pico_malloc/pico_malloc.c.obj
LOAD CMakeFiles/myblink.dir/home/pi/pico/pico-sdk/src/rp2_common/pico_mem_ops/mem_ops_aeabi.S.obj
LOAD CMakeFiles/myblink.dir/home/pi/pico/pico-sdk/src/rp2_common/pico_standard_link/crt0.S.obj
LOAD CMakeFiles/myblink.dir/home/pi/pico/pico-sdk/src/rp2_common/pico_standard_link/new_delete.cpp.obj
LOAD CMakeFiles/myblink.dir/home/pi/pico/pico-sdk/src/rp2_common/pico_standard_link/binary_info.c.obj
LOAD CMakeFiles/myblink.dir/home/pi/pico/pico-sdk/src/rp2_common/pico_stdio/stdio.c.obj
LOAD CMakeFiles/myblink.dir/home/pi/pico/pico-sdk/src/rp2_common/pico_stdio_uart/stdio_uart.c.obj
LOAD CMakeFiles/myblink.dir/home/pi/pico/pico-sdk/src/rp2_common/pico_stdio_usb/reset_interface.c.obj
LOAD CMakeFiles/myblink.dir/home/pi/pico/pico-sdk/src/rp2_common/pico_stdio_usb/stdio_usb.c.obj
LOAD CMakeFiles/myblink.dir/home/pi/pico/pico-sdk/src/rp2_common/pico_stdio_usb/stdio_usb_descriptors.c.obj
LOAD CMakeFiles/myblink.dir/home/pi/pico/pico-sdk/lib/tinyusb/src/portable/raspberrypi/rp2040/dcd_rp2040.c.obj
LOAD CMakeFiles/myblink.dir/home/pi/pico/pico-sdk/lib/tinyusb/src/portable/raspberrypi/rp2040/rp2040_usb.c.obj
LOAD CMakeFiles/myblink.dir/home/pi/pico/pico-sdk/lib/tinyusb/src/device/usbd.c.obj
LOAD CMakeFiles/myblink.dir/home/pi/pico/pico-sdk/lib/tinyusb/src/device/usbd_control.c.obj
LOAD CMakeFiles/myblink.dir/home/pi/pico/pico-sdk/lib/tinyusb/src/class/audio/audio_device.c.obj
LOAD CMakeFiles/myblink.dir/home/pi/pico/pico-sdk/lib/tinyusb/src/class/cdc/cdc_device.c.obj
LOAD CMakeFiles/myblink.dir/home/pi/pico/pico-sdk/lib/tinyusb/src/class/dfu/dfu_device.c.obj
LOAD CMakeFiles/myblink.dir/home/pi/pico/pico-sdk/lib/tinyusb/src/class/dfu/dfu_rt_device.c.obj
LOAD CMakeFiles/myblink.dir/home/pi/pico/pico-sdk/lib/tinyusb/src/class/hid/hid_device.c.obj
LOAD CMakeFiles/myblink.dir/home/pi/pico/pico-sdk/lib/tinyusb/src/class/midi/midi_device.c.obj
LOAD CMakeFiles/myblink.dir/home/pi/pico/pico-sdk/lib/tinyusb/src/class/msc/msc_device.c.obj
LOAD CMakeFiles/myblink.dir/home/pi/pico/pico-sdk/lib/tinyusb/src/class/net/ecm_rndis_device.c.obj
LOAD CMakeFiles/myblink.dir/home/pi/pico/pico-sdk/lib/tinyusb/src/class/net/ncm_device.c.obj
LOAD CMakeFiles/myblink.dir/home/pi/pico/pico-sdk/lib/tinyusb/src/class/usbtmc/usbtmc_device.c.obj
LOAD CMakeFiles/myblink.dir/home/pi/pico/pico-sdk/lib/tinyusb/src/class/vendor/vendor_device.c.obj
LOAD CMakeFiles/myblink.dir/home/pi/pico/pico-sdk/lib/tinyusb/src/class/video/video_device.c.obj
LOAD CMakeFiles/myblink.dir/home/pi/pico/pico-sdk/lib/tinyusb/src/tusb.c.obj
LOAD CMakeFiles/myblink.dir/home/pi/pico/pico-sdk/lib/tinyusb/src/common/tusb_fifo.c.obj
LOAD CMakeFiles/myblink.dir/home/pi/pico/pico-sdk/src/rp2_common/pico_fix/rp2040_usb_device_enumeration/rp2040_usb_device_enumeration.c.obj
LOAD CMakeFiles/myblink.dir/home/pi/pico/pico-sdk/src/rp2_common/pico_unique_id/unique_id.c.obj
LOAD CMakeFiles/myblink.dir/home/pi/pico/pico-sdk/src/rp2_common/hardware_flash/flash.c.obj
LOAD /tmp/ccTnv2BD.o
LOAD /usr/lib/gcc/arm-none-eabi/8.3.1/../../../arm-none-eabi/lib/thumb/v6-m/nofp/libstdc++.a
LOAD /usr/lib/gcc/arm-none-eabi/8.3.1/../../../arm-none-eabi/lib/thumb/v6-m/nofp/libm.a
START GROUP
LOAD /usr/lib/gcc/arm-none-eabi/8.3.1/thumb/v6-m/nofp/libgcc.a
LOAD /usr/lib/gcc/arm-none-eabi/8.3.1/../../../arm-none-eabi/lib/thumb/v6-m/nofp/libg.a
LOAD /usr/lib/gcc/arm-none-eabi/8.3.1/../../../arm-none-eabi/lib/thumb/v6-m/nofp/libc.a
END GROUP
START GROUP
LOAD /usr/lib/gcc/arm-none-eabi/8.3.1/thumb/v6-m/nofp/libgcc.a
LOAD /usr/lib/gcc/arm-none-eabi/8.3.1/../../../arm-none-eabi/lib/thumb/v6-m/nofp/libc.a
LOAD /usr/lib/gcc/arm-none-eabi/8.3.1/../../../arm-none-eabi/lib/thumb/v6-m/nofp/libnosys.a
END GROUP
LOAD /usr/lib/gcc/arm-none-eabi/8.3.1/thumb/v6-m/nofp/crtend.o
LOAD /usr/lib/gcc/arm-none-eabi/8.3.1/thumb/v6-m/nofp/crtn.o
OUTPUT(myblink.elf elf32-littlearm)
LOAD linker stubs

.ARM.attributes
                0x0000000000000000       0x28
 .ARM.attributes
                0x0000000000000000       0x1e /usr/lib/gcc/arm-none-eabi/8.3.1/thumb/v6-m/nofp/crti.o
 .ARM.attributes
                0x000000000000001e       0x2c /usr/lib/gcc/arm-none-eabi/8.3.1/thumb/v6-m/nofp/crtbegin.o
 .ARM.attributes
                0x000000000000004a       0x2c CMakeFiles/myblink.dir/myblink.c.obj
 .ARM.attributes
                0x0000000000000076       0x2c CMakeFiles/myblink.dir/home/pi/pico/pico-sdk/src/rp2_common/hardware_gpio/gpio.c.obj
 .ARM.attributes
                0x00000000000000a2       0x2c CMakeFiles/myblink.dir/home/pi/pico/pico-sdk/src/rp2_common/hardware_claim/claim.c.obj
 .ARM.attributes
                0x00000000000000ce       0x2c CMakeFiles/myblink.dir/home/pi/pico/pico-sdk/src/rp2_common/pico_platform/platform.c.obj
 .ARM.attributes
                0x00000000000000fa       0x2c CMakeFiles/myblink.dir/home/pi/pico/pico-sdk/src/rp2_common/hardware_sync/sync.c.obj
 .ARM.attributes
                0x0000000000000126       0x2c CMakeFiles/myblink.dir/home/pi/pico/pico-sdk/src/common/pico_time/time.c.obj
 .ARM.attributes
                0x0000000000000152       0x2c CMakeFiles/myblink.dir/home/pi/pico/pico-sdk/src/rp2_common/hardware_timer/timer.c.obj
 .ARM.attributes
                0x000000000000017e       0x2c CMakeFiles/myblink.dir/home/pi/pico/pico-sdk/src/common/pico_sync/lock_core.c.obj
 .ARM.attributes
                0x00000000000001aa       0x2c CMakeFiles/myblink.dir/home/pi/pico/pico-sdk/src/common/pico_sync/mutex.c.obj
 .ARM.attributes
                0x00000000000001d6       0x2c CMakeFiles/myblink.dir/home/pi/pico/pico-sdk/src/common/pico_util/pheap.c.obj
 .ARM.attributes
                0x0000000000000202       0x2c CMakeFiles/myblink.dir/home/pi/pico/pico-sdk/src/rp2_common/pico_runtime/runtime.c.obj
 .ARM.attributes
                0x000000000000022e       0x2c CMakeFiles/myblink.dir/home/pi/pico/pico-sdk/src/rp2_common/hardware_clocks/clocks.c.obj
 .ARM.attributes
                0x000000000000025a       0x2c CMakeFiles/myblink.dir/home/pi/pico/pico-sdk/src/rp2_common/hardware_irq/irq.c.obj
 .ARM.attributes
                0x0000000000000286       0x22 CMakeFiles/myblink.dir/home/pi/pico/pico-sdk/src/rp2_common/hardware_irq/irq_handler_chain.S.obj
 .ARM.attributes
                0x00000000000002a8       0x2c CMakeFiles/myblink.dir/home/pi/pico/pico-sdk/src/rp2_common/hardware_pll/pll.c.obj
 .ARM.attributes
                0x00000000000002d4       0x2c CMakeFiles/myblink.dir/home/pi/pico/pico-sdk/src/rp2_common/hardware_watchdog/watchdog.c.obj
 .ARM.attributes
                0x0000000000000300       0x2c CMakeFiles/myblink.dir/home/pi/pico/pico-sdk/src/rp2_common/hardware_xosc/xosc.c.obj
 .ARM.attributes
                0x000000000000032c       0x2c CMakeFiles/myblink.dir/home/pi/pico/pico-sdk/src/rp2_common/pico_printf/printf.c.obj
 .ARM.attributes
                0x0000000000000358       0x22 CMakeFiles/myblink.dir/home/pi/pico/pico-sdk/src/rp2_common/pico_bit_ops/bit_ops_aeabi.S.obj
 .ARM.attributes
                0x000000000000037a       0x2c CMakeFiles/myblink.dir/home/pi/pico/pico-sdk/src/rp2_common/pico_bootrom/bootrom.c.obj
 .ARM.attributes
                0x00000000000003a6       0x22 CMakeFiles/myblink.dir/home/pi/pico/pico-sdk/src/rp2_common/pico_divider/divider.S.obj
 .ARM.attributes
                0x00000000000003c8       0x22 CMakeFiles/myblink.dir/home/pi/pico/pico-sdk/src/rp2_common/pico_double/double_aeabi.S.obj
 .ARM.attributes
                0x00000000000003ea       0x2c CMakeFiles/myblink.dir/home/pi/pico/pico-sdk/src/rp2_common/pico_double/double_init_rom.c.obj
 .ARM.attributes
                0x0000000000000416       0x22 CMakeFiles/myblink.dir/home/pi/pico/pico-sdk/src/rp2_common/pico_double/double_v1_rom_shim.S.obj
 .ARM.attributes
                0x0000000000000438       0x22 CMakeFiles/myblink.dir/home/pi/pico/pico-sdk/src/rp2_common/pico_int64_ops/pico_int64_ops_aeabi.S.obj
 .ARM.attributes
                0x000000000000045a       0x22 CMakeFiles/myblink.dir/home/pi/pico/pico-sdk/src/rp2_common/pico_float/float_aeabi.S.obj
 .ARM.attributes
                0x000000000000047c       0x2c CMakeFiles/myblink.dir/home/pi/pico/pico-sdk/src/rp2_common/pico_float/float_init_rom.c.obj
 .ARM.attributes
                0x00000000000004a8       0x22 CMakeFiles/myblink.dir/home/pi/pico/pico-sdk/src/rp2_common/pico_float/float_v1_rom_shim.S.obj
 .ARM.attributes
                0x00000000000004ca       0x22 CMakeFiles/myblink.dir/home/pi/pico/pico-sdk/src/rp2_common/pico_mem_ops/mem_ops_aeabi.S.obj
 .ARM.attributes
                0x00000000000004ec       0x22 CMakeFiles/myblink.dir/home/pi/pico/pico-sdk/src/rp2_common/pico_standard_link/crt0.S.obj
 .ARM.attributes
                0x000000000000050e       0x32 CMakeFiles/myblink.dir/home/pi/pico/pico-sdk/src/rp2_common/pico_standard_link/binary_info.c.obj
 .ARM.attributes
                0x0000000000000540       0x2c CMakeFiles/myblink.dir/home/pi/pico/pico-sdk/src/rp2_common/pico_stdio/stdio.c.obj
 .ARM.attributes
                0x000000000000056c       0x2c CMakeFiles/myblink.dir/home/pi/pico/pico-sdk/src/rp2_common/pico_unique_id/unique_id.c.obj
 .ARM.attributes
                0x0000000000000598       0x2c CMakeFiles/myblink.dir/home/pi/pico/pico-sdk/src/rp2_common/hardware_flash/flash.c.obj
 .ARM.attributes
                0x00000000000005c4       0x22 /tmp/ccTnv2BD.o
 .ARM.attributes
                0x00000000000005e6       0x1e /usr/lib/gcc/arm-none-eabi/8.3.1/thumb/v6-m/nofp/libgcc.a(_dvmd_tls.o)
 .ARM.attributes
                0x0000000000000604       0x2c /usr/lib/gcc/arm-none-eabi/8.3.1/../../../arm-none-eabi/lib/thumb/v6-m/nofp/libg.a(lib_a-strlen-stub.o)
 .ARM.attributes
                0x0000000000000630       0x2c /usr/lib/gcc/arm-none-eabi/8.3.1/thumb/v6-m/nofp/crtend.o

.comment        0x0000000000000000       0x9f
 .comment       0x0000000000000000       0x51 /usr/lib/gcc/arm-none-eabi/8.3.1/thumb/v6-m/nofp/crtbegin.o
                                         0x52 (size before relaxing)
 .comment       0x0000000000000051       0x52 CMakeFiles/myblink.dir/myblink.c.obj
 .comment       0x0000000000000051       0x52 CMakeFiles/myblink.dir/home/pi/pico/pico-sdk/src/rp2_common/hardware_gpio/gpio.c.obj
 .comment       0x0000000000000051       0x52 CMakeFiles/myblink.dir/home/pi/pico/pico-sdk/src/rp2_common/hardware_claim/claim.c.obj
 .comment       0x0000000000000051       0x52 CMakeFiles/myblink.dir/home/pi/pico/pico-sdk/src/rp2_common/pico_platform/platform.c.obj
 .comment       0x0000000000000051       0x52 CMakeFiles/myblink.dir/home/pi/pico/pico-sdk/src/rp2_common/hardware_sync/sync.c.obj
 .comment       0x0000000000000051       0x52 CMakeFiles/myblink.dir/home/pi/pico/pico-sdk/src/common/pico_time/time.c.obj
 .comment       0x0000000000000051       0x52 CMakeFiles/myblink.dir/home/pi/pico/pico-sdk/src/rp2_common/hardware_timer/timer.c.obj
 .comment       0x0000000000000051       0x52 CMakeFiles/myblink.dir/home/pi/pico/pico-sdk/src/common/pico_sync/lock_core.c.obj
 .comment       0x0000000000000051       0x52 CMakeFiles/myblink.dir/home/pi/pico/pico-sdk/src/common/pico_sync/mutex.c.obj
 .comment       0x0000000000000051       0x52 CMakeFiles/myblink.dir/home/pi/pico/pico-sdk/src/common/pico_util/pheap.c.obj
 .comment       0x0000000000000051       0x52 CMakeFiles/myblink.dir/home/pi/pico/pico-sdk/src/rp2_common/pico_runtime/runtime.c.obj
 .comment       0x0000000000000051       0x52 CMakeFiles/myblink.dir/home/pi/pico/pico-sdk/src/rp2_common/hardware_clocks/clocks.c.obj
 .comment       0x0000000000000051       0x52 CMakeFiles/myblink.dir/home/pi/pico/pico-sdk/src/rp2_common/hardware_irq/irq.c.obj
 .comment       0x0000000000000051       0x52 CMakeFiles/myblink.dir/home/pi/pico/pico-sdk/src/rp2_common/hardware_pll/pll.c.obj
 .comment       0x0000000000000051       0x52 CMakeFiles/myblink.dir/home/pi/pico/pico-sdk/src/rp2_common/hardware_watchdog/watchdog.c.obj
 .comment       0x0000000000000051       0x52 CMakeFiles/myblink.dir/home/pi/pico/pico-sdk/src/rp2_common/hardware_xosc/xosc.c.obj
 .comment       0x0000000000000051       0x52 CMakeFiles/myblink.dir/home/pi/pico/pico-sdk/src/rp2_common/pico_printf/printf.c.obj
 .comment       0x0000000000000051       0x52 CMakeFiles/myblink.dir/home/pi/pico/pico-sdk/src/rp2_common/pico_bootrom/bootrom.c.obj
 .comment       0x0000000000000051       0x52 CMakeFiles/myblink.dir/home/pi/pico/pico-sdk/src/rp2_common/pico_double/double_init_rom.c.obj
 .comment       0x0000000000000051       0x52 CMakeFiles/myblink.dir/home/pi/pico/pico-sdk/src/rp2_common/pico_float/float_init_rom.c.obj
 .comment       0x0000000000000051       0x52 CMakeFiles/myblink.dir/home/pi/pico/pico-sdk/src/rp2_common/pico_standard_link/binary_info.c.obj
 .comment       0x0000000000000051       0x52 CMakeFiles/myblink.dir/home/pi/pico/pico-sdk/src/rp2_common/pico_stdio/stdio.c.obj
 .comment       0x0000000000000051       0x52 CMakeFiles/myblink.dir/home/pi/pico/pico-sdk/src/rp2_common/pico_unique_id/unique_id.c.obj
 .comment       0x0000000000000051       0x52 CMakeFiles/myblink.dir/home/pi/pico/pico-sdk/src/rp2_common/hardware_flash/flash.c.obj
 .comment       0x0000000000000051       0x4e /usr/lib/gcc/arm-none-eabi/8.3.1/../../../arm-none-eabi/lib/thumb/v6-m/nofp/libg.a(lib_a-strlen-stub.o)
                                         0x4f (size before relaxing)
 .comment       0x000000000000009f       0x52 /usr/lib/gcc/arm-none-eabi/8.3.1/thumb/v6-m/nofp/crtend.o

.debug_info     0x0000000000000000    0x18708
 .debug_info    0x0000000000000000      0xefa CMakeFiles/myblink.dir/myblink.c.obj
 .debug_info    0x0000000000000efa     0x146b CMakeFiles/myblink.dir/home/pi/pico/pico-sdk/src/rp2_common/hardware_gpio/gpio.c.obj
 .debug_info    0x0000000000002365      0x6a7 CMakeFiles/myblink.dir/home/pi/pico/pico-sdk/src/rp2_common/hardware_claim/claim.c.obj
 .debug_info    0x0000000000002a0c      0x1cb CMakeFiles/myblink.dir/home/pi/pico/pico-sdk/src/rp2_common/pico_platform/platform.c.obj
 .debug_info    0x0000000000002bd7      0x591 CMakeFiles/myblink.dir/home/pi/pico/pico-sdk/src/rp2_common/hardware_sync/sync.c.obj
 .debug_info    0x0000000000003168     0x43ec CMakeFiles/myblink.dir/home/pi/pico/pico-sdk/src/common/pico_time/time.c.obj
 .debug_info    0x0000000000007554     0x10dc CMakeFiles/myblink.dir/home/pi/pico/pico-sdk/src/rp2_common/hardware_timer/timer.c.obj
 .debug_info    0x0000000000008630      0x1ed CMakeFiles/myblink.dir/home/pi/pico/pico-sdk/src/common/pico_sync/lock_core.c.obj
 .debug_info    0x000000000000881d     0x2045 CMakeFiles/myblink.dir/home/pi/pico/pico-sdk/src/common/pico_sync/mutex.c.obj
 .debug_info    0x000000000000a862     0x1aab CMakeFiles/myblink.dir/home/pi/pico/pico-sdk/src/common/pico_util/pheap.c.obj
 .debug_info    0x000000000000c30d     0x1341 CMakeFiles/myblink.dir/home/pi/pico/pico-sdk/src/rp2_common/pico_runtime/runtime.c.obj
 .debug_info    0x000000000000d64e      0xee6 CMakeFiles/myblink.dir/home/pi/pico/pico-sdk/src/rp2_common/hardware_clocks/clocks.c.obj
 .debug_info    0x000000000000e534     0x19b0 CMakeFiles/myblink.dir/home/pi/pico/pico-sdk/src/rp2_common/hardware_irq/irq.c.obj
 .debug_info    0x000000000000fee4       0x26 CMakeFiles/myblink.dir/home/pi/pico/pico-sdk/src/rp2_common/hardware_irq/irq_handler_chain.S.obj
 .debug_info    0x000000000000ff0a      0x4e8 CMakeFiles/myblink.dir/home/pi/pico/pico-sdk/src/rp2_common/hardware_pll/pll.c.obj
 .debug_info    0x00000000000103f2      0xd7d CMakeFiles/myblink.dir/home/pi/pico/pico-sdk/src/rp2_common/hardware_watchdog/watchdog.c.obj
 .debug_info    0x000000000001116f      0x1b8 CMakeFiles/myblink.dir/home/pi/pico/pico-sdk/src/rp2_common/hardware_xosc/xosc.c.obj
 .debug_info    0x0000000000011327     0x2032 CMakeFiles/myblink.dir/home/pi/pico/pico-sdk/src/rp2_common/pico_printf/printf.c.obj
 .debug_info    0x0000000000013359       0x22 CMakeFiles/myblink.dir/home/pi/pico/pico-sdk/src/rp2_common/pico_bit_ops/bit_ops_aeabi.S.obj
 .debug_info    0x000000000001337b      0x262 CMakeFiles/myblink.dir/home/pi/pico/pico-sdk/src/rp2_common/pico_bootrom/bootrom.c.obj
 .debug_info    0x00000000000135dd       0x22 CMakeFiles/myblink.dir/home/pi/pico/pico-sdk/src/rp2_common/pico_divider/divider.S.obj
 .debug_info    0x00000000000135ff       0x22 CMakeFiles/myblink.dir/home/pi/pico/pico-sdk/src/rp2_common/pico_double/double_aeabi.S.obj
 .debug_info    0x0000000000013621      0xb2a CMakeFiles/myblink.dir/home/pi/pico/pico-sdk/src/rp2_common/pico_double/double_init_rom.c.obj
 .debug_info    0x000000000001414b       0x22 CMakeFiles/myblink.dir/home/pi/pico/pico-sdk/src/rp2_common/pico_double/double_v1_rom_shim.S.obj
 .debug_info    0x000000000001416d       0x26 CMakeFiles/myblink.dir/home/pi/pico/pico-sdk/src/rp2_common/pico_int64_ops/pico_int64_ops_aeabi.S.obj
 .debug_info    0x0000000000014193       0x22 CMakeFiles/myblink.dir/home/pi/pico/pico-sdk/src/rp2_common/pico_float/float_aeabi.S.obj
 .debug_info    0x00000000000141b5      0xb44 CMakeFiles/myblink.dir/home/pi/pico/pico-sdk/src/rp2_common/pico_float/float_init_rom.c.obj
 .debug_info    0x0000000000014cf9       0x22 CMakeFiles/myblink.dir/home/pi/pico/pico-sdk/src/rp2_common/pico_float/float_v1_rom_shim.S.obj
 .debug_info    0x0000000000014d1b       0x22 CMakeFiles/myblink.dir/home/pi/pico/pico-sdk/src/rp2_common/pico_mem_ops/mem_ops_aeabi.S.obj
 .debug_info    0x0000000000014d3d       0x22 CMakeFiles/myblink.dir/home/pi/pico/pico-sdk/src/rp2_common/pico_standard_link/crt0.S.obj
 .debug_info    0x0000000000014d5f      0x2c6 CMakeFiles/myblink.dir/home/pi/pico/pico-sdk/src/rp2_common/pico_standard_link/binary_info.c.obj
 .debug_info    0x0000000000015025     0x1b9c CMakeFiles/myblink.dir/home/pi/pico/pico-sdk/src/rp2_common/pico_stdio/stdio.c.obj
 .debug_info    0x0000000000016bc1      0x24b CMakeFiles/myblink.dir/home/pi/pico/pico-sdk/src/rp2_common/pico_unique_id/unique_id.c.obj
 .debug_info    0x0000000000016e0c      0xf63 CMakeFiles/myblink.dir/home/pi/pico/pico-sdk/src/rp2_common/hardware_flash/flash.c.obj
 .debug_info    0x0000000000017d6f       0x26 /usr/lib/gcc/arm-none-eabi/8.3.1/thumb/v6-m/nofp/libgcc.a(_dvmd_tls.o)
 .debug_info    0x0000000000017d95      0x973 /usr/lib/gcc/arm-none-eabi/8.3.1/../../../arm-none-eabi/lib/thumb/v6-m/nofp/libg.a(lib_a-strlen-stub.o)

.debug_abbrev   0x0000000000000000     0x4a02
 .debug_abbrev  0x0000000000000000      0x2ec CMakeFiles/myblink.dir/myblink.c.obj
 .debug_abbrev  0x00000000000002ec      0x2cd CMakeFiles/myblink.dir/home/pi/pico/pico-sdk/src/rp2_common/hardware_gpio/gpio.c.obj
 .debug_abbrev  0x00000000000005b9      0x2fb CMakeFiles/myblink.dir/home/pi/pico/pico-sdk/src/rp2_common/hardware_claim/claim.c.obj
 .debug_abbrev  0x00000000000008b4       0xeb CMakeFiles/myblink.dir/home/pi/pico/pico-sdk/src/rp2_common/pico_platform/platform.c.obj
 .debug_abbrev  0x000000000000099f      0x224 CMakeFiles/myblink.dir/home/pi/pico/pico-sdk/src/rp2_common/hardware_sync/sync.c.obj
 .debug_abbrev  0x0000000000000bc3      0x63a CMakeFiles/myblink.dir/home/pi/pico/pico-sdk/src/common/pico_time/time.c.obj
 .debug_abbrev  0x00000000000011fd      0x3c7 CMakeFiles/myblink.dir/home/pi/pico/pico-sdk/src/rp2_common/hardware_timer/timer.c.obj
 .debug_abbrev  0x00000000000015c4      0x141 CMakeFiles/myblink.dir/home/pi/pico/pico-sdk/src/common/pico_sync/lock_core.c.obj
 .debug_abbrev  0x0000000000001705      0x3a2 CMakeFiles/myblink.dir/home/pi/pico/pico-sdk/src/common/pico_sync/mutex.c.obj
 .debug_abbrev  0x0000000000001aa7      0x3ad CMakeFiles/myblink.dir/home/pi/pico/pico-sdk/src/common/pico_util/pheap.c.obj
 .debug_abbrev  0x0000000000001e54      0x4aa CMakeFiles/myblink.dir/home/pi/pico/pico-sdk/src/rp2_common/pico_runtime/runtime.c.obj
 .debug_abbrev  0x00000000000022fe      0x3c8 CMakeFiles/myblink.dir/home/pi/pico/pico-sdk/src/rp2_common/hardware_clocks/clocks.c.obj
 .debug_abbrev  0x00000000000026c6      0x4e5 CMakeFiles/myblink.dir/home/pi/pico/pico-sdk/src/rp2_common/hardware_irq/irq.c.obj
 .debug_abbrev  0x0000000000002bab       0x14 CMakeFiles/myblink.dir/home/pi/pico/pico-sdk/src/rp2_common/hardware_irq/irq_handler_chain.S.obj
 .debug_abbrev  0x0000000000002bbf      0x1ee CMakeFiles/myblink.dir/home/pi/pico/pico-sdk/src/rp2_common/hardware_pll/pll.c.obj
 .debug_abbrev  0x0000000000002dad      0x2d8 CMakeFiles/myblink.dir/home/pi/pico/pico-sdk/src/rp2_common/hardware_watchdog/watchdog.c.obj
 .debug_abbrev  0x0000000000003085      0x106 CMakeFiles/myblink.dir/home/pi/pico/pico-sdk/src/rp2_common/hardware_xosc/xosc.c.obj
 .debug_abbrev  0x000000000000318b      0x4aa CMakeFiles/myblink.dir/home/pi/pico/pico-sdk/src/rp2_common/pico_printf/printf.c.obj
 .debug_abbrev  0x0000000000003635       0x12 CMakeFiles/myblink.dir/home/pi/pico/pico-sdk/src/rp2_common/pico_bit_ops/bit_ops_aeabi.S.obj
 .debug_abbrev  0x0000000000003647      0x144 CMakeFiles/myblink.dir/home/pi/pico/pico-sdk/src/rp2_common/pico_bootrom/bootrom.c.obj
 .debug_abbrev  0x000000000000378b       0x12 CMakeFiles/myblink.dir/home/pi/pico/pico-sdk/src/rp2_common/pico_divider/divider.S.obj
 .debug_abbrev  0x000000000000379d       0x12 CMakeFiles/myblink.dir/home/pi/pico/pico-sdk/src/rp2_common/pico_double/double_aeabi.S.obj
 .debug_abbrev  0x00000000000037af      0x2c2 CMakeFiles/myblink.dir/home/pi/pico/pico-sdk/src/rp2_common/pico_double/double_init_rom.c.obj
 .debug_abbrev  0x0000000000003a71       0x12 CMakeFiles/myblink.dir/home/pi/pico/pico-sdk/src/rp2_common/pico_double/double_v1_rom_shim.S.obj
 .debug_abbrev  0x0000000000003a83       0x14 CMakeFiles/myblink.dir/home/pi/pico/pico-sdk/src/rp2_common/pico_int64_ops/pico_int64_ops_aeabi.S.obj
 .debug_abbrev  0x0000000000003a97       0x12 CMakeFiles/myblink.dir/home/pi/pico/pico-sdk/src/rp2_common/pico_float/float_aeabi.S.obj
 .debug_abbrev  0x0000000000003aa9      0x2d5 CMakeFiles/myblink.dir/home/pi/pico/pico-sdk/src/rp2_common/pico_float/float_init_rom.c.obj
 .debug_abbrev  0x0000000000003d7e       0x12 CMakeFiles/myblink.dir/home/pi/pico/pico-sdk/src/rp2_common/pico_float/float_v1_rom_shim.S.obj
 .debug_abbrev  0x0000000000003d90       0x12 CMakeFiles/myblink.dir/home/pi/pico/pico-sdk/src/rp2_common/pico_mem_ops/mem_ops_aeabi.S.obj
 .debug_abbrev  0x0000000000003da2       0x12 CMakeFiles/myblink.dir/home/pi/pico/pico-sdk/src/rp2_common/pico_standard_link/crt0.S.obj
 .debug_abbrev  0x0000000000003db4       0xad CMakeFiles/myblink.dir/home/pi/pico/pico-sdk/src/rp2_common/pico_standard_link/binary_info.c.obj
 .debug_abbrev  0x0000000000003e61      0x583 CMakeFiles/myblink.dir/home/pi/pico/pico-sdk/src/rp2_common/pico_stdio/stdio.c.obj
 .debug_abbrev  0x00000000000043e4      0x163 CMakeFiles/myblink.dir/home/pi/pico/pico-sdk/src/rp2_common/pico_unique_id/unique_id.c.obj
 .debug_abbrev  0x0000000000004547      0x2bf CMakeFiles/myblink.dir/home/pi/pico/pico-sdk/src/rp2_common/hardware_flash/flash.c.obj
 .debug_abbrev  0x0000000000004806       0x14 /usr/lib/gcc/arm-none-eabi/8.3.1/thumb/v6-m/nofp/libgcc.a(_dvmd_tls.o)
 .debug_abbrev  0x000000000000481a      0x1e8 /usr/lib/gcc/arm-none-eabi/8.3.1/../../../arm-none-eabi/lib/thumb/v6-m/nofp/libg.a(lib_a-strlen-stub.o)

.debug_loc      0x0000000000000000     0xd30e
 .debug_loc     0x0000000000000000       0x88 CMakeFiles/myblink.dir/myblink.c.obj
 .debug_loc     0x0000000000000088      0xeb1 CMakeFiles/myblink.dir/home/pi/pico/pico-sdk/src/rp2_common/hardware_gpio/gpio.c.obj
 .debug_loc     0x0000000000000f39      0x43d CMakeFiles/myblink.dir/home/pi/pico/pico-sdk/src/rp2_common/hardware_claim/claim.c.obj
 .debug_loc     0x0000000000001376       0xe9 CMakeFiles/myblink.dir/home/pi/pico/pico-sdk/src/rp2_common/pico_platform/platform.c.obj
 .debug_loc     0x000000000000145f      0x233 CMakeFiles/myblink.dir/home/pi/pico/pico-sdk/src/rp2_common/hardware_sync/sync.c.obj
 .debug_loc     0x0000000000001692     0x2e3d CMakeFiles/myblink.dir/home/pi/pico/pico-sdk/src/common/pico_time/time.c.obj
 .debug_loc     0x00000000000044cf      0x903 CMakeFiles/myblink.dir/home/pi/pico/pico-sdk/src/rp2_common/hardware_timer/timer.c.obj
 .debug_loc     0x0000000000004dd2       0x60 CMakeFiles/myblink.dir/home/pi/pico/pico-sdk/src/common/pico_sync/lock_core.c.obj
 .debug_loc     0x0000000000004e32     0x1472 CMakeFiles/myblink.dir/home/pi/pico/pico-sdk/src/common/pico_sync/mutex.c.obj
 .debug_loc     0x00000000000062a4     0x14b2 CMakeFiles/myblink.dir/home/pi/pico/pico-sdk/src/common/pico_util/pheap.c.obj
 .debug_loc     0x0000000000007756      0x37d CMakeFiles/myblink.dir/home/pi/pico/pico-sdk/src/rp2_common/pico_runtime/runtime.c.obj
 .debug_loc     0x0000000000007ad3      0x768 CMakeFiles/myblink.dir/home/pi/pico/pico-sdk/src/rp2_common/hardware_clocks/clocks.c.obj
 .debug_loc     0x000000000000823b     0x129d CMakeFiles/myblink.dir/home/pi/pico/pico-sdk/src/rp2_common/hardware_irq/irq.c.obj
 .debug_loc     0x00000000000094d8      0x31c CMakeFiles/myblink.dir/home/pi/pico/pico-sdk/src/rp2_common/hardware_pll/pll.c.obj
 .debug_loc     0x00000000000097f4      0x2a0 CMakeFiles/myblink.dir/home/pi/pico/pico-sdk/src/rp2_common/hardware_watchdog/watchdog.c.obj
 .debug_loc     0x0000000000009a94       0x3d CMakeFiles/myblink.dir/home/pi/pico/pico-sdk/src/rp2_common/hardware_xosc/xosc.c.obj
 .debug_loc     0x0000000000009ad1     0x1fee CMakeFiles/myblink.dir/home/pi/pico/pico-sdk/src/rp2_common/pico_printf/printf.c.obj
 .debug_loc     0x000000000000babf      0x1a1 CMakeFiles/myblink.dir/home/pi/pico/pico-sdk/src/rp2_common/pico_bootrom/bootrom.c.obj
 .debug_loc     0x000000000000bc60       0x59 CMakeFiles/myblink.dir/home/pi/pico/pico-sdk/src/rp2_common/pico_double/double_init_rom.c.obj
 .debug_loc     0x000000000000bcb9       0x73 CMakeFiles/myblink.dir/home/pi/pico/pico-sdk/src/rp2_common/pico_float/float_init_rom.c.obj
 .debug_loc     0x000000000000bd2c      0xb89 CMakeFiles/myblink.dir/home/pi/pico/pico-sdk/src/rp2_common/pico_stdio/stdio.c.obj
 .debug_loc     0x000000000000c8b5       0xff CMakeFiles/myblink.dir/home/pi/pico/pico-sdk/src/rp2_common/pico_unique_id/unique_id.c.obj
 .debug_loc     0x000000000000c9b4      0x8b7 CMakeFiles/myblink.dir/home/pi/pico/pico-sdk/src/rp2_common/hardware_flash/flash.c.obj
 .debug_loc     0x000000000000d26b       0xa3 /usr/lib/gcc/arm-none-eabi/8.3.1/../../../arm-none-eabi/lib/thumb/v6-m/nofp/libg.a(lib_a-strlen-stub.o)

.debug_aranges  0x0000000000000000      0xdb8
 .debug_aranges
                0x0000000000000000       0x20 CMakeFiles/myblink.dir/myblink.c.obj
 .debug_aranges
                0x0000000000000020       0xd8 CMakeFiles/myblink.dir/home/pi/pico/pico-sdk/src/rp2_common/hardware_gpio/gpio.c.obj
 .debug_aranges
                0x00000000000000f8       0x48 CMakeFiles/myblink.dir/home/pi/pico/pico-sdk/src/rp2_common/hardware_claim/claim.c.obj
 .debug_aranges
                0x0000000000000140       0x28 CMakeFiles/myblink.dir/home/pi/pico/pico-sdk/src/rp2_common/pico_platform/platform.c.obj
 .debug_aranges
                0x0000000000000168       0x58 CMakeFiles/myblink.dir/home/pi/pico/pico-sdk/src/rp2_common/hardware_sync/sync.c.obj
 .debug_aranges
                0x00000000000001c0       0xd0 CMakeFiles/myblink.dir/home/pi/pico/pico-sdk/src/common/pico_time/time.c.obj
 .debug_aranges
                0x0000000000000290       0x78 CMakeFiles/myblink.dir/home/pi/pico/pico-sdk/src/rp2_common/hardware_timer/timer.c.obj
 .debug_aranges
                0x0000000000000308       0x20 CMakeFiles/myblink.dir/home/pi/pico/pico-sdk/src/common/pico_sync/lock_core.c.obj
 .debug_aranges
                0x0000000000000328       0x88 CMakeFiles/myblink.dir/home/pi/pico/pico-sdk/src/common/pico_sync/mutex.c.obj
 .debug_aranges
                0x00000000000003b0       0x78 CMakeFiles/myblink.dir/home/pi/pico/pico-sdk/src/common/pico_util/pheap.c.obj
 .debug_aranges
                0x0000000000000428       0x60 CMakeFiles/myblink.dir/home/pi/pico/pico-sdk/src/rp2_common/pico_runtime/runtime.c.obj
 .debug_aranges
                0x0000000000000488       0x70 CMakeFiles/myblink.dir/home/pi/pico/pico-sdk/src/rp2_common/hardware_clocks/clocks.c.obj
 .debug_aranges
                0x00000000000004f8       0x98 CMakeFiles/myblink.dir/home/pi/pico/pico-sdk/src/rp2_common/hardware_irq/irq.c.obj
 .debug_aranges
                0x0000000000000590       0x20 CMakeFiles/myblink.dir/home/pi/pico/pico-sdk/src/rp2_common/hardware_irq/irq_handler_chain.S.obj
 .debug_aranges
                0x00000000000005b0       0x28 CMakeFiles/myblink.dir/home/pi/pico/pico-sdk/src/rp2_common/hardware_pll/pll.c.obj
 .debug_aranges
                0x00000000000005d8       0x58 CMakeFiles/myblink.dir/home/pi/pico/pico-sdk/src/rp2_common/hardware_watchdog/watchdog.c.obj
 .debug_aranges
                0x0000000000000630       0x30 CMakeFiles/myblink.dir/home/pi/pico/pico-sdk/src/rp2_common/hardware_xosc/xosc.c.obj
 .debug_aranges
                0x0000000000000660       0x90 CMakeFiles/myblink.dir/home/pi/pico/pico-sdk/src/rp2_common/pico_printf/printf.c.obj
 .debug_aranges
                0x00000000000006f0       0x68 CMakeFiles/myblink.dir/home/pi/pico/pico-sdk/src/rp2_common/pico_bit_ops/bit_ops_aeabi.S.obj
 .debug_aranges
                0x0000000000000758       0x30 CMakeFiles/myblink.dir/home/pi/pico/pico-sdk/src/rp2_common/pico_bootrom/bootrom.c.obj
 .debug_aranges
                0x0000000000000788       0x40 CMakeFiles/myblink.dir/home/pi/pico/pico-sdk/src/rp2_common/pico_divider/divider.S.obj
 .debug_aranges
                0x00000000000007c8      0x140 CMakeFiles/myblink.dir/home/pi/pico/pico-sdk/src/rp2_common/pico_double/double_aeabi.S.obj
 .debug_aranges
                0x0000000000000908       0x20 CMakeFiles/myblink.dir/home/pi/pico/pico-sdk/src/rp2_common/pico_double/double_init_rom.c.obj
 .debug_aranges
                0x0000000000000928       0xc8 CMakeFiles/myblink.dir/home/pi/pico/pico-sdk/src/rp2_common/pico_double/double_v1_rom_shim.S.obj
 .debug_aranges
                0x00000000000009f0       0x20 CMakeFiles/myblink.dir/home/pi/pico/pico-sdk/src/rp2_common/pico_int64_ops/pico_int64_ops_aeabi.S.obj
 .debug_aranges
                0x0000000000000a10      0x130 CMakeFiles/myblink.dir/home/pi/pico/pico-sdk/src/rp2_common/pico_float/float_aeabi.S.obj
 .debug_aranges
                0x0000000000000b40       0x20 CMakeFiles/myblink.dir/home/pi/pico/pico-sdk/src/rp2_common/pico_float/float_init_rom.c.obj
 .debug_aranges
                0x0000000000000b60       0x50 CMakeFiles/myblink.dir/home/pi/pico/pico-sdk/src/rp2_common/pico_float/float_v1_rom_shim.S.obj
 .debug_aranges