Archive member included to satisfy reference by file (symbol)

/usr/lib/gcc/arm-none-eabi/8.3.1/thumb/v6-m/nofp/libgcc.a(_dvmd_tls.o)
                              CMakeFiles/ledonoffbutton.dir/home/pi/pico/pico-sdk/src/rp2_common/pico_divider/divider.S.obj (__aeabi_idiv0)
/usr/lib/gcc/arm-none-eabi/8.3.1/../../../arm-none-eabi/lib/thumb/v6-m/nofp/libg.a(lib_a-atexit.o)
                              /usr/lib/gcc/arm-none-eabi/8.3.1/../../../arm-none-eabi/lib/thumb/v6-m/nofp/crt0.o (atexit)
/usr/lib/gcc/arm-none-eabi/8.3.1/../../../arm-none-eabi/lib/thumb/v6-m/nofp/libg.a(lib_a-calloc.o)
                              CMakeFiles/ledonoffbutton.dir/home/pi/pico/pico-sdk/src/rp2_common/pico_malloc/pico_malloc.c.obj (calloc)
/usr/lib/gcc/arm-none-eabi/8.3.1/../../../arm-none-eabi/lib/thumb/v6-m/nofp/libg.a(lib_a-callocr.o)
                              /usr/lib/gcc/arm-none-eabi/8.3.1/../../../arm-none-eabi/lib/thumb/v6-m/nofp/libg.a(lib_a-calloc.o) (_calloc_r)
/usr/lib/gcc/arm-none-eabi/8.3.1/../../../arm-none-eabi/lib/thumb/v6-m/nofp/libg.a(lib_a-ctype_.o)
                              CMakeFiles/ledonoffbutton.dir/home/pi/pico/pico-sdk/lib/tinyusb/src/tusb.c.obj (_ctype_)
/usr/lib/gcc/arm-none-eabi/8.3.1/../../../arm-none-eabi/lib/thumb/v6-m/nofp/libg.a(lib_a-fini.o)
                              /usr/lib/gcc/arm-none-eabi/8.3.1/../../../arm-none-eabi/lib/thumb/v6-m/nofp/crt0.o (__libc_fini_array)
/usr/lib/gcc/arm-none-eabi/8.3.1/../../../arm-none-eabi/lib/thumb/v6-m/nofp/libg.a(lib_a-impure.o)
                              /usr/lib/gcc/arm-none-eabi/8.3.1/../../../arm-none-eabi/lib/thumb/v6-m/nofp/libg.a(lib_a-calloc.o) (_impure_ptr)
/usr/lib/gcc/arm-none-eabi/8.3.1/../../../arm-none-eabi/lib/thumb/v6-m/nofp/libg.a(lib_a-init.o)
                              /usr/lib/gcc/arm-none-eabi/8.3.1/../../../arm-none-eabi/lib/thumb/v6-m/nofp/crt0.o (__libc_init_array)
/usr/lib/gcc/arm-none-eabi/8.3.1/../../../arm-none-eabi/lib/thumb/v6-m/nofp/libg.a(lib_a-malloc.o)
                              CMakeFiles/ledonoffbutton.dir/home/pi/pico/pico-sdk/src/rp2_common/pico_malloc/pico_malloc.c.obj (malloc)
/usr/lib/gcc/arm-none-eabi/8.3.1/../../../arm-none-eabi/lib/thumb/v6-m/nofp/libg.a(lib_a-mallocr.o)
                              /usr/lib/gcc/arm-none-eabi/8.3.1/../../../arm-none-eabi/lib/thumb/v6-m/nofp/libg.a(lib_a-callocr.o) (_malloc_r)
/usr/lib/gcc/arm-none-eabi/8.3.1/../../../arm-none-eabi/lib/thumb/v6-m/nofp/libg.a(lib_a-mlock.o)
                              /usr/lib/gcc/arm-none-eabi/8.3.1/../../../arm-none-eabi/lib/thumb/v6-m/nofp/libg.a(lib_a-mallocr.o) (__malloc_lock)
/usr/lib/gcc/arm-none-eabi/8.3.1/../../../arm-none-eabi/lib/thumb/v6-m/nofp/libg.a(lib_a-sbrkr.o)
                              /usr/lib/gcc/arm-none-eabi/8.3.1/../../../arm-none-eabi/lib/thumb/v6-m/nofp/libg.a(lib_a-mallocr.o) (_sbrk_r)
/usr/lib/gcc/arm-none-eabi/8.3.1/../../../arm-none-eabi/lib/thumb/v6-m/nofp/libg.a(lib_a-strlen-stub.o)
                              CMakeFiles/ledonoffbutton.dir/home/pi/pico/pico-sdk/src/rp2_common/pico_stdio/stdio.c.obj (strlen)
/usr/lib/gcc/arm-none-eabi/8.3.1/../../../arm-none-eabi/lib/thumb/v6-m/nofp/libg.a(lib_a-__atexit.o)
                              /usr/lib/gcc/arm-none-eabi/8.3.1/../../../arm-none-eabi/lib/thumb/v6-m/nofp/libg.a(lib_a-atexit.o) (__register_exitproc)
/usr/lib/gcc/arm-none-eabi/8.3.1/../../../arm-none-eabi/lib/thumb/v6-m/nofp/libg.a(lib_a-freer.o)
                              /usr/lib/gcc/arm-none-eabi/8.3.1/../../../arm-none-eabi/lib/thumb/v6-m/nofp/libg.a(lib_a-malloc.o) (_free_r)
/usr/lib/gcc/arm-none-eabi/8.3.1/../../../arm-none-eabi/lib/thumb/v6-m/nofp/libg.a(lib_a-reent.o)
                              /usr/lib/gcc/arm-none-eabi/8.3.1/../../../arm-none-eabi/lib/thumb/v6-m/nofp/libg.a(lib_a-sbrkr.o) (errno)

Allocating common symbols
Common symbol       size              file

sf_table            0x100             CMakeFiles/ledonoffbutton.dir/home/pi/pico/pico-sdk/src/rp2_common/pico_float/float_init_rom.c.obj
errno               0x4               /usr/lib/gcc/arm-none-eabi/8.3.1/../../../arm-none-eabi/lib/thumb/v6-m/nofp/libg.a(lib_a-reent.o)
_usbd_qdef_buf      0xc0              CMakeFiles/ledonoffbutton.dir/home/pi/pico/pico-sdk/lib/tinyusb/src/device/usbd.c.obj
sd_table            0x100             CMakeFiles/ledonoffbutton.dir/home/pi/pico/pico-sdk/src/rp2_common/pico_double/double_init_rom.c.obj
uart_char_to_line_feed
                    0x4               CMakeFiles/ledonoffbutton.dir/home/pi/pico/pico-sdk/src/rp2_common/hardware_uart/uart.c.obj

Discarded input sections

 .text          0x0000000000000000        0x0 /usr/lib/gcc/arm-none-eabi/8.3.1/thumb/v6-m/nofp/crti.o
 .data          0x0000000000000000        0x0 /usr/lib/gcc/arm-none-eabi/8.3.1/thumb/v6-m/nofp/crti.o
 .bss           0x0000000000000000        0x0 /usr/lib/gcc/arm-none-eabi/8.3.1/thumb/v6-m/nofp/crti.o
[...]
Memory Configuration

Name             Origin             Length             Attributes
FLASH            0x0000000010000000 0x0000000000200000 xr
RAM              0x0000000020000000 0x0000000000040000 xrw
SCRATCH_X        0x0000000020040000 0x0000000000001000 xrw
SCRATCH_Y        0x0000000020041000 0x0000000000001000 xrw
*default*        0x0000000000000000 0xffffffffffffffff

Linker script and memory map

LOAD /usr/lib/gcc/arm-none-eabi/8.3.1/thumb/v6-m/nofp/crti.o
LOAD /usr/lib/gcc/arm-none-eabi/8.3.1/thumb/v6-m/nofp/crtbegin.o
LOAD /usr/lib/gcc/arm-none-eabi/8.3.1/../../../arm-none-eabi/lib/thumb/v6-m/nofp/crt0.o

.flash_begin    0x0000000010000000        0x0
                0x0000000010000000                __flash_binary_start = .

.boot2          0x0000000010000000      0x100
                0x0000000010000000                __boot2_start__ = .
 *(.boot2)
 .boot2         0x0000000010000000      0x100 /tmp/ccsonM7U.o
                0x0000000010000100                __boot2_end__ = .
                0x0000000000000001                ASSERT (((__boot2_end__ - __boot2_start__) == 0x100), ERROR: Pico second stage bootloader must be 256 bytes in size)

.text           0x0000000010000100     0x7110
                0x0000000010000100                __logical_binary_start = .
 *(.vectors)
 .vectors       0x0000000010000100       0xd4 CMakeFiles/ledonoffbutton.dir/home/pi/pico/pico-sdk/src/rp2_common/pico_standard_link/crt0.S.obj
                0x0000000010000100                __vectors
                0x0000000010000100                __VECTOR_TABLE
                0x00000000100001c0                isr_invalid
                0x00000000100001c0                __default_isrs_start
                0x00000000100001c2                isr_nmi
                0x00000000100001c4                isr_hardfault
                0x00000000100001c6                isr_svcall
                0x00000000100001c8                isr_pendsv
                0x00000000100001ca                isr_systick
                0x00000000100001cc                isr_irq30
                0x00000000100001cc                __unhandled_user_irq
                0x00000000100001cc                isr_irq13
                0x00000000100001cc                isr_irq27
                0x00000000100001cc                isr_irq31
                0x00000000100001cc                isr_irq5
                0x00000000100001cc                isr_irq11
                0x00000000100001cc                isr_irq23
                0x00000000100001cc                isr_irq18
                0x00000000100001cc                isr_irq28
                0x00000000100001cc                isr_irq19
                0x00000000100001cc                isr_irq0
                0x00000000100001cc                isr_irq6
                0x00000000100001cc                isr_irq22
                0x00000000100001cc                isr_irq17
                0x00000000100001cc                isr_irq14
                0x00000000100001cc                isr_irq2
                0x00000000100001cc                isr_irq10
                0x00000000100001cc                isr_irq8
                0x00000000100001cc                isr_irq24
                0x00000000100001cc                isr_irq1
                0x00000000100001cc                isr_irq7
                0x00000000100001cc                isr_irq21
                0x00000000100001cc                isr_irq20
                0x00000000100001cc                isr_irq15
                0x00000000100001cc                isr_irq25
                0x00000000100001cc                isr_irq4
                0x00000000100001cc                isr_irq16
                0x00000000100001cc                isr_irq29
                0x00000000100001cc                isr_irq26
                0x00000000100001cc                __default_isrs_end
                0x00000000100001cc                isr_irq3
                0x00000000100001cc                isr_irq12
                0x00000000100001cc                isr_irq9
                0x00000000100001d2                unhandled_user_irq_num_in_r0
 *(.binary_info_header)
 .binary_info_header
                0x00000000100001d4       0x14 CMakeFiles/ledonoffbutton.dir/home/pi/pico/pico-sdk/src/rp2_common/pico_standard_link/crt0.S.obj
                0x00000000100001e8                __binary_info_header_end = .
 *(.reset)
 .reset         0x00000000100001e8       0xa8 CMakeFiles/ledonoffbutton.dir/home/pi/pico/pico-sdk/src/rp2_common/pico_standard_link/crt0.S.obj
                0x00000000100001e8                _entry_point
                0x0000000010000266                __get_current_exception
 .reset         0x0000000010000290       0x30 CMakeFiles/ledonoffbutton.dir/home/pi/pico/pico-sdk/src/rp2_common/pico_standard_link/binary_info.c.obj
 *(.init)
 .init          0x00000000100002c0        0x4 /usr/lib/gcc/arm-none-eabi/8.3.1/thumb/v6-m/nofp/crti.o
                0x00000000100002c0                _init
 *(EXCLUDE_FILE(*libm.a: *libc.a:*lib_a-mem*.o *libgcc.a:) .text*)
 .text          0x00000000100002c4       0x98 /usr/lib/gcc/arm-none-eabi/8.3.1/thumb/v6-m/nofp/crtbegin.o
 .text.main     0x000000001000035c       0x9c CMakeFiles/ledonoffbutton.dir/ledonoffbutton.c.obj
                0x000000001000035c                main
 .text.gpio_set_function
                0x00000000100003f8       0x30 CMakeFiles/ledonoffbutton.dir/home/pi/pico/pico-sdk/src/rp2_common/hardware_gpio/gpio.c.obj
                0x00000000100003f8                gpio_set_function
 .text.gpio_init
                0x0000000010000428       0x16 CMakeFiles/ledonoffbutton.dir/home/pi/pico/pico-sdk/src/rp2_common/hardware_gpio/gpio.c.obj
                0x0000000010000428                gpio_init
 *fill*         0x000000001000043e        0x2 
 .text.hw_claim_lock
                0x0000000010000440       0x18 CMakeFiles/ledonoffbutton.dir/home/pi/pico/pico-sdk/src/rp2_common/hardware_claim/claim.c.obj
                0x0000000010000440                hw_claim_lock
 .text.hw_claim_unlock
                0x0000000010000458       0x14 CMakeFiles/ledonoffbutton.dir/home/pi/pico/pico-sdk/src/rp2_common/hardware_claim/claim.c.obj
                0x0000000010000458                hw_claim_unlock
 .text.hw_claim_or_assert
                0x000000001000046c       0x32 CMakeFiles/ledonoffbutton.dir/home/pi/pico/pico-sdk/src/rp2_common/hardware_claim/claim.c.obj
                0x000000001000046c                hw_claim_or_assert
 .text.hw_claim_unused_from_range
                0x000000001000049e       0x50 CMakeFiles/ledonoffbutton.dir/home/pi/pico/pico-sdk/src/rp2_common/hardware_claim/claim.c.obj
                0x000000001000049e                hw_claim_unused_from_range
 *fill*         0x00000000100004ee        0x2 
 .text.running_on_fpga
                0x00000000100004f0       0x14 CMakeFiles/ledonoffbutton.dir/home/pi/pico/pico-sdk/src/rp2_common/pico_platform/platform.c.obj
                0x00000000100004f0                running_on_fpga
 .text.spin_locks_reset
                0x0000000010000504       0x20 CMakeFiles/ledonoffbutton.dir/home/pi/pico/pico-sdk/src/rp2_common/hardware_sync/sync.c.obj
                0x0000000010000504                spin_locks_reset
 .text.next_striped_spin_lock_num
                0x0000000010000524       0x1c CMakeFiles/ledonoffbutton.dir/home/pi/pico/pico-sdk/src/rp2_common/hardware_sync/sync.c.obj
                0x0000000010000524                next_striped_spin_lock_num
 .text.spin_lock_claim_unused
                0x0000000010000540       0x20 CMakeFiles/ledonoffbutton.dir/home/pi/pico/pico-sdk/src/rp2_common/hardware_sync/sync.c.obj
                0x0000000010000540                spin_lock_claim_unused
 .text.uart_set_baudrate
                0x0000000010000560       0x5c CMakeFiles/ledonoffbutton.dir/home/pi/pico/pico-sdk/src/rp2_common/hardware_uart/uart.c.obj
                0x0000000010000560                uart_set_baudrate
 .text.uart_set_translate_crlf
                0x00000000100005bc       0x28 CMakeFiles/ledonoffbutton.dir/home/pi/pico/pico-sdk/src/rp2_common/hardware_uart/uart.c.obj
                0x00000000100005bc                uart_set_translate_crlf
 .text.uart_init
                0x00000000100005e4       0x80 CMakeFiles/ledonoffbutton.dir/home/pi/pico/pico-sdk/src/rp2_common/hardware_uart/uart.c.obj
                0x00000000100005e4                uart_init
 .text.sleep_until_callback
                0x0000000010000664       0x30 CMakeFiles/ledonoffbutton.dir/home/pi/pico/pico-sdk/src/common/pico_time/time.c.obj
 .text.alarm_pool_post_alloc_init
                0x0000000010000694       0x40 CMakeFiles/ledonoffbutton.dir/home/pi/pico/pico-sdk/src/common/pico_time/time.c.obj
 .text.timer_pool_entry_comparator
                0x00000000100006d4       0x7c CMakeFiles/ledonoffbutton.dir/home/pi/pico/pico-sdk/src/common/pico_time/time.c.obj
                0x00000000100006d4                timer_pool_entry_comparator
 .text.ph_add_child_node
                0x0000000010000750       0xa4 CMakeFiles/ledonoffbutton.dir/home/pi/pico/pico-sdk/src/common/pico_time/time.c.obj
 .text.ph_merge_nodes
                0x00000000100007f4       0x3e CMakeFiles/ledonoffbutton.dir/home/pi/pico/pico-sdk/src/common/pico_time/time.c.obj
 *fill*         0x0000000010000832        0x2 
 .text.add_alarm_under_lock
                0x0000000010000834      0x180 CMakeFiles/ledonoffbutton.dir/home/pi/pico/pico-sdk/src/common/pico_time/time.c.obj
 .text.alarm_pool_alarm_callback
                0x00000000100009b4      0x328 CMakeFiles/ledonoffbutton.dir/home/pi/pico/pico-sdk/src/common/pico_time/time.c.obj
 .text.alarm_pool_init_default
                0x0000000010000cdc       0x38 CMakeFiles/ledonoffbutton.dir/home/pi/pico/pico-sdk/src/common/pico_time/time.c.obj
                0x0000000010000cdc                alarm_pool_init_default
 .text.alarm_pool_get_default
                0x0000000010000d14       0x2c CMakeFiles/ledonoffbutton.dir/home/pi/pico/pico-sdk/src/common/pico_time/time.c.obj
                0x0000000010000d14                alarm_pool_get_default
 .text.alarm_pool_add_alarm_at
                0x0000000010000d40      0x154 CMakeFiles/ledonoffbutton.dir/home/pi/pico/pico-sdk/src/common/pico_time/time.c.obj
                0x0000000010000d40                alarm_pool_add_alarm_at
 .text.alarm_pool_cancel_alarm
                0x0000000010000e94       0xec CMakeFiles/ledonoffbutton.dir/home/pi/pico/pico-sdk/src/common/pico_time/time.c.obj
                0x0000000010000e94                alarm_pool_cancel_alarm
 .text.sleep_until
                0x0000000010000f80       0xf8 CMakeFiles/ledonoffbutton.dir/home/pi/pico/pico-sdk/src/common/pico_time/time.c.obj
                0x0000000010000f80                sleep_until
 .text.sleep_us
                0x0000000010001078       0x54 CMakeFiles/ledonoffbutton.dir/home/pi/pico/pico-sdk/src/common/pico_time/time.c.obj
                0x0000000010001078                sleep_us
 .text.sleep_ms
                0x00000000100010cc       0x14 CMakeFiles/ledonoffbutton.dir/home/pi/pico/pico-sdk/src/common/pico_time/time.c.obj
                0x00000000100010cc                sleep_ms
 .text.best_effort_wfe_or_timeout
                0x00000000100010e0       0x80 CMakeFiles/ledonoffbutton.dir/home/pi/pico/pico-sdk/src/common/pico_time/time.c.obj
                0x00000000100010e0                best_effort_wfe_or_timeout
 .text.hardware_alarm_irq_handler
                0x0000000010001160       0x8c CMakeFiles/ledonoffbutton.dir/home/pi/pico/pico-sdk/src/rp2_common/hardware_timer/timer.c.obj
 .text.hardware_alarm_claim
                0x00000000100011ec       0x18 CMakeFiles/ledonoffbutton.dir/home/pi/pico/pico-sdk/src/rp2_common/hardware_timer/timer.c.obj
                0x00000000100011ec                hardware_alarm_claim
 .text.time_us_64
                0x0000000010001204       0x18 CMakeFiles/ledonoffbutton.dir/home/pi/pico/pico-sdk/src/rp2_common/hardware_timer/timer.c.obj
                0x0000000010001204                time_us_64
 .text.busy_wait_until
                0x000000001000121c       0x24 CMakeFiles/ledonoffbutton.dir/home/pi/pico/pico-sdk/src/rp2_common/hardware_timer/timer.c.obj
                0x000000001000121c                busy_wait_until
 .text.hardware_alarm_set_callback
                0x0000000010001240       0x90 CMakeFiles/ledonoffbutton.dir/home/pi/pico/pico-sdk/src/rp2_common/hardware_timer/timer.c.obj
                0x0000000010001240                hardware_alarm_set_callback
 .text.hardware_alarm_set_target
                0x00000000100012d0       0xe8 CMakeFiles/ledonoffbutton.dir/home/pi/pico/pico-sdk/src/rp2_common/hardware_timer/timer.c.obj
                0x00000000100012d0                hardware_alarm_set_target
 .text.hardware_alarm_cancel
                0x00000000100013b8       0x40 CMakeFiles/ledonoffbutton.dir/home/pi/pico/pico-sdk/src/rp2_common/hardware_timer/timer.c.obj
                0x00000000100013b8                hardware_alarm_cancel
 .text.lock_init
                0x00000000100013f8       0x10 CMakeFiles/ledonoffbutton.dir/home/pi/pico/pico-sdk/src/common/pico_sync/lock_core.c.obj
                0x00000000100013f8                lock_init
 .text.mutex_init
                0x0000000010001408       0x1a CMakeFiles/ledonoffbutton.dir/home/pi/pico/pico-sdk/src/common/pico_sync/mutex.c.obj
                0x0000000010001408                mutex_init
 .text.recursive_mutex_init
                0x0000000010001422       0x1e CMakeFiles/ledonoffbutton.dir/home/pi/pico/pico-sdk/src/common/pico_sync/mutex.c.obj
                0x0000000010001422                recursive_mutex_init
 .text.critical_section_init_with_lock_num
                0x0000000010001440       0x14 CMakeFiles/ledonoffbutton.dir/home/pi/pico/pico-sdk/src/common/pico_sync/critical_section.c.obj
                0x0000000010001440                critical_section_init_with_lock_num
 .text.critical_section_init
                0x0000000010001454       0x14 CMakeFiles/ledonoffbutton.dir/home/pi/pico/pico-sdk/src/common/pico_sync/critical_section.c.obj
                0x0000000010001454                critical_section_init
 .text.ph_add_child_node
                0x0000000010001468       0xa4 CMakeFiles/ledonoffbutton.dir/home/pi/pico/pico-sdk/src/common/pico_util/pheap.c.obj
 .text.ph_merge_nodes
                0x000000001000150c       0x3e CMakeFiles/ledonoffbutton.dir/home/pi/pico/pico-sdk/src/common/pico_util/pheap.c.obj
 *fill*         0x000000001000154a        0x2 
 .text.ph_clear
                0x000000001000154c       0x70 CMakeFiles/ledonoffbutton.dir/home/pi/pico/pico-sdk/src/common/pico_util/pheap.c.obj
                0x000000001000154c                ph_clear
 .text.ph_post_alloc_init
                0x00000000100015bc        0xe CMakeFiles/ledonoffbutton.dir/home/pi/pico/pico-sdk/src/common/pico_util/pheap.c.obj
                0x00000000100015bc                ph_post_alloc_init
 *fill*         0x00000000100015ca        0x2 
 .text.ph_merge_two_pass
                0x00000000100015cc       0xac CMakeFiles/ledonoffbutton.dir/home/pi/pico/pico-sdk/src/common/pico_util/pheap.c.obj
                0x00000000100015cc                ph_merge_two_pass
 .text.ph_remove_any_head
                0x0000000010001678      0x108 CMakeFiles/ledonoffbutton.dir/home/pi/pico/pico-sdk/src/common/pico_util/pheap.c.obj
 .text.ph_remove_head
                0x0000000010001780       0x14 CMakeFiles/ledonoffbutton.dir/home/pi/pico/pico-sdk/src/common/pico_util/pheap.c.obj
                0x0000000010001780                ph_remove_head
 .text.ph_remove_and_free_node
                0x0000000010001794       0xf8 CMakeFiles/ledonoffbutton.dir/home/pi/pico/pico-sdk/src/common/pico_util/pheap.c.obj
                0x0000000010001794                ph_remove_and_free_node
 .text._exit    0x000000001000188c        0x4 CMakeFiles/ledonoffbutton.dir/home/pi/pico/pico-sdk/src/rp2_common/pico_runtime/runtime.c.obj
                0x000000001000188c                _exit
 .text.exit     0x0000000010001890        0x6 CMakeFiles/ledonoffbutton.dir/home/pi/pico/pico-sdk/src/rp2_common/pico_runtime/runtime.c.obj
                0x0000000010001890                exit
 *fill*         0x0000000010001896        0x2 
 .text.__assert_func
                0x0000000010001898       0x3c CMakeFiles/ledonoffbutton.dir/home/pi/pico/pico-sdk/src/rp2_common/pico_runtime/runtime.c.obj
                0x0000000010001898                __assert_func
 .text.runtime_init
                0x00000000100018d4       0xf8 CMakeFiles/ledonoffbutton.dir/home/pi/pico/pico-sdk/src/rp2_common/pico_runtime/runtime.c.obj
                0x00000000100018d4                runtime_init
 .text.panic    0x00000000100019cc       0x30 CMakeFiles/ledonoffbutton.dir/home/pi/pico/pico-sdk/src/rp2_common/pico_runtime/runtime.c.obj
                0x00000000100019cc                panic
 .text.clock_configure
                0x00000000100019fc       0xfc CMakeFiles/ledonoffbutton.dir/home/pi/pico/pico-sdk/src/rp2_common/hardware_clocks/clocks.c.obj
                0x00000000100019fc                clock_configure
 .text.clocks_init
                0x0000000010001af8      0x100 CMakeFiles/ledonoffbutton.dir/home/pi/pico/pico-sdk/src/rp2_common/hardware_clocks/clocks.c.obj
                0x0000000010001af8                clocks_init
 .text.clock_get_hz
                0x0000000010001bf8        0xc CMakeFiles/ledonoffbutton.dir/home/pi/pico/pico-sdk/src/rp2_common/hardware_clocks/clocks.c.obj
                0x0000000010001bf8                clock_get_hz
 .text.set_raw_irq_handler_and_unlock
                0x0000000010001c04       0x28 CMakeFiles/ledonoffbutton.dir/home/pi/pico/pico-sdk/src/rp2_common/hardware_irq/irq.c.obj
 .text.make_branch
                0x0000000010001c2c       0x34 CMakeFiles/ledonoffbutton.dir/home/pi/pico/pico-sdk/src/rp2_common/hardware_irq/irq.c.obj
 .text.insert_branch_and_link
                0x0000000010001c60       0x40 CMakeFiles/ledonoffbutton.dir/home/pi/pico/pico-sdk/src/rp2_common/hardware_irq/irq.c.obj
 .text.irq_is_enabled
                0x0000000010001ca0       0x18 CMakeFiles/ledonoffbutton.dir/home/pi/pico/pico-sdk/src/rp2_common/hardware_irq/irq.c.obj
                0x0000000010001ca0                irq_is_enabled
 .text.irq_set_mask_enabled
                0x0000000010001cb8       0x20 CMakeFiles/ledonoffbutton.dir/home/pi/pico/pico-sdk/src/rp2_common/hardware_irq/irq.c.obj
                0x0000000010001cb8                irq_set_mask_enabled
 .text.irq_set_enabled
                0x0000000010001cd8        0xe CMakeFiles/ledonoffbutton.dir/home/pi/pico/pico-sdk/src/rp2_common/hardware_irq/irq.c.obj
                0x0000000010001cd8                irq_set_enabled
 *fill*         0x0000000010001ce6        0x2 
 .text.irq_set_pending
                0x0000000010001ce8       0x10 CMakeFiles/ledonoffbutton.dir/home/pi/pico/pico-sdk/src/rp2_common/hardware_irq/irq.c.obj
                0x0000000010001ce8                irq_set_pending
 .text.irq_get_vtable_handler
                0x0000000010001cf8       0x10 CMakeFiles/ledonoffbutton.dir/home/pi/pico/pico-sdk/src/rp2_common/hardware_irq/irq.c.obj
                0x0000000010001cf8                irq_get_vtable_handler
 .text.irq_set_exclusive_handler
                0x0000000010001d08       0x54 CMakeFiles/ledonoffbutton.dir/home/pi/pico/pico-sdk/src/rp2_common/hardware_irq/irq.c.obj
                0x0000000010001d08                irq_set_exclusive_handler
 .text.irq_remove_handler
                0x0000000010001d5c      0x1a8 CMakeFiles/ledonoffbutton.dir/home/pi/pico/pico-sdk/src/rp2_common/hardware_irq/irq.c.obj
                0x0000000010001d5c                irq_remove_handler
 .text.irq_add_tail_to_free_list
                0x0000000010001f04       0xf0 CMakeFiles/ledonoffbutton.dir/home/pi/pico/pico-sdk/src/rp2_common/hardware_irq/irq.c.obj
                0x0000000010001f04                irq_add_tail_to_free_list
 .text.irq_init_priorities
                0x0000000010001ff4       0x1c CMakeFiles/ledonoffbutton.dir/home/pi/pico/pico-sdk/src/rp2_common/hardware_irq/irq.c.obj
                0x0000000010001ff4                irq_init_priorities
 .text.pll_init
                0x0000000010002010      0x114 CMakeFiles/ledonoffbutton.dir/home/pi/pico/pico-sdk/src/rp2_common/hardware_pll/pll.c.obj
                0x0000000010002010                pll_init
 .text.watchdog_start_tick
                0x0000000010002124       0x10 CMakeFiles/ledonoffbutton.dir/home/pi/pico/pico-sdk/src/rp2_common/hardware_watchdog/watchdog.c.obj
                0x0000000010002124                watchdog_start_tick
 .text.watchdog_update
                0x0000000010002134       0x14 CMakeFiles/ledonoffbutton.dir/home/pi/pico/pico-sdk/src/rp2_common/hardware_watchdog/watchdog.c.obj
                0x0000000010002134                watchdog_update
 .text._watchdog_enable
                0x0000000010002148       0x74 CMakeFiles/ledonoffbutton.dir/home/pi/pico/pico-sdk/src/rp2_common/hardware_watchdog/watchdog.c.obj
                0x0000000010002148                _watchdog_enable
 .text.watchdog_reboot
                0x00000000100021bc       0x44 CMakeFiles/ledonoffbutton.dir/home/pi/pico/pico-sdk/src/rp2_common/hardware_watchdog/watchdog.c.obj
                0x00000000100021bc                watchdog_reboot
 .text.xosc_init
                0x0000000010002200       0x28 CMakeFiles/ledonoffbutton.dir/home/pi/pico/pico-sdk/src/rp2_common/hardware_xosc/xosc.c.obj
                0x0000000010002200                xosc_init
 .text._out_null
                0x0000000010002228        0x2 CMakeFiles/ledonoffbutton.dir/home/pi/pico/pico-sdk/src/rp2_common/pico_printf/printf.c.obj
 .text._out_fct
                0x000000001000222a        0xe CMakeFiles/ledonoffbutton.dir/home/pi/pico/pico-sdk/src/rp2_common/pico_printf/printf.c.obj
 .text._atoi    0x0000000010002238       0x28 CMakeFiles/ledonoffbutton.dir/home/pi/pico/pico-sdk/src/rp2_common/pico_printf/printf.c.obj
 .text._out_rev
                0x0000000010002260       0x8c CMakeFiles/ledonoffbutton.dir/home/pi/pico/pico-sdk/src/rp2_common/pico_printf/printf.c.obj
 .text._ntoa_format
                0x00000000100022ec      0x10c CMakeFiles/ledonoffbutton.dir/home/pi/pico/pico-sdk/src/rp2_common/pico_printf/printf.c.obj
 .text._ntoa_long
                0x00000000100023f8       0xb0 CMakeFiles/ledonoffbutton.dir/home/pi/pico/pico-sdk/src/rp2_common/pico_printf/printf.c.obj
 .text._ntoa_long_long
                0x00000000100024a8       0xe6 CMakeFiles/ledonoffbutton.dir/home/pi/pico/pico-sdk/src/rp2_common/pico_printf/printf.c.obj
 *fill*         0x000000001000258e        0x2 
 .text._etoa    0x0000000010002590      0x408 CMakeFiles/ledonoffbutton.dir/home/pi/pico/pico-sdk/src/rp2_common/pico_printf/printf.c.obj
 .text._ftoa    0x0000000010002998      0x344 CMakeFiles/ledonoffbutton.dir/home/pi/pico/pico-sdk/src/rp2_common/pico_printf/printf.c.obj
 .text._vsnprintf
                0x0000000010002cdc      0x61c CMakeFiles/ledonoffbutton.dir/home/pi/pico/pico-sdk/src/rp2_common/pico_printf/printf.c.obj
 .text.vfctprintf
                0x00000000100032f8       0x20 CMakeFiles/ledonoffbutton.dir/home/pi/pico/pico-sdk/src/rp2_common/pico_printf/printf.c.obj
                0x00000000100032f8                vfctprintf
 .text          0x0000000010003318       0x10 CMakeFiles/ledonoffbutton.dir/home/pi/pico/pico-sdk/src/rp2_common/pico_bit_ops/bit_ops_aeabi.S.obj
 .text.rom_func_lookup
                0x0000000010003328       0x10 CMakeFiles/ledonoffbutton.dir/home/pi/pico/pico-sdk/src/rp2_common/pico_bootrom/bootrom.c.obj
                0x0000000010003328                rom_func_lookup
 .text.rom_data_lookup
                0x0000000010003338       0x10 CMakeFiles/ledonoffbutton.dir/home/pi/pico/pico-sdk/src/rp2_common/pico_bootrom/bootrom.c.obj
                0x0000000010003338                rom_data_lookup
 .text.rom_funcs_lookup
                0x0000000010003348       0x36 CMakeFiles/ledonoffbutton.dir/home/pi/pico/pico-sdk/src/rp2_common/pico_bootrom/bootrom.c.obj
                0x0000000010003348                rom_funcs_lookup
 *fill*         0x000000001000337e        0x2 
 .text.__wrap___aeabi_idiv
                0x0000000010003380       0x50 CMakeFiles/ledonoffbutton.dir/home/pi/pico/pico-sdk/src/rp2_common/pico_divider/divider.S.obj
                0x0000000010003380                __wrap___aeabi_idivmod
                0x0000000010003380                divmod_s32s32
                0x0000000010003380                div_s32s32
                0x0000000010003380                __wrap___aeabi_idiv
                0x0000000010003388                divmod_s32s32_unsafe
                0x00000000100033b4                divmod_s32s32_savestate
 .text.__wrap___aeabi_uidiv
                0x00000000100033d0       0x4c CMakeFiles/ledonoffbutton.dir/home/pi/pico/pico-sdk/src/rp2_common/pico_divider/divider.S.obj
                0x00000000100033d0                __wrap___aeabi_uidiv
                0x00000000100033d0                __wrap___aeabi_uidivmod
                0x00000000100033d0                div_u32u32
                0x00000000100033d0                divmod_u32u32
                0x00000000100033d8                divmod_u32u32_unsafe
                0x0000000010003400                divmod_u32u32_savestate
 .text.__wrap___aeabi_ldiv
                0x000000001000341c      0x434 CMakeFiles/ledonoffbutton.dir/home/pi/pico/pico-sdk/src/rp2_common/pico_divider/divider.S.obj
                0x000000001000341c                div_s64s64
                0x000000001000341c                divmod_s64s64
                0x000000001000341c                __wrap___aeabi_ldivmod
                0x0000000010003454                div_u64u64
                0x0000000010003454                divmod_u64u64
                0x0000000010003454                __wrap___aeabi_uldivmod
                0x0000000010003464                divmod_u64u64_savestate
                0x000000001000348c                divmod_s64s64_unsafe
                0x0000000010003514                divmod_u64u64_unsafe
 .text.__wrap___aeabi_darithmetic
                0x0000000010003850       0x80 CMakeFiles/ledonoffbutton.dir/home/pi/pico/pico-sdk/src/rp2_common/pico_double/double_aeabi.S.obj
                0x0000000010003850                __wrap___aeabi_drsub
                0x0000000010003856                __wrap___aeabi_dsub
                0x0000000010003868                __wrap___aeabi_dadd
                0x000000001000387a                __wrap___aeabi_ddiv
                0x00000000100038b6                __wrap___aeabi_dmul
 .text.__wrap___aeabi_cdcmple
                0x00000000100038d0       0x6c CMakeFiles/ledonoffbutton.dir/home/pi/pico/pico-sdk/src/rp2_common/pico_double/double_aeabi.S.obj
                0x00000000100038d0                __wrap___aeabi_cdrcmple
                0x00000000100038e0                __wrap___aeabi_cdcmple
                0x00000000100038e0                __wrap___aeabi_cdcmpeq
 .text.__wrap___aeabi_dcmplt
                0x000000001000393c        0xc CMakeFiles/ledonoffbutton.dir/home/pi/pico/pico-sdk/src/rp2_common/pico_double/double_aeabi.S.obj
                0x000000001000393c                __wrap___aeabi_dcmplt
 .text.__wrap___aeabi_dcmple
                0x0000000010003948       0x10 CMakeFiles/ledonoffbutton.dir/home/pi/pico/pico-sdk/src/rp2_common/pico_double/double_aeabi.S.obj
                0x0000000010003948                __wrap___aeabi_dcmple
 .text.__wrap___aeabi_dcmpge
                0x0000000010003958       0x10 CMakeFiles/ledonoffbutton.dir/home/pi/pico/pico-sdk/src/rp2_common/pico_double/double_aeabi.S.obj
                0x0000000010003958                __wrap___aeabi_dcmpge
 .text.__wrap___aeabi_dcmpgt
                0x0000000010003968        0xa CMakeFiles/ledonoffbutton.dir/home/pi/pico/pico-sdk/src/rp2_common/pico_double/double_aeabi.S.obj
                0x0000000010003968                __wrap___aeabi_dcmpgt
 .text.__wrap___aeabi_dcmpun
                0x0000000010003972       0x1c CMakeFiles/ledonoffbutton.dir/home/pi/pico/pico-sdk/src/rp2_common/pico_double/double_aeabi.S.obj
                0x0000000010003972                __wrap___aeabi_dcmpun
 *fill*         0x000000001000398e        0x2 
 .text.__wrap___aeabi_i2d
                0x0000000010003990       0x38 CMakeFiles/ledonoffbutton.dir/home/pi/pico/pico-sdk/src/rp2_common/pico_double/double_aeabi.S.obj
                0x0000000010003990                __wrap___aeabi_ui2d
                0x0000000010003998                __wrap___aeabi_i2d
 .text.__wrap___aeabi_d2iz
                0x00000000100039c8       0x48 CMakeFiles/ledonoffbutton.dir/home/pi/pico/pico-sdk/src/rp2_common/pico_double/double_aeabi.S.obj
                0x00000000100039c8                __wrap___aeabi_d2iz
                0x00000000100039c8                double2int_z
 .text.__wrap___aeabi_d2uiz
                0x0000000010003a10       0x18 CMakeFiles/ledonoffbutton.dir/home/pi/pico/pico-sdk/src/rp2_common/pico_double/double_aeabi.S.obj
                0x0000000010003a10                double2uint
                0x0000000010003a10                __wrap___aeabi_d2uiz
 .text.__aeabi_double_init
                0x0000000010003a28       0xc8 CMakeFiles/ledonoffbutton.dir/home/pi/pico/pico-sdk/src/rp2_common/pico_double/double_init_rom.c.obj
                0x0000000010003a28                __aeabi_double_init
 .text.double_table_shim_on_use_helper
                0x0000000010003af0       0x34 CMakeFiles/ledonoffbutton.dir/home/pi/pico/pico-sdk/src/rp2_common/pico_double/double_v1_rom_shim.S.obj
                0x0000000010003af0                double_table_shim_on_use_helper
 .text.__wrap___aeabi_dsub
                0x0000000010003b24       0x10 CMakeFiles/ledonoffbutton.dir/home/pi/pico/pico-sdk/src/rp2_common/pico_double/double_v1_rom_shim.S.obj
                0x0000000010003b24                drsub_shim
                0x0000000010003b2a                dsub_shim
 .text.dadd_shim
                0x0000000010003b34      0x15c CMakeFiles/ledonoffbutton.dir/home/pi/pico/pico-sdk/src/rp2_common/pico_double/double_v1_rom_shim.S.obj
                0x0000000010003b34                dadd_shim
 .text.dmul_shim
                0x0000000010003c90      0x15c CMakeFiles/ledonoffbutton.dir/home/pi/pico/pico-sdk/src/rp2_common/pico_double/double_v1_rom_shim.S.obj
                0x0000000010003c90                dmul_shim
 .text.ddiv_shim
                0x0000000010003dec      0x1b0 CMakeFiles/ledonoffbutton.dir/home/pi/pico/pico-sdk/src/rp2_common/pico_double/double_v1_rom_shim.S.obj
                0x0000000010003dec                ddiv_shim
 .text.double2uint_shim
                0x0000000010003f9c        0xe CMakeFiles/ledonoffbutton.dir/home/pi/pico/pico-sdk/src/rp2_common/pico_double/double_v1_rom_shim.S.obj
                0x0000000010003f9c                double2uint_shim
                0x0000000010003f9e                double2ufix_shim
 *fill*         0x0000000010003faa        0x2 
 .text.double2uint64_shim
                0x0000000010003fac       0x70 CMakeFiles/ledonoffbutton.dir/home/pi/pico/pico-sdk/src/rp2_common/pico_double/double_v1_rom_shim.S.obj
                0x0000000010003fac                double2uint64_shim
                0x0000000010003fae                double2ufix64_shim
                0x0000000010003fce                d2fix_a
 .text.dunpacks
                0x000000001000401c       0x3c CMakeFiles/ledonoffbutton.dir/home/pi/pico/pico-sdk/src/rp2_common/pico_double/double_v1_rom_shim.S.obj
                0x000000001000401c                dunpacks
 .text.__aeabi_lmul
                0x0000000010004058       0x32 CMakeFiles/ledonoffbutton.dir/home/pi/pico/pico-sdk/src/rp2_common/pico_int64_ops/pico_int64_ops_aeabi.S.obj
                0x0000000010004058                __wrap___aeabi_lmul
 *fill*         0x000000001000408a        0x2 
 .text.__aeabi_float_init
                0x000000001000408c       0xfc CMakeFiles/ledonoffbutton.dir/home/pi/pico/pico-sdk/src/rp2_common/pico_float/float_init_rom.c.obj
                0x000000001000408c                __aeabi_float_init
 .text.float_table_shim_on_use_helper
                0x0000000010004188       0x34 CMakeFiles/ledonoffbutton.dir/home/pi/pico/pico-sdk/src/rp2_common/pico_float/float_v1_rom_shim.S.obj
                0x0000000010004188                float_table_shim_on_use_helper
 .text          0x00000000100041bc       0x10 CMakeFiles/ledonoffbutton.dir/home/pi/pico/pico-sdk/src/rp2_common/pico_mem_ops/mem_ops_aeabi.S.obj
                0x00000000100041bc                __aeabi_mem_init
 .text.memset   0x00000000100041cc        0xc CMakeFiles/ledonoffbutton.dir/home/pi/pico/pico-sdk/src/rp2_common/pico_mem_ops/mem_ops_aeabi.S.obj
                0x00000000100041cc                __wrap_memset
 .text.memcpy   0x00000000100041d8        0xc CMakeFiles/ledonoffbutton.dir/home/pi/pico/pico-sdk/src/rp2_common/pico_mem_ops/mem_ops_aeabi.S.obj
                0x00000000100041d8                __wrap___aeabi_memcpy
                0x00000000100041d8                __wrap_memcpy
 .text.stdio_out_chars_no_crlf
                0x00000000100041e4        0xe CMakeFiles/ledonoffbutton.dir/home/pi/pico/pico-sdk/src/rp2_common/pico_stdio/stdio.c.obj
 *fill*         0x00000000100041f2        0x2 
 .text.stdio_out_chars_crlf
                0x00000000100041f4       0x80 CMakeFiles/ledonoffbutton.dir/home/pi/pico/pico-sdk/src/rp2_common/pico_stdio/stdio.c.obj
 .text.stdio_stack_buffer_flush
                0x0000000010004274       0x44 CMakeFiles/ledonoffbutton.dir/home/pi/pico/pico-sdk/src/rp2_common/pico_stdio/stdio.c.obj
 .text.stdio_buffered_printer
                0x00000000100042b8       0x20 CMakeFiles/ledonoffbutton.dir/home/pi/pico/pico-sdk/src/rp2_common/pico_stdio/stdio.c.obj
 .text.stdout_serialize_begin
                0x00000000100042d8       0x30 CMakeFiles/ledonoffbutton.dir/home/pi/pico/pico-sdk/src/rp2_common/pico_stdio/stdio.c.obj
                0x00000000100042d8                stdout_serialize_begin
 .text.stdout_serialize_end
                0x0000000010004308       0x10 CMakeFiles/ledonoffbutton.dir/home/pi/pico/pico-sdk/src/rp2_common/pico_stdio/stdio.c.obj
                0x0000000010004308                stdout_serialize_end
 .text.stdio_put_string
                0x0000000010004318       0x94 CMakeFiles/ledonoffbutton.dir/home/pi/pico/pico-sdk/src/rp2_common/pico_stdio/stdio.c.obj
 .text.stdio_set_driver_enabled
                0x00000000100043ac       0x38 CMakeFiles/ledonoffbutton.dir/home/pi/pico/pico-sdk/src/rp2_common/pico_stdio/stdio.c.obj
                0x00000000100043ac                stdio_set_driver_enabled
 .text.stdio_flush
                0x00000000100043e4       0x20 CMakeFiles/ledonoffbutton.dir/home/pi/pico/pico-sdk/src/rp2_common/pico_stdio/stdio.c.obj
                0x00000000100043e4                stdio_flush
 .text.__wrap_puts
                0x0000000010004404       0x1e CMakeFiles/ledonoffbutton.dir/home/pi/pico/pico-sdk/src/rp2_common/pico_stdio/stdio.c.obj
                0x0000000010004404                __wrap_puts
 *fill*         0x0000000010004422        0x2 
 .text.__wrap_vprintf
                0x0000000010004424       0x44 CMakeFiles/ledonoffbutton.dir/home/pi/pico/pico-sdk/src/rp2_common/pico_stdio/stdio.c.obj
                0x0000000010004424                __wrap_vprintf
 .text.__wrap_printf
                0x0000000010004468       0x18 CMakeFiles/ledonoffbutton.dir/home/pi/pico/pico-sdk/src/rp2_common/pico_stdio/stdio.c.obj
                0x0000000010004468                __wrap_printf
 .text.stdio_init_all
                0x0000000010004480        0xc CMakeFiles/ledonoffbutton.dir/home/pi/pico/pico-sdk/src/rp2_common/pico_stdio/stdio.c.obj
                0x0000000010004480                stdio_init_all
 .text.stdio_uart_out_chars
                0x000000001000448c       0x74 CMakeFiles/ledonoffbutton.dir/home/pi/pico/pico-sdk/src/rp2_common/pico_stdio_uart/stdio_uart.c.obj
 .text.stdio_uart_in_chars
                0x0000000010004500       0x54 CMakeFiles/ledonoffbutton.dir/home/pi/pico/pico-sdk/src/rp2_common/pico_stdio_uart/stdio_uart.c.obj
                0x0000000010004500                stdio_uart_in_chars
 .text.stdio_uart_init_full
                0x0000000010004554       0x3c CMakeFiles/ledonoffbutton.dir/home/pi/pico/pico-sdk/src/rp2_common/pico_stdio_uart/stdio_uart.c.obj
                0x0000000010004554                stdio_uart_init_full
 .text.stdio_uart_init
                0x0000000010004590       0x28 CMakeFiles/ledonoffbutton.dir/home/pi/pico/pico-sdk/src/rp2_common/pico_stdio_uart/stdio_uart.c.obj
                0x0000000010004590                stdio_uart_init
 .text.resetd_init
                0x00000000100045b8        0x2 CMakeFiles/ledonoffbutton.dir/home/pi/pico/pico-sdk/src/rp2_common/pico_stdio_usb/reset_interface.c.obj
 *fill*         0x00000000100045ba        0x2 
 .text.resetd_reset
                0x00000000100045bc        0xc CMakeFiles/ledonoffbutton.dir/home/pi/pico/pico-sdk/src/rp2_common/pico_stdio_usb/reset_interface.c.obj
 .text.resetd_open
                0x00000000100045c8       0x34 CMakeFiles/ledonoffbutton.dir/home/pi/pico/pico-sdk/src/rp2_common/pico_stdio_usb/reset_interface.c.obj
 .text.resetd_xfer_cb
                0x00000000100045fc        0x4 CMakeFiles/ledonoffbutton.dir/home/pi/pico/pico-sdk/src/rp2_common/pico_stdio_usb/reset_interface.c.obj
 .text.resetd_control_xfer_cb
                0x0000000010004600       0x6c CMakeFiles/ledonoffbutton.dir/home/pi/pico/pico-sdk/src/rp2_common/pico_stdio_usb/reset_interface.c.obj
 .text.usbd_app_driver_get_cb
                0x000000001000466c        0xc CMakeFiles/ledonoffbutton.dir/home/pi/pico/pico-sdk/src/rp2_common/pico_stdio_usb/reset_interface.c.obj
                0x000000001000466c                usbd_app_driver_get_cb
 .text.tud_cdc_line_coding_cb
                0x0000000010004678       0x34 CMakeFiles/ledonoffbutton.dir/home/pi/pico/pico-sdk/src/rp2_common/pico_stdio_usb/reset_interface.c.obj
                0x0000000010004678                tud_cdc_line_coding_cb
 .text.stdio_usb_in_chars
                0x00000000100046ac       0x70 CMakeFiles/ledonoffbutton.dir/home/pi/pico/pico-sdk/src/rp2_common/pico_stdio_usb/stdio_usb.c.obj
                0x00000000100046ac                stdio_usb_in_chars
 .text.low_priority_worker_irq
                0x000000001000471c       0x20 CMakeFiles/ledonoffbutton.dir/home/pi/pico/pico-sdk/src/rp2_common/pico_stdio_usb/stdio_usb.c.obj
 .text.stdio_usb_out_chars
                0x000000001000473c       0xd4 CMakeFiles/ledonoffbutton.dir/home/pi/pico/pico-sdk/src/rp2_common/pico_stdio_usb/stdio_usb.c.obj
 .text.timer_task
                0x0000000010004810       0x10 CMakeFiles/ledonoffbutton.dir/home/pi/pico/pico-sdk/src/rp2_common/pico_stdio_usb/stdio_usb.c.obj
 .text.stdio_usb_init
                0x0000000010004820       0xb4 CMakeFiles/ledonoffbutton.dir/home/pi/pico/pico-sdk/src/rp2_common/pico_stdio_usb/stdio_usb.c.obj
                0x0000000010004820                stdio_usb_init
 .text.tud_descriptor_device_cb
                0x00000000100048d4        0x8 CMakeFiles/ledonoffbutton.dir/home/pi/pico/pico-sdk/src/rp2_common/pico_stdio_usb/stdio_usb_descriptors.c.obj
                0x00000000100048d4                tud_descriptor_device_cb
 .text.tud_descriptor_configuration_cb
                0x00000000100048dc        0x8 CMakeFiles/ledonoffbutton.dir/home/pi/pico/pico-sdk/src/rp2_common/pico_stdio_usb/stdio_usb_descriptors.c.obj
                0x00000000100048dc                tud_descriptor_configuration_cb
 .text.tud_descriptor_string_cb
                0x00000000100048e4       0x6c CMakeFiles/ledonoffbutton.dir/home/pi/pico/pico-sdk/src/rp2_common/pico_stdio_usb/stdio_usb_descriptors.c.obj
                0x00000000100048e4                tud_descriptor_string_cb
 .text.hw_endpoint_get_by_addr
                0x0000000010004950       0x18 CMakeFiles/ledonoffbutton.dir/home/pi/pico/pico-sdk/lib/tinyusb/src/portable/raspberrypi/rp2040/dcd_rp2040.c.obj
 .text.reset_ep0_pid
                0x0000000010004968       0x28 CMakeFiles/ledonoffbutton.dir/home/pi/pico/pico-sdk/lib/tinyusb/src/portable/raspberrypi/rp2040/dcd_rp2040.c.obj
 .text._hw_endpoint_alloc
                0x0000000010004990       0x70 CMakeFiles/ledonoffbutton.dir/home/pi/pico/pico-sdk/lib/tinyusb/src/portable/raspberrypi/rp2040/dcd_rp2040.c.obj
 .text.hw_endpoint_init
                0x0000000010004a00       0x88 CMakeFiles/ledonoffbutton.dir/home/pi/pico/pico-sdk/lib/tinyusb/src/portable/raspberrypi/rp2040/dcd_rp2040.c.obj
 .text.reset_non_control_endpoints
                0x0000000010004a88       0x40 CMakeFiles/ledonoffbutton.dir/home/pi/pico/pico-sdk/lib/tinyusb/src/portable/raspberrypi/rp2040/dcd_rp2040.c.obj
 .text.hw_handle_buff_status
                0x0000000010004ac8       0x8c CMakeFiles/ledonoffbutton.dir/home/pi/pico/pico-sdk/lib/tinyusb/src/portable/raspberrypi/rp2040/dcd_rp2040.c.obj
 .text.dcd_rp2040_irq
                0x0000000010004b54       0xbc CMakeFiles/ledonoffbutton.dir/home/pi/pico/pico-sdk/lib/tinyusb/src/portable/raspberrypi/rp2040/dcd_rp2040.c.obj
 .text.hw_endpoint_xfer
                0x0000000010004c10       0x14 CMakeFiles/ledonoffbutton.dir/home/pi/pico/pico-sdk/lib/tinyusb/src/portable/raspberrypi/rp2040/dcd_rp2040.c.obj
 .text.dcd_int_enable
                0x0000000010004c24       0x2c CMakeFiles/ledonoffbutton.dir/home/pi/pico/pico-sdk/lib/tinyusb/src/portable/raspberrypi/rp2040/dcd_rp2040.c.obj
                0x0000000010004c24                dcd_int_enable
 .text.dcd_set_address
                0x0000000010004c50       0x2c CMakeFiles/ledonoffbutton.dir/home/pi/pico/pico-sdk/lib/tinyusb/src/portable/raspberrypi/rp2040/dcd_rp2040.c.obj
                0x0000000010004c50                dcd_set_address
 .text.dcd_connect
                0x0000000010004c7c       0x10 CMakeFiles/ledonoffbutton.dir/home/pi/pico/pico-sdk/lib/tinyusb/src/portable/raspberrypi/rp2040/dcd_rp2040.c.obj
                0x0000000010004c7c                dcd_connect
 .text.dcd_init
                0x0000000010004c8c       0x7c CMakeFiles/ledonoffbutton.dir/home/pi/pico/pico-sdk/lib/tinyusb/src/portable/raspberrypi/rp2040/dcd_rp2040.c.obj
                0x0000000010004c8c                dcd_init
 .text.dcd_edpt0_status_complete
                0x0000000010004d08       0x1c CMakeFiles/ledonoffbutton.dir/home/pi/pico/pico-sdk/lib/tinyusb/src/portable/raspberrypi/rp2040/dcd_rp2040.c.obj
                0x0000000010004d08                dcd_edpt0_status_complete
 .text.dcd_edpt_open
                0x0000000010004d24       0x40 CMakeFiles/ledonoffbutton.dir/home/pi/pico/pico-sdk/lib/tinyusb/src/portable/raspberrypi/rp2040/dcd_rp2040.c.obj
                0x0000000010004d24                dcd_edpt_open
 .text.dcd_edpt_close_all
                0x0000000010004d64        0x8 CMakeFiles/ledonoffbutton.dir/home/pi/pico/pico-sdk/lib/tinyusb/src/portable/raspberrypi/rp2040/dcd_rp2040.c.obj
                0x0000000010004d64                dcd_edpt_close_all
 .text.dcd_edpt_xfer
                0x0000000010004d6c       0x30 CMakeFiles/ledonoffbutton.dir/home/pi/pico/pico-sdk/lib/tinyusb/src/portable/raspberrypi/rp2040/dcd_rp2040.c.obj
                0x0000000010004d6c                dcd_edpt_xfer
 .text.dcd_edpt_stall
                0x0000000010004d9c       0x2c CMakeFiles/ledonoffbutton.dir/home/pi/pico/pico-sdk/lib/tinyusb/src/portable/raspberrypi/rp2040/dcd_rp2040.c.obj
                0x0000000010004d9c                dcd_edpt_stall
 .text.dcd_edpt_clear_stall
                0x0000000010004dc8       0x20 CMakeFiles/ledonoffbutton.dir/home/pi/pico/pico-sdk/lib/tinyusb/src/portable/raspberrypi/rp2040/dcd_rp2040.c.obj
                0x0000000010004dc8                dcd_edpt_clear_stall
 .text.prepare_ep_buffer
                0x0000000010004de8       0x70 CMakeFiles/ledonoffbutton.dir/home/pi/pico/pico-sdk/lib/tinyusb/src/portable/raspberrypi/rp2040/rp2040_usb.c.obj
 .text.sync_ep_buffer
                0x0000000010004e58       0x7c CMakeFiles/ledonoffbutton.dir/home/pi/pico/pico-sdk/lib/tinyusb/src/portable/raspberrypi/rp2040/rp2040_usb.c.obj
 .text._hw_endpoint_xfer_sync
                0x0000000010004ed4       0x28 CMakeFiles/ledonoffbutton.dir/home/pi/pico/pico-sdk/lib/tinyusb/src/portable/raspberrypi/rp2040/rp2040_usb.c.obj
 .text.rp2040_usb_init
                0x0000000010004efc       0x4c CMakeFiles/ledonoffbutton.dir/home/pi/pico/pico-sdk/lib/tinyusb/src/portable/raspberrypi/rp2040/rp2040_usb.c.obj
                0x0000000010004efc                rp2040_usb_init
 .text.hw_endpoint_reset_transfer
                0x0000000010004f48        0xc CMakeFiles/ledonoffbutton.dir/home/pi/pico/pico-sdk/lib/tinyusb/src/portable/raspberrypi/rp2040/rp2040_usb.c.obj
                0x0000000010004f48                hw_endpoint_reset_transfer
 .text._hw_endpoint_buffer_control_update32
                0x0000000010004f54       0x58 CMakeFiles/ledonoffbutton.dir/home/pi/pico/pico-sdk/lib/tinyusb/src/portable/raspberrypi/rp2040/rp2040_usb.c.obj
                0x0000000010004f54                _hw_endpoint_buffer_control_update32
 .text._hw_endpoint_start_next_buffer
                0x0000000010004fac       0x74 CMakeFiles/ledonoffbutton.dir/home/pi/pico/pico-sdk/lib/tinyusb/src/portable/raspberrypi/rp2040/rp2040_usb.c.obj
 .text.hw_endpoint_xfer_start
                0x0000000010005020       0x48 CMakeFiles/ledonoffbutton.dir/home/pi/pico/pico-sdk/lib/tinyusb/src/portable/raspberrypi/rp2040/rp2040_usb.c.obj
                0x0000000010005020                hw_endpoint_xfer_start
 .text.hw_endpoint_xfer_continue
                0x0000000010005068       0x38 CMakeFiles/ledonoffbutton.dir/home/pi/pico/pico-sdk/lib/tinyusb/src/portable/raspberrypi/rp2040/rp2040_usb.c.obj
                0x0000000010005068                hw_endpoint_xfer_continue
 .text.configuration_reset
                0x00000000100050a0       0x84 CMakeFiles/ledonoffbutton.dir/home/pi/pico/pico-sdk/lib/tinyusb/src/device/usbd.c.obj
 .text.usbd_reset
                0x0000000010005124        0xc CMakeFiles/ledonoffbutton.dir/home/pi/pico/pico-sdk/lib/tinyusb/src/device/usbd.c.obj
 .text.invoke_class_control
                0x0000000010005130       0x1a CMakeFiles/ledonoffbutton.dir/home/pi/pico/pico-sdk/lib/tinyusb/src/device/usbd.c.obj
 *fill*         0x000000001000514a        0x2 
 .text.process_set_config
                0x000000001000514c      0x1a8 CMakeFiles/ledonoffbutton.dir/home/pi/pico/pico-sdk/lib/tinyusb/src/device/usbd.c.obj
 .text.process_get_descriptor
                0x00000000100052f4       0xf8 CMakeFiles/ledonoffbutton.dir/home/pi/pico/pico-sdk/lib/tinyusb/src/device/usbd.c.obj
 .text.tud_mounted
                0x00000000100053ec       0x10 CMakeFiles/ledonoffbutton.dir/home/pi/pico/pico-sdk/lib/tinyusb/src/device/usbd.c.obj
                0x00000000100053ec                tud_mounted
 .text.tud_suspended
                0x00000000100053fc       0x10 CMakeFiles/ledonoffbutton.dir/home/pi/pico/pico-sdk/lib/tinyusb/src/device/usbd.c.obj
                0x00000000100053fc                tud_suspended
 .text.tud_inited
                0x000000001000540c        0xc CMakeFiles/ledonoffbutton.dir/home/pi/pico/pico-sdk/lib/tinyusb/src/device/usbd.c.obj
                0x000000001000540c                tud_inited
 .text.tud_init
                0x0000000010005418       0xcc CMakeFiles/ledonoffbutton.dir/home/pi/pico/pico-sdk/lib/tinyusb/src/device/usbd.c.obj
                0x0000000010005418                tud_init
 .text.dcd_event_handler
                0x00000000100054e4      0x1e0 CMakeFiles/ledonoffbutton.dir/home/pi/pico/pico-sdk/lib/tinyusb/src/device/usbd.c.obj
                0x00000000100054e4                dcd_event_handler
 .text.dcd_event_bus_signal
                0x00000000100056c4       0x28 CMakeFiles/ledonoffbutton.dir/home/pi/pico/pico-sdk/lib/tinyusb/src/device/usbd.c.obj
                0x00000000100056c4                dcd_event_bus_signal
 .text.dcd_event_bus_reset
                0x00000000100056ec       0x2c CMakeFiles/ledonoffbutton.dir/home/pi/pico/pico-sdk/lib/tinyusb/src/device/usbd.c.obj
                0x00000000100056ec                dcd_event_bus_reset
 .text.dcd_event_setup_received
                0x0000000010005718       0x34 CMakeFiles/ledonoffbutton.dir/home/pi/pico/pico-sdk/lib/tinyusb/src/device/usbd.c.obj
                0x0000000010005718                dcd_event_setup_received
 .text.dcd_event_xfer_complete
                0x000000001000574c       0x46 CMakeFiles/ledonoffbutton.dir/home/pi/pico/pico-sdk/lib/tinyusb/src/device/usbd.c.obj
                0x000000001000574c                dcd_event_xfer_complete
 *fill*         0x0000000010005792        0x2 
 .text.usbd_edpt_open
                0x0000000010005794       0x58 CMakeFiles/ledonoffbutton.dir/home/pi/pico/pico-sdk/lib/tinyusb/src/device/usbd.c.obj
                0x0000000010005794                usbd_edpt_open
 .text.usbd_open_edpt_pair
                0x00000000100057ec       0x8c CMakeFiles/ledonoffbutton.dir/home/pi/pico/pico-sdk/lib/tinyusb/src/device/usbd.c.obj
                0x00000000100057ec                usbd_open_edpt_pair
 .text.usbd_edpt_claim
                0x0000000010005878       0x88 CMakeFiles/ledonoffbutton.dir/home/pi/pico/pico-sdk/lib/tinyusb/src/device/usbd.c.obj
                0x0000000010005878                usbd_edpt_claim
 .text.usbd_edpt_release
                0x0000000010005900       0x68 CMakeFiles/ledonoffbutton.dir/home/pi/pico/pico-sdk/lib/tinyusb/src/device/usbd.c.obj
                0x0000000010005900                usbd_edpt_release
 .text.usbd_edpt_xfer
                0x0000000010005968       0x80 CMakeFiles/ledonoffbutton.dir/home/pi/pico/pico-sdk/lib/tinyusb/src/device/usbd.c.obj
                0x0000000010005968                usbd_edpt_xfer
 .text.usbd_edpt_stall
                0x00000000100059e8       0x40 CMakeFiles/ledonoffbutton.dir/home/pi/pico/pico-sdk/lib/tinyusb/src/device/usbd.c.obj
                0x00000000100059e8                usbd_edpt_stall
 .text.usbd_edpt_clear_stall
                0x0000000010005a28       0x40 CMakeFiles/ledonoffbutton.dir/home/pi/pico/pico-sdk/lib/tinyusb/src/device/usbd.c.obj
                0x0000000010005a28                usbd_edpt_clear_stall
 .text.usbd_edpt_stalled
                0x0000000010005a68       0x1c CMakeFiles/ledonoffbutton.dir/home/pi/pico/pico-sdk/lib/tinyusb/src/device/usbd.c.obj
                0x0000000010005a68                usbd_edpt_stalled
 .text.process_control_request
                0x0000000010005a84      0x3bc CMakeFiles/ledonoffbutton.dir/home/pi/pico/pico-sdk/lib/tinyusb/src/device/usbd.c.obj
 .text.tud_task
                0x0000000010005e40      0x218 CMakeFiles/ledonoffbutton.dir/home/pi/pico/pico-sdk/lib/tinyusb/src/device/usbd.c.obj
                0x0000000010005e40                tud_task
 .text._data_stage_xact
                0x0000000010006058       0x58 CMakeFiles/ledonoffbutton.dir/home/pi/pico/pico-sdk/lib/tinyusb/src/device/usbd_control.c.obj
 .text.tud_control_status
                0x00000000100060b0       0x38 CMakeFiles/ledonoffbutton.dir/home/pi/pico/pico-sdk/lib/tinyusb/src/device/usbd_control.c.obj
                0x00000000100060b0                tud_control_status
 .text.tud_control_xfer
                0x00000000100060e8       0xa4 CMakeFiles/ledonoffbutton.dir/home/pi/pico/pico-sdk/lib/tinyusb/src/device/usbd_control.c.obj
                0x00000000100060e8                tud_control_xfer
 .text.usbd_control_reset
                0x000000001000618c       0x14 CMakeFiles/ledonoffbutton.dir/home/pi/pico/pico-sdk/lib/tinyusb/src/device/usbd_control.c.obj
                0x000000001000618c                usbd_control_reset
 .text.usbd_control_set_complete_callback
                0x00000000100061a0        0xc CMakeFiles/ledonoffbutton.dir/home/pi/pico/pico-sdk/lib/tinyusb/src/device/usbd_control.c.obj
                0x00000000100061a0                usbd_control_set_complete_callback
 .text.usbd_control_set_request
                0x00000000100061ac       0x1c CMakeFiles/ledonoffbutton.dir/home/pi/pico/pico-sdk/lib/tinyusb/src/device/usbd_control.c.obj
                0x00000000100061ac                usbd_control_set_request
 .text.usbd_control_xfer_cb
                0x00000000100061c8       0xfc CMakeFiles/ledonoffbutton.dir/home/pi/pico/pico-sdk/lib/tinyusb/src/device/usbd_control.c.obj
                0x00000000100061c8                usbd_control_xfer_cb
 .text._prep_out_transaction
                0x00000000100062c4       0x46 CMakeFiles/ledonoffbutton.dir/home/pi/pico/pico-sdk/lib/tinyusb/src/class/cdc/cdc_device.c.obj
 *fill*         0x000000001000630a        0x2 
 .text.tud_cdc_n_connected
                0x000000001000630c       0x44 CMakeFiles/ledonoffbutton.dir/home/pi/pico/pico-sdk/lib/tinyusb/src/class/cdc/cdc_device.c.obj
                0x000000001000630c                tud_cdc_n_connected
 .text.tud_cdc_n_available
                0x0000000010006350       0x18 CMakeFiles/ledonoffbutton.dir/home/pi/pico/pico-sdk/lib/tinyusb/src/class/cdc/cdc_device.c.obj
                0x0000000010006350                tud_cdc_n_available
 .text.tud_cdc_n_read
                0x0000000010006368       0x28 CMakeFiles/ledonoffbutton.dir/home/pi/pico/pico-sdk/lib/tinyusb/src/class/cdc/cdc_device.c.obj
                0x0000000010006368                tud_cdc_n_read
 .text.tud_cdc_n_write_flush
                0x0000000010006390       0xcc CMakeFiles/ledonoffbutton.dir/home/pi/pico/pico-sdk/lib/tinyusb/src/class/cdc/cdc_device.c.obj
                0x0000000010006390                tud_cdc_n_write_flush
 .text.tud_cdc_n_write
                0x000000001000645c       0x38 CMakeFiles/ledonoffbutton.dir/home/pi/pico/pico-sdk/lib/tinyusb/src/class/cdc/cdc_device.c.obj
                0x000000001000645c                tud_cdc_n_write
 .text.tud_cdc_n_write_available
                0x0000000010006494       0x1c CMakeFiles/ledonoffbutton.dir/home/pi/pico/pico-sdk/lib/tinyusb/src/class/cdc/cdc_device.c.obj
                0x0000000010006494                tud_cdc_n_write_available
 .text.cdcd_init
                0x00000000100064b0       0xb8 CMakeFiles/ledonoffbutton.dir/home/pi/pico/pico-sdk/lib/tinyusb/src/class/cdc/cdc_device.c.obj
                0x00000000100064b0                cdcd_init
 .text.cdcd_reset
                0x0000000010006568       0x44 CMakeFiles/ledonoffbutton.dir/home/pi/pico/pico-sdk/lib/tinyusb/src/class/cdc/cdc_device.c.obj
                0x0000000010006568                cdcd_reset
 .text.cdcd_open
                0x00000000100065ac       0xf8 CMakeFiles/ledonoffbutton.dir/home/pi/pico/pico-sdk/lib/tinyusb/src/class/cdc/cdc_device.c.obj
                0x00000000100065ac                cdcd_open
 .text.cdcd_control_xfer_cb
                0x00000000100066a4      0x134 CMakeFiles/ledonoffbutton.dir/home/pi/pico/pico-sdk/lib/tinyusb/src/class/cdc/cdc_device.c.obj
                0x00000000100066a4                cdcd_control_xfer_cb
 .text.cdcd_xfer_cb
                0x00000000100067d8      0x13c CMakeFiles/ledonoffbutton.dir/home/pi/pico/pico-sdk/lib/tinyusb/src/class/cdc/cdc_device.c.obj
                0x00000000100067d8                cdcd_xfer_cb
 .text.tusb_init
                0x0000000010006914       0x24 CMakeFiles/ledonoffbutton.dir/home/pi/pico/pico-sdk/lib/tinyusb/src/tusb.c.obj
                0x0000000010006914                tusb_init
 .text.tusb_inited
                0x0000000010006938        0xe CMakeFiles/ledonoffbutton.dir/home/pi/pico/pico-sdk/lib/tinyusb/src/tusb.c.obj
                0x0000000010006938                tusb_inited
 *fill*         0x0000000010006946        0x2 
 .text.tu_edpt_validate
                0x0000000010006948       0xa8 CMakeFiles/ledonoffbutton.dir/home/pi/pico/pico-sdk/lib/tinyusb/src/tusb.c.obj
                0x0000000010006948                tu_edpt_validate
 .text.tu_edpt_bind_driver
                0x00000000100069f0       0x2a CMakeFiles/ledonoffbutton.dir/home/pi/pico/pico-sdk/lib/tinyusb/src/tusb.c.obj
                0x00000000100069f0                tu_edpt_bind_driver
 .text.advance_pointer
                0x0000000010006a1a       0x18 CMakeFiles/ledonoffbutton.dir/home/pi/pico/pico-sdk/lib/tinyusb/src/common/tusb_fifo.c.obj
 .text.backward_pointer
                0x0000000010006a32       0x1e CMakeFiles/ledonoffbutton.dir/home/pi/pico/pico-sdk/lib/tinyusb/src/common/tusb_fifo.c.obj
 .text.get_relative_pointer
                0x0000000010006a50       0x10 CMakeFiles/ledonoffbutton.dir/home/pi/pico/pico-sdk/lib/tinyusb/src/common/tusb_fifo.c.obj
 .text._tu_fifo_peek
                0x0000000010006a60       0x4c CMakeFiles/ledonoffbutton.dir/home/pi/pico/pico-sdk/lib/tinyusb/src/common/tusb_fifo.c.obj
 .text._ff_pull_const_addr
                0x0000000010006aac       0x46 CMakeFiles/ledonoffbutton.dir/home/pi/pico/pico-sdk/lib/tinyusb/src/common/tusb_fifo.c.obj
 .text._ff_pull_n
                0x0000000010006af2      0x100 CMakeFiles/ledonoffbutton.dir/home/pi/pico/pico-sdk/lib/tinyusb/src/common/tusb_fifo.c.obj
 .text._tu_fifo_peek_n
                0x0000000010006bf2       0x5e CMakeFiles/ledonoffbutton.dir/home/pi/pico/pico-sdk/lib/tinyusb/src/common/tusb_fifo.c.obj
 .text._tu_fifo_read_n
                0x0000000010006c50       0x4e CMakeFiles/ledonoffbutton.dir/home/pi/pico/pico-sdk/lib/tinyusb/src/common/tusb_fifo.c.obj
 .text._ff_push_const_addr
                0x0000000010006c9e       0x3a CMakeFiles/ledonoffbutton.dir/home/pi/pico/pico-sdk/lib/tinyusb/src/common/tusb_fifo.c.obj
 .text._ff_push_n
                0x0000000010006cd8       0xfa CMakeFiles/ledonoffbutton.dir/home/pi/pico/pico-sdk/lib/tinyusb/src/common/tusb_fifo.c.obj
 .text._tu_fifo_write_n
                0x0000000010006dd2       0x9e CMakeFiles/ledonoffbutton.dir/home/pi/pico/pico-sdk/lib/tinyusb/src/common/tusb_fifo.c.obj
 .text.tu_fifo_config
                0x0000000010006e70       0x72 CMakeFiles/ledonoffbutton.dir/home/pi/pico/pico-sdk/lib/tinyusb/src/common/tusb_fifo.c.obj
                0x0000000010006e70                tu_fifo_config
 .text.tu_fifo_count
                0x0000000010006ee2       0x24 CMakeFiles/ledonoffbutton.dir/home/pi/pico/pico-sdk/lib/tinyusb/src/common/tusb_fifo.c.obj
                0x0000000010006ee2                tu_fifo_count
 .text.tu_fifo_empty
                0x0000000010006f06        0xe CMakeFiles/ledonoffbutton.dir/home/pi/pico/pico-sdk/lib/tinyusb/src/common/tusb_fifo.c.obj
                0x0000000010006f06                tu_fifo_empty
 .text.tu_fifo_remaining
                0x0000000010006f14       0x20 CMakeFiles/ledonoffbutton.dir/home/pi/pico/pico-sdk/lib/tinyusb/src/common/tusb_fifo.c.obj
                0x0000000010006f14                tu_fifo_remaining
 .text.tu_fifo_read
                0x0000000010006f34       0x42 CMakeFiles/ledonoffbutton.dir/home/pi/pico/pico-sdk/lib/tinyusb/src/common/tusb_fifo.c.obj
                0x0000000010006f34                tu_fifo_read
 .text.tu_fifo_read_n
                0x0000000010006f76        0xa CMakeFiles/ledonoffbutton.dir/home/pi/pico/pico-sdk/lib/tinyusb/src/common/tusb_fifo.c.obj
                0x0000000010006f76                tu_fifo_read_n
 .text.tu_fifo_write
                0x0000000010006f80       0x6c CMakeFiles/ledonoffbutton.dir/home/pi/pico/pico-sdk/lib/tinyusb/src/common/tusb_fifo.c.obj
                0x0000000010006f80                tu_fifo_write
 .text.tu_fifo_write_n
                0x0000000010006fec        0xa CMakeFiles/ledonoffbutton.dir/home/pi/pico/pico-sdk/lib/tinyusb/src/common/tusb_fifo.c.obj
                0x0000000010006fec                tu_fifo_write_n
 .text.tu_fifo_clear
                0x0000000010006ff6       0x4c CMakeFiles/ledonoffbutton.dir/home/pi/pico/pico-sdk/lib/tinyusb/src/common/tusb_fifo.c.obj
                0x0000000010006ff6                tu_fifo_clear
 .text.tu_fifo_set_overwritable
                0x0000000010007042       0x3c CMakeFiles/ledonoffbutton.dir/home/pi/pico/pico-sdk/lib/tinyusb/src/common/tusb_fifo.c.obj
                0x0000000010007042                tu_fifo_set_overwritable
 *fill*         0x000000001000707e        0x2 
 .text._retrieve_unique_id_on_boot
                0x0000000010007080       0x10 CMakeFiles/ledonoffbutton.dir/home/pi/pico/pico-sdk/src/rp2_common/pico_unique_id/unique_id.c.obj
 .text.pico_get_unique_board_id_string
                0x0000000010007090       0x60 CMakeFiles/ledonoffbutton.dir/home/pi/pico/pico-sdk/src/rp2_common/pico_unique_id/unique_id.c.obj
                0x0000000010007090                pico_get_unique_board_id_string
 .text.flash_get_unique_id
                0x00000000100070f0       0x40 CMakeFiles/ledonoffbutton.dir/home/pi/pico/pico-sdk/src/rp2_common/hardware_flash/flash.c.obj
                0x00000000100070f0                flash_get_unique_id
 .text          0x0000000010007130       0x68 /usr/lib/gcc/arm-none-eabi/8.3.1/../../../arm-none-eabi/lib/thumb/v6-m/nofp/libg.a(lib_a-strlen-stub.o)
                0x0000000010007130                strlen
 *(.fini)
 .fini          0x0000000010007198        0x4 /usr/lib/gcc/arm-none-eabi/8.3.1/thumb/v6-m/nofp/crti.o
                0x0000000010007198                _fini
 *fill*         0x000000001000719c        0x4 
 .fini.__stub   0x00000000100071a0       0x70 linker stubs
 *crtbegin.o(.ctors)
 *crtbegin?.o(.ctors)
 *(EXCLUDE_FILE(*crtend.o *crtend?.o) .ctors)
 *(SORT_BY_NAME(.ctors.*))
 *(.ctors)
 *crtbegin.o(.dtors)
 *crtbegin?.o(.dtors)
 *(EXCLUDE_FILE(*crtend.o *crtend?.o) .dtors)
 *(SORT_BY_NAME(.dtors.*))
 *(.dtors)
 *(.eh_frame*)
 .eh_frame      0x0000000010007210        0x0 /usr/lib/gcc/arm-none-eabi/8.3.1/thumb/v6-m/nofp/crtbegin.o
                0x0000000010007210                . = ALIGN (0x4)

.glue_7         0x0000000010007210        0x0
 .glue_7        0x0000000010007210        0x0 linker stubs

.glue_7t        0x0000000010007210        0x0
 .glue_7t       0x0000000010007210        0x0 linker stubs

.vfp11_veneer   0x0000000010007210        0x0
 .vfp11_veneer  0x0000000010007210        0x0 linker stubs

.v4_bx          0x0000000010007210        0x0
 .v4_bx         0x0000000010007210        0x0 linker stubs

.iplt           0x0000000010007210        0x0
 .iplt          0x0000000010007210        0x0 /usr/lib/gcc/arm-none-eabi/8.3.1/thumb/v6-m/nofp/crtbegin.o

.rodata         0x0000000010007210     0x15e8
 *(EXCLUDE_FILE(*libm.a: *libc.a:*lib_a-mem*.o *libgcc.a:) .rodata*)
 .rodata.main.str1.4
                0x0000000010007210       0x57 CMakeFiles/ledonoffbutton.dir/ledonoffbutton.c.obj
 *fill*         0x0000000010007267        0x1 
 .rodata.spin_lock_claim_unused.str1.4
                0x0000000010007268       0x1b CMakeFiles/ledonoffbutton.dir/home/pi/pico/pico-sdk/src/rp2_common/hardware_sync/sync.c.obj
 *fill*         0x0000000010007283        0x1 
 .rodata.__func__.5751
                0x0000000010007284       0x15 CMakeFiles/ledonoffbutton.dir/home/pi/pico/pico-sdk/src/common/pico_time/time.c.obj
 *fill*         0x0000000010007299        0x3 
 .rodata.__func__.6057
                0x000000001000729c        0xc CMakeFiles/ledonoffbutton.dir/home/pi/pico/pico-sdk/src/common/pico_time/time.c.obj
 .rodata.__func__.6064
                0x00000000100072a8       0x12 CMakeFiles/ledonoffbutton.dir/home/pi/pico/pico-sdk/src/common/pico_time/time.c.obj
 *fill*         0x00000000100072ba        0x2 
 .rodata.__func__.6080
                0x00000000100072bc        0xf CMakeFiles/ledonoffbutton.dir/home/pi/pico/pico-sdk/src/common/pico_time/time.c.obj
 *fill*         0x00000000100072cb        0x1 
 .rodata.__func__.6102
                0x00000000100072cc        0xd CMakeFiles/ledonoffbutton.dir/home/pi/pico/pico-sdk/src/common/pico_time/time.c.obj
 *fill*         0x00000000100072d9        0x3 
 .rodata.__func__.6326
                0x00000000100072dc        0xa CMakeFiles/ledonoffbutton.dir/home/pi/pico/pico-sdk/src/common/pico_time/time.c.obj
 *fill*         0x00000000100072e6        0x2 
 .rodata.__func__.6331
                0x00000000100072e8       0x12 CMakeFiles/ledonoffbutton.dir/home/pi/pico/pico-sdk/src/common/pico_time/time.c.obj
 *fill*         0x00000000100072fa        0x2 
 .rodata.__func__.6346
                0x00000000100072fc       0x17 CMakeFiles/ledonoffbutton.dir/home/pi/pico/pico-sdk/src/common/pico_time/time.c.obj
 *fill*         0x0000000010007313        0x1 
 .rodata.__func__.6357
                0x0000000010007314       0x15 CMakeFiles/ledonoffbutton.dir/home/pi/pico/pico-sdk/src/common/pico_time/time.c.obj
 *fill*         0x0000000010007329        0x3 
 .rodata.__func__.6374
                0x000000001000732c       0x1a CMakeFiles/ledonoffbutton.dir/home/pi/pico/pico-sdk/src/common/pico_time/time.c.obj
 *fill*         0x0000000010007346        0x2 
 .rodata.__func__.6413
                0x0000000010007348       0x18 CMakeFiles/ledonoffbutton.dir/home/pi/pico/pico-sdk/src/common/pico_time/time.c.obj
 .rodata.add_alarm_under_lock.str1.4
                0x0000000010007360       0x28 CMakeFiles/ledonoffbutton.dir/home/pi/pico/pico-sdk/src/common/pico_time/time.c.obj
                                         0x2b (size before relaxing)
 .rodata.alarm_pool_alarm_callback.str1.4
                0x0000000010007388       0xe2 CMakeFiles/ledonoffbutton.dir/home/pi/pico/pico-sdk/src/common/pico_time/time.c.obj
 *fill*         0x000000001000746a        0x2 
 .rodata.alarm_pool_cancel_alarm.str1.4
                0x000000001000746c       0x27 CMakeFiles/ledonoffbutton.dir/home/pi/pico/pico-sdk/src/common/pico_time/time.c.obj
 *fill*         0x0000000010007493        0x1 
 .rodata.alarm_pool_dump_key.str1.4
                0x0000000010007494       0x33 CMakeFiles/ledonoffbutton.dir/home/pi/pico/pico-sdk/src/common/pico_time/time.c.obj
 *fill*         0x00000000100074c7        0x1 
 .rodata.alarm_pool_get_default.str1.4
                0x00000000100074c8       0x21 CMakeFiles/ledonoffbutton.dir/home/pi/pico/pico-sdk/src/common/pico_time/time.c.obj
 *fill*         0x00000000100074e9        0x3 
 .rodata.ph_add_child_node.str1.4
                0x00000000100074ec       0x92 CMakeFiles/ledonoffbutton.dir/home/pi/pico/pico-sdk/src/common/pico_time/time.c.obj
 *fill*         0x000000001000757e        0x2 
 .rodata.repeating_timer_callback.str1.4
                0x0000000010007580       0x47 CMakeFiles/ledonoffbutton.dir/home/pi/pico/pico-sdk/src/common/pico_time/time.c.obj
 *fill*         0x00000000100075c7        0x1 
 .rodata.sleep_until.str1.4
                0x00000000100075c8       0x4d CMakeFiles/ledonoffbutton.dir/home/pi/pico/pico-sdk/src/common/pico_time/time.c.obj
 *fill*         0x0000000010007615        0x3 
 .rodata.__func__.4609
                0x0000000010007618       0x1a CMakeFiles/ledonoffbutton.dir/home/pi/pico/pico-sdk/src/rp2_common/hardware_timer/timer.c.obj
 *fill*         0x0000000010007632        0x2 
 .rodata.hardware_alarm_claim.str1.4
                0x0000000010007634       0x22 CMakeFiles/ledonoffbutton.dir/home/pi/pico/pico-sdk/src/rp2_common/hardware_timer/timer.c.obj
 *fill*         0x0000000010007656        0x2 
 .rodata.hardware_alarm_set_target.str1.4
                0x0000000010007658       0x61 CMakeFiles/ledonoffbutton.dir/home/pi/pico/pico-sdk/src/rp2_common/hardware_timer/timer.c.obj
 *fill*         0x00000000100076b9        0x3 
 .rodata.__func__.4243
                0x00000000100076bc       0x15 CMakeFiles/ledonoffbutton.dir/home/pi/pico/pico-sdk/src/common/pico_sync/mutex.c.obj
 *fill*         0x00000000100076d1        0x3 
 .rodata.__func__.4731
                0x00000000100076d4       0x18 CMakeFiles/ledonoffbutton.dir/home/pi/pico/pico-sdk/src/common/pico_sync/mutex.c.obj
 .rodata.__func__.4750
                0x00000000100076ec        0xb CMakeFiles/ledonoffbutton.dir/home/pi/pico/pico-sdk/src/common/pico_sync/mutex.c.obj
 *fill*         0x00000000100076f7        0x1 
 .rodata.str1.4
                0x00000000100076f8       0x85 CMakeFiles/ledonoffbutton.dir/home/pi/pico/pico-sdk/src/common/pico_sync/mutex.c.obj
                                         0xe5 (size before relaxing)
 *fill*         0x000000001000777d        0x3 
 .rodata.__func__.5758
                0x0000000010007780        0xc CMakeFiles/ledonoffbutton.dir/home/pi/pico/pico-sdk/src/common/pico_util/pheap.c.obj
 .rodata.__func__.5765
                0x000000001000778c       0x12 CMakeFiles/ledonoffbutton.dir/home/pi/pico/pico-sdk/src/common/pico_util/pheap.c.obj
 *fill*         0x000000001000779e        0x2 
 .rodata.__func__.5851
                0x00000000100077a0       0x13 CMakeFiles/ledonoffbutton.dir/home/pi/pico/pico-sdk/src/common/pico_util/pheap.c.obj
 *fill*         0x00000000100077b3        0x1 
 .rodata.__func__.5869
                0x00000000100077b4       0x18 CMakeFiles/ledonoffbutton.dir/home/pi/pico/pico-sdk/src/common/pico_util/pheap.c.obj
 .rodata.ph_add_child_node.str1.4
                0x00000000100077cc       0x92 CMakeFiles/ledonoffbutton.dir/home/pi/pico/pico-sdk/src/common/pico_util/pheap.c.obj
 .rodata.ph_remove_and_free_node.str1.4
                0x00000000100077cc       0x26 CMakeFiles/ledonoffbutton.dir/home/pi/pico/pico-sdk/src/common/pico_util/pheap.c.obj
 *fill*         0x00000000100077f2        0x2 
 .rodata.ph_remove_any_head.str1.4
                0x00000000100077f4       0x88 CMakeFiles/ledonoffbutton.dir/home/pi/pico/pico-sdk/src/common/pico_util/pheap.c.obj
 .rodata.__assert_func.str1.4
                0x000000001000787c       0x3f CMakeFiles/ledonoffbutton.dir/home/pi/pico/pico-sdk/src/rp2_common/pico_runtime/runtime.c.obj
                                         0x43 (size before relaxing)
 *fill*         0x00000000100078bb        0x1 
 .rodata.__func__.5866
                0x00000000100078bc        0xd CMakeFiles/ledonoffbutton.dir/home/pi/pico/pico-sdk/src/rp2_common/pico_runtime/runtime.c.obj
 *fill*         0x00000000100078c9        0x3 
 .rodata.panic.str1.4
                0x00000000100078cc       0x12 CMakeFiles/ledonoffbutton.dir/home/pi/pico/pico-sdk/src/rp2_common/pico_runtime/runtime.c.obj
 *fill*         0x00000000100078de        0x2 
 .rodata.runtime_init.str1.4
                0x00000000100078e0       0x5d CMakeFiles/ledonoffbutton.dir/home/pi/pico/pico-sdk/src/rp2_common/pico_runtime/runtime.c.obj
 *fill*         0x000000001000793d        0x3 
 .rodata.__func__.4738
                0x0000000010007940       0x10 CMakeFiles/ledonoffbutton.dir/home/pi/pico/pico-sdk/src/rp2_common/hardware_clocks/clocks.c.obj
 .rodata.clock_configure.str1.4
                0x0000000010007950       0x53 CMakeFiles/ledonoffbutton.dir/home/pi/pico/pico-sdk/src/rp2_common/hardware_clocks/clocks.c.obj
 *fill*         0x00000000100079a3        0x1 
 .rodata.__func__.4783
                0x00000000100079a4       0x1a CMakeFiles/ledonoffbutton.dir/home/pi/pico/pico-sdk/src/rp2_common/hardware_irq/irq.c.obj
 *fill*         0x00000000100079be        0x2 
 .rodata.__func__.4797
                0x00000000100079c0        0xc CMakeFiles/ledonoffbutton.dir/home/pi/pico/pico-sdk/src/rp2_common/hardware_irq/irq.c.obj
 .rodata.__func__.4805
                0x00000000100079cc       0x17 CMakeFiles/ledonoffbutton.dir/home/pi/pico/pico-sdk/src/rp2_common/hardware_irq/irq.c.obj
 *fill*         0x00000000100079e3        0x1 
 .rodata.__func__.4809
                0x00000000100079e4        0xf CMakeFiles/ledonoffbutton.dir/home/pi/pico/pico-sdk/src/rp2_common/hardware_irq/irq.c.obj
 *fill*         0x00000000100079f3        0x1 
 .rodata.__func__.4848
                0x00000000100079f4       0x13 CMakeFiles/ledonoffbutton.dir/home/pi/pico/pico-sdk/src/rp2_common/hardware_irq/irq.c.obj
 *fill*         0x0000000010007a07        0x1 
 .rodata.__func__.4871
                0x0000000010007a08       0x1a CMakeFiles/ledonoffbutton.dir/home/pi/pico/pico-sdk/src/rp2_common/hardware_irq/irq.c.obj
 *fill*         0x0000000010007a22        0x2 
 .rodata.irq_add_shared_handler.str1.4
                0x0000000010007a24       0xd9 CMakeFiles/ledonoffbutton.dir/home/pi/pico/pico-sdk/src/rp2_common/hardware_irq/irq.c.obj
 *fill*         0x0000000010007afd        0x3 
 .rodata.irq_add_tail_to_free_list.str1.4
                0x0000000010007b00       0x32 CMakeFiles/ledonoffbutton.dir/home/pi/pico/pico-sdk/src/rp2_common/hardware_irq/irq.c.obj
                                         0x3a (size before relaxing)
 *fill*         0x0000000010007b32        0x2 
 .rodata.irq_remove_handler.str1.4
                0x0000000010007b34       0x2a CMakeFiles/ledonoffbutton.dir/home/pi/pico/pico-sdk/src/rp2_common/hardware_irq/irq.c.obj
 *fill*         0x0000000010007b5e        0x2 
 .rodata.irq_set_exclusive_handler.str1.4
                0x0000000010007b60       0x36 CMakeFiles/ledonoffbutton.dir/home/pi/pico/pico-sdk/src/rp2_common/hardware_irq/irq.c.obj
 *fill*         0x0000000010007b96        0x2 
 .rodata.make_branch.str1.4
                0x0000000010007b98       0x49 CMakeFiles/ledonoffbutton.dir/home/pi/pico/pico-sdk/src/rp2_common/hardware_irq/irq.c.obj
 *fill*         0x0000000010007be1        0x3 
 .rodata.__func__.4458
                0x0000000010007be4        0x9 CMakeFiles/ledonoffbutton.dir/home/pi/pico/pico-sdk/src/rp2_common/hardware_pll/pll.c.obj
 *fill*         0x0000000010007bed        0x3 
 .rodata.pll_init.str1.4
                0x0000000010007bf0       0xd7 CMakeFiles/ledonoffbutton.dir/home/pi/pico/pico-sdk/src/rp2_common/hardware_pll/pll.c.obj
 *fill*         0x0000000010007cc7        0x1 
 .rodata._vsnprintf
                0x0000000010007cc8      0x1e0 CMakeFiles/ledonoffbutton.dir/home/pi/pico/pico-sdk/src/rp2_common/pico_printf/printf.c.obj
 .rodata._ftoa.str1.4
                0x0000000010007ea8       0x15 CMakeFiles/ledonoffbutton.dir/home/pi/pico/pico-sdk/src/rp2_common/pico_printf/printf.c.obj
 *fill*         0x0000000010007ebd        0x3 
 .rodata.pow10.5472
                0x0000000010007ec0       0x50 CMakeFiles/ledonoffbutton.dir/home/pi/pico/pico-sdk/src/rp2_common/pico_printf/printf.c.obj
 .rodata.__aeabi_double_init.str1.4
                0x0000000010007f10       0xa4 CMakeFiles/ledonoffbutton.dir/home/pi/pico/pico-sdk/src/rp2_common/pico_double/double_init_rom.c.obj
 .rodata.__func__.4769
                0x0000000010007fb4       0x14 CMakeFiles/ledonoffbutton.dir/home/pi/pico/pico-sdk/src/rp2_common/pico_double/double_init_rom.c.obj
 .rodata.__aeabi_float_init.str1.4
                0x0000000010007fc8       0x76 CMakeFiles/ledonoffbutton.dir/home/pi/pico/pico-sdk/src/rp2_common/pico_float/float_init_rom.c.obj
                                         0x7a (size before relaxing)
 *fill*         0x000000001000803e        0x2 
 .rodata.__func__.4770
                0x0000000010008040       0x13 CMakeFiles/ledonoffbutton.dir/home/pi/pico/pico-sdk/src/rp2_common/pico_float/float_init_rom.c.obj
 *fill*         0x0000000010008053        0x1 
 .rodata.__bi_44
                0x0000000010008054        0xc CMakeFiles/ledonoffbutton.dir/home/pi/pico/pico-sdk/src/rp2_common/pico_standard_link/binary_info.c.obj
 .rodata.__bi_75
                0x0000000010008060        0xc CMakeFiles/ledonoffbutton.dir/home/pi/pico/pico-sdk/src/rp2_common/pico_standard_link/binary_info.c.obj
 .rodata.__bi_81
                0x000000001000806c        0xc CMakeFiles/ledonoffbutton.dir/home/pi/pico/pico-sdk/src/rp2_common/pico_standard_link/binary_info.c.obj
 .rodata.str1.4
                0x0000000010008078       0x44 CMakeFiles/ledonoffbutton.dir/home/pi/pico/pico-sdk/src/rp2_common/pico_standard_link/binary_info.c.obj
 .rodata.crlf_str.6106
                0x00000000100080bc        0x2 CMakeFiles/ledonoffbutton.dir/home/pi/pico/pico-sdk/src/rp2_common/pico_stdio/stdio.c.obj
 *fill*         0x00000000100080be        0x2 
 .rodata.__bi_28.4802
                0x00000000100080c0        0xc CMakeFiles/ledonoffbutton.dir/home/pi/pico/pico-sdk/src/rp2_common/pico_stdio_uart/stdio_uart.c.obj
 .rodata.__bi_29.4806
                0x00000000100080cc        0x8 CMakeFiles/ledonoffbutton.dir/home/pi/pico/pico-sdk/src/rp2_common/pico_stdio_uart/stdio_uart.c.obj
 .rodata.str1.4
                0x00000000100080d4       0x2c CMakeFiles/ledonoffbutton.dir/home/pi/pico/pico-sdk/src/rp2_common/pico_stdio_uart/stdio_uart.c.obj
 .rodata._resetd_driver
                0x0000000010008100       0x18 CMakeFiles/ledonoffbutton.dir/home/pi/pico/pico-sdk/src/rp2_common/pico_stdio_usb/reset_interface.c.obj
 .rodata.__bi_93.7266
                0x0000000010008118        0xc CMakeFiles/ledonoffbutton.dir/home/pi/pico/pico-sdk/src/rp2_common/pico_stdio_usb/stdio_usb.c.obj
 .rodata.__func__.5474
                0x0000000010008124       0x15 CMakeFiles/ledonoffbutton.dir/home/pi/pico/pico-sdk/src/rp2_common/pico_stdio_usb/stdio_usb.c.obj
 .rodata.stdio_usb_init.str1.4
                0x0000000010008139       0x5d CMakeFiles/ledonoffbutton.dir/home/pi/pico/pico-sdk/src/rp2_common/pico_stdio_usb/stdio_usb.c.obj
 *fill*         0x0000000010008139        0x3 
 .rodata.str1.4
                0x000000001000813c       0x13 CMakeFiles/ledonoffbutton.dir/home/pi/pico/pico-sdk/src/rp2_common/pico_stdio_usb/stdio_usb.c.obj
 *fill*         0x000000001000814f        0x1 
 .rodata.str1.4
                0x0000000010008150       0x2a CMakeFiles/ledonoffbutton.dir/home/pi/pico/pico-sdk/src/rp2_common/pico_stdio_usb/stdio_usb_descriptors.c.obj
 *fill*         0x000000001000817a        0x2 
 .rodata.usbd_desc_cfg
                0x000000001000817c       0x54 CMakeFiles/ledonoffbutton.dir/home/pi/pico/pico-sdk/src/rp2_common/pico_stdio_usb/stdio_usb_descriptors.c.obj
 .rodata.usbd_desc_device
                0x00000000100081d0       0x12 CMakeFiles/ledonoffbutton.dir/home/pi/pico/pico-sdk/src/rp2_common/pico_stdio_usb/stdio_usb_descriptors.c.obj
 *fill*         0x00000000100081e2        0x2 
 .rodata.usbd_desc_str
                0x00000000100081e4       0x18 CMakeFiles/ledonoffbutton.dir/home/pi/pico/pico-sdk/src/rp2_common/pico_stdio_usb/stdio_usb_descriptors.c.obj
 .rodata.__func__.6938
                0x00000000100081fc       0x13 CMakeFiles/ledonoffbutton.dir/home/pi/pico/pico-sdk/lib/tinyusb/src/portable/raspberrypi/rp2040/dcd_rp2040.c.obj
 *fill*         0x000000001000820f        0x1 
 .rodata.__func__.6991
                0x0000000010008210        0x9 CMakeFiles/ledonoffbutton.dir/home/pi/pico/pico-sdk/lib/tinyusb/src/portable/raspberrypi/rp2040/dcd_rp2040.c.obj
 *fill*         0x0000000010008219        0x3 
 .rodata.__func__.6995
                0x000000001000821c        0xf CMakeFiles/ledonoffbutton.dir/home/pi/pico/pico-sdk/lib/tinyusb/src/portable/raspberrypi/rp2040/dcd_rp2040.c.obj
 *fill*         0x000000001000822b        0x1 
 .rodata.__func__.7004
                0x000000001000822c       0x10 CMakeFiles/ledonoffbutton.dir/home/pi/pico/pico-sdk/lib/tinyusb/src/portable/raspberrypi/rp2040/dcd_rp2040.c.obj
 .rodata.__func__.7023
                0x000000001000823c        0xe CMakeFiles/ledonoffbutton.dir/home/pi/pico/pico-sdk/lib/tinyusb/src/portable/raspberrypi/rp2040/dcd_rp2040.c.obj
 *fill*         0x000000001000824a        0x2 
 .rodata.__func__.7033
                0x000000001000824c        0xe CMakeFiles/ledonoffbutton.dir/home/pi/pico/pico-sdk/lib/tinyusb/src/portable/raspberrypi/rp2040/dcd_rp2040.c.obj
 *fill*         0x000000001000825a        0x2 
 .rodata._hw_endpoint_alloc.str1.4
                0x000000001000825c       0xb1 CMakeFiles/ledonoffbutton.dir/home/pi/pico/pico-sdk/lib/tinyusb/src/portable/raspberrypi/rp2040/dcd_rp2040.c.obj
 *fill*         0x000000001000830d        0x3 
 .rodata.dcd_int_enable.str1.4
                0x0000000010008310        0xc CMakeFiles/ledonoffbutton.dir/home/pi/pico/pico-sdk/lib/tinyusb/src/portable/raspberrypi/rp2040/dcd_rp2040.c.obj
 .rodata.dcd_rp2040_irq.str1.4
                0x000000001000831c       0x14 CMakeFiles/ledonoffbutton.dir/home/pi/pico/pico-sdk/lib/tinyusb/src/portable/raspberrypi/rp2040/dcd_rp2040.c.obj
 .rodata.__func__.6705
                0x0000000010008330        0xf CMakeFiles/ledonoffbutton.dir/home/pi/pico/pico-sdk/lib/tinyusb/src/portable/raspberrypi/rp2040/rp2040_usb.c.obj
 *fill*         0x000000001000833f        0x1 
 .rodata._hw_endpoint_buffer_control_update32.str1.4
                0x0000000010008340       0x1f CMakeFiles/ledonoffbutton.dir/home/pi/pico/pico-sdk/lib/tinyusb/src/portable/raspberrypi/rp2040/rp2040_usb.c.obj
 *fill*         0x000000001000835f        0x1 
 .rodata.hw_endpoint_xfer_continue.str1.4
                0x0000000010008360       0x29 CMakeFiles/ledonoffbutton.dir/home/pi/pico/pico-sdk/lib/tinyusb/src/portable/raspberrypi/rp2040/rp2040_usb.c.obj
 *fill*         0x0000000010008389        0x3 
 .rodata.hw_endpoint_xfer_start.str1.4
                0x000000001000838c       0x38 CMakeFiles/ledonoffbutton.dir/home/pi/pico/pico-sdk/lib/tinyusb/src/portable/raspberrypi/rp2040/rp2040_usb.c.obj
 .rodata.str1.4
                0x00000000100083c4       0x38 CMakeFiles/ledonoffbutton.dir/home/pi/pico/pico-sdk/lib/tinyusb/src/portable/raspberrypi/rp2040/rp2040_usb.c.obj
                                          0x7 (size before relaxing)
 .rodata.sync_ep_buffer.str1.4
                0x00000000100083c4       0x8d CMakeFiles/ledonoffbutton.dir/home/pi/pico/pico-sdk/lib/tinyusb/src/portable/raspberrypi/rp2040/rp2040_usb.c.obj
 *fill*         0x0000000010008451        0x3 
 .rodata.process_get_descriptor
                0x0000000010008454       0x40 CMakeFiles/ledonoffbutton.dir/home/pi/pico/pico-sdk/lib/tinyusb/src/device/usbd.c.obj
 .rodata.process_control_request
                0x0000000010008494       0x28 CMakeFiles/ledonoffbutton.dir/home/pi/pico/pico-sdk/lib/tinyusb/src/device/usbd.c.obj
 .rodata.tud_task
                0x00000000100084bc       0x24 CMakeFiles/ledonoffbutton.dir/home/pi/pico/pico-sdk/lib/tinyusb/src/device/usbd.c.obj
 .rodata.__func__.6614
                0x00000000100084e0       0x10 CMakeFiles/ledonoffbutton.dir/home/pi/pico/pico-sdk/lib/tinyusb/src/device/usbd.c.obj
 .rodata.__func__.7412
                0x00000000100084f0        0x9 CMakeFiles/ledonoffbutton.dir/home/pi/pico/pico-sdk/lib/tinyusb/src/device/usbd.c.obj
 *fill*         0x00000000100084f9        0x3 
 .rodata.__func__.7433
                0x00000000100084fc       0x18 CMakeFiles/ledonoffbutton.dir/home/pi/pico/pico-sdk/lib/tinyusb/src/device/usbd.c.obj
 .rodata.__func__.7476
                0x0000000010008514       0x13 CMakeFiles/ledonoffbutton.dir/home/pi/pico/pico-sdk/lib/tinyusb/src/device/usbd.c.obj
 *fill*         0x0000000010008527        0x1 
 .rodata.__func__.7511
                0x0000000010008528       0x17 CMakeFiles/ledonoffbutton.dir/home/pi/pico/pico-sdk/lib/tinyusb/src/device/usbd.c.obj
 *fill*         0x000000001000853f        0x1 
 .rodata.__func__.7565
                0x0000000010008540       0x14 CMakeFiles/ledonoffbutton.dir/home/pi/pico/pico-sdk/lib/tinyusb/src/device/usbd.c.obj
 .rodata.__func__.7579
                0x0000000010008554        0xf CMakeFiles/ledonoffbutton.dir/home/pi/pico/pico-sdk/lib/tinyusb/src/device/usbd.c.obj
 *fill*         0x0000000010008563        0x1 
 .rodata.__func__.7602
                0x0000000010008564        0xf CMakeFiles/ledonoffbutton.dir/home/pi/pico/pico-sdk/lib/tinyusb/src/device/usbd.c.obj
 *fill*         0x0000000010008573        0x1 
 .rodata._usbd_driver
                0x0000000010008574       0x18 CMakeFiles/ledonoffbutton.dir/home/pi/pico/pico-sdk/lib/tinyusb/src/device/usbd.c.obj
 .rodata.process_set_config.str1.4
                0x000000001000858c       0x17 CMakeFiles/ledonoffbutton.dir/home/pi/pico/pico-sdk/lib/tinyusb/src/device/usbd.c.obj
 *fill*         0x00000000100085a3        0x1 
 .rodata.__func__.7327
                0x00000000100085a4       0x11 CMakeFiles/ledonoffbutton.dir/home/pi/pico/pico-sdk/lib/tinyusb/src/device/usbd_control.c.obj
 *fill*         0x00000000100085b5        0x3 
 .rodata.__func__.7354
                0x00000000100085b8       0x15 CMakeFiles/ledonoffbutton.dir/home/pi/pico/pico-sdk/lib/tinyusb/src/device/usbd_control.c.obj
 .rodata.tud_control_xfer.str1.4
                0x00000000100085cd       0x17 CMakeFiles/ledonoffbutton.dir/home/pi/pico/pico-sdk/lib/tinyusb/src/device/usbd_control.c.obj
 *fill*         0x00000000100085cd        0x3 
 .rodata.__func__.7263
                0x00000000100085d0       0x16 CMakeFiles/ledonoffbutton.dir/home/pi/pico/pico-sdk/lib/tinyusb/src/class/cdc/cdc_device.c.obj
 *fill*         0x00000000100085e6        0x2 
 .rodata.__func__.7296
                0x00000000100085e8        0xa CMakeFiles/ledonoffbutton.dir/home/pi/pico/pico-sdk/lib/tinyusb/src/class/cdc/cdc_device.c.obj
 *fill*         0x00000000100085f2        0x2 
 .rodata.__func__.7331
                0x00000000100085f4        0xd CMakeFiles/ledonoffbutton.dir/home/pi/pico/pico-sdk/lib/tinyusb/src/class/cdc/cdc_device.c.obj
 .rodata.tud_cdc_n_write_flush.str1.4
                0x0000000010008601       0x17 CMakeFiles/ledonoffbutton.dir/home/pi/pico/pico-sdk/lib/tinyusb/src/class/cdc/cdc_device.c.obj
 *fill*         0x0000000010008601        0x3 
 .rodata.__func__.7200
                0x0000000010008604        0xa CMakeFiles/ledonoffbutton.dir/home/pi/pico/pico-sdk/lib/tinyusb/src/tusb.c.obj
 *fill*         0x000000001000860e        0x2 
 .rodata.__func__.7212
                0x0000000010008610       0x11 CMakeFiles/ledonoffbutton.dir/home/pi/pico/pico-sdk/lib/tinyusb/src/tusb.c.obj
 .rodata.tusb_init.str1.4
                0x0000000010008621       0x17 CMakeFiles/ledonoffbutton.dir/home/pi/pico/pico-sdk/lib/tinyusb/src/tusb.c.obj
 *fill*         0x0000000010008621        0x3 
 .rodata.__func__.4337
                0x0000000010008624       0x20 CMakeFiles/ledonoffbutton.dir/home/pi/pico/pico-sdk/src/rp2_common/pico_unique_id/unique_id.c.obj
 .rodata.pico_get_unique_board_id_string.str1.4
                0x0000000010008644       0x49 CMakeFiles/ledonoffbutton.dir/home/pi/pico/pico-sdk/src/rp2_common/pico_unique_id/unique_id.c.obj
 *fill*         0x000000001000868d        0x3 
 .rodata.__func__.4511
                0x0000000010008690        0xd CMakeFiles/ledonoffbutton.dir/home/pi/pico/pico-sdk/src/rp2_common/hardware_flash/flash.c.obj
 *fill*         0x000000001000869d        0x3 
 .rodata.str1.4
                0x00000000100086a0      0x156 CMakeFiles/ledonoffbutton.dir/home/pi/pico/pico-sdk/src/rp2_common/hardware_flash/flash.c.obj
                0x00000000100087f8                . = ALIGN (0x4)
 *fill*         0x00000000100087f6        0x2 
 *(SORT_BY_ALIGNMENT(SORT_BY_NAME(.flashdata*)))
                0x00000000100087f8                . = ALIGN (0x4)

.rel.dyn        0x00000000100087f8        0x0
 .rel.iplt      0x00000000100087f8        0x0 /usr/lib/gcc/arm-none-eabi/8.3.1/thumb/v6-m/nofp/crtbegin.o

.ARM.extab
 *(.ARM.extab* .gnu.linkonce.armextab.*)
                0x00000000100087f8                __exidx_start = .

.ARM.exidx
 *(.ARM.exidx* .gnu.linkonce.armexidx.*)
                0x00000000100087f8                __exidx_end = .
                0x00000000100087f8                . = ALIGN (0x4)
                0x00000000100087f8                __binary_info_start = .

.binary_info    0x00000000100087f8       0x28
 *(.binary_info.keep.*)
 .binary_info.keep.__bi_ptr22
                0x00000000100087f8        0x4 CMakeFiles/ledonoffbutton.dir/home/pi/pico/pico-sdk/src/rp2_common/pico_standard_link/binary_info.c.obj
 .binary_info.keep.__bi_ptr30
                0x00000000100087fc        0x4 CMakeFiles/ledonoffbutton.dir/home/pi/pico/pico-sdk/src/rp2_common/pico_standard_link/binary_info.c.obj
 .binary_info.keep.__bi_ptr38
                0x0000000010008800        0x4 CMakeFiles/ledonoffbutton.dir/home/pi/pico/pico-sdk/src/rp2_common/pico_standard_link/binary_info.c.obj
 .binary_info.keep.__bi_ptr44
                0x0000000010008804        0x4 CMakeFiles/ledonoffbutton.dir/home/pi/pico/pico-sdk/src/rp2_common/pico_standard_link/binary_info.c.obj
 .binary_info.keep.__bi_ptr50
                0x0000000010008808        0x4 CMakeFiles/ledonoffbutton.dir/home/pi/pico/pico-sdk/src/rp2_common/pico_standard_link/binary_info.c.obj
 .binary_info.keep.__bi_ptr75
                0x000000001000880c        0x4 CMakeFiles/ledonoffbutton.dir/home/pi/pico/pico-sdk/src/rp2_common/pico_standard_link/binary_info.c.obj
 .binary_info.keep.__bi_ptr81
                0x0000000010008810        0x4 CMakeFiles/ledonoffbutton.dir/home/pi/pico/pico-sdk/src/rp2_common/pico_standard_link/binary_info.c.obj
 *(.binary_info.*)
 .binary_info.__bi_ptr28
                0x0000000010008814        0x4 CMakeFiles/ledonoffbutton.dir/home/pi/pico/pico-sdk/src/rp2_common/pico_stdio_uart/stdio_uart.c.obj
 .binary_info.__bi_ptr29
                0x0000000010008818        0x4 CMakeFiles/ledonoffbutton.dir/home/pi/pico/pico-sdk/src/rp2_common/pico_stdio_uart/stdio_uart.c.obj
 .binary_info.__bi_ptr93
                0x000000001000881c        0x4 CMakeFiles/ledonoffbutton.dir/home/pi/pico/pico-sdk/src/rp2_common/pico_stdio_usb/stdio_usb.c.obj
                0x0000000010008820                __binary_info_end = .
                0x0000000010008820                . = ALIGN (0x4)
                0x0000000010008820                __etext = .

.ram_vector_table
                0x0000000020000000       0xc0
 *(.ram_vector_table)
 .ram_vector_table
                0x0000000020000000       0xc0 CMakeFiles/ledonoffbutton.dir/home/pi/pico/pico-sdk/src/rp2_common/pico_runtime/runtime.c.obj
                0x0000000020000000                ram_vector_table

.data           0x00000000200000c0      0x454 load address 0x0000000010008820
                0x00000000200000c0                __data_start__ = .
 *(vtable)
 *(.time_critical*)
 .time_critical.mutex_enter_blocking
                0x00000000200000c0       0x48 CMakeFiles/ledonoffbutton.dir/home/pi/pico/pico-sdk/src/common/pico_sync/mutex.c.obj
                0x00000000200000c0                mutex_enter_blocking
 .time_critical.mutex_try_enter
                0x0000000020000108       0x48 CMakeFiles/ledonoffbutton.dir/home/pi/pico/pico-sdk/src/common/pico_sync/mutex.c.obj
                0x0000000020000108                mutex_try_enter
 .time_critical.mutex_enter_block_until
                0x0000000020000150       0x7c CMakeFiles/ledonoffbutton.dir/home/pi/pico/pico-sdk/src/common/pico_sync/mutex.c.obj
                0x0000000020000150                mutex_enter_block_until
 .time_critical.mutex_enter_timeout_ms
                0x00000000200001cc       0x6c CMakeFiles/ledonoffbutton.dir/home/pi/pico/pico-sdk/src/common/pico_sync/mutex.c.obj
                0x00000000200001cc                mutex_enter_timeout_ms
 .time_critical.mutex_exit
                0x0000000020000238       0x4c CMakeFiles/ledonoffbutton.dir/home/pi/pico/pico-sdk/src/common/pico_sync/mutex.c.obj
                0x0000000020000238                mutex_exit
 .time_critical.flash_init_boot2_copyout
                0x0000000020000284       0x30 CMakeFiles/ledonoffbutton.dir/home/pi/pico/pico-sdk/src/rp2_common/hardware_flash/flash.c.obj
 .time_critical.flash_enable_xip_via_boot2
                0x00000000200002b4       0x10 CMakeFiles/ledonoffbutton.dir/home/pi/pico/pico-sdk/src/rp2_common/hardware_flash/flash.c.obj
 .time_critical.flash_cs_force
                0x00000000200002c4       0x28 CMakeFiles/ledonoffbutton.dir/home/pi/pico/pico-sdk/src/rp2_common/hardware_flash/flash.c.obj
 .time_critical.flash_do_cmd
                0x00000000200002ec       0xd4 CMakeFiles/ledonoffbutton.dir/home/pi/pico/pico-sdk/src/rp2_common/hardware_flash/flash.c.obj
                0x00000000200002ec                flash_do_cmd
 *(.text*)
 .text          0x00000000200003c0        0x4 /usr/lib/gcc/arm-none-eabi/8.3.1/thumb/v6-m/nofp/libgcc.a(_dvmd_tls.o)
                0x00000000200003c0                __aeabi_ldiv0
                0x00000000200003c0                __aeabi_idiv0
 *fill*         0x00000000200003c4        0x4 
 .text.__stub   0x00000000200003c8       0x40 linker stubs
                0x0000000020000408                . = ALIGN (0x4)
 *(.rodata*)
                0x0000000020000408                . = ALIGN (0x4)
 *(.data*)
 .data.striped_spin_lock_num
                0x0000000020000408        0x1 CMakeFiles/ledonoffbutton.dir/home/pi/pico/pico-sdk/src/rp2_common/hardware_sync/sync.c.obj
 *fill*         0x0000000020000409        0x3 
 .data.default_alarm_pool
                0x000000002000040c       0x18 CMakeFiles/ledonoffbutton.dir/home/pi/pico/pico-sdk/src/common/pico_time/time.c.obj
 .data.default_alarm_pool_heap
                0x0000000020000424       0x10 CMakeFiles/ledonoffbutton.dir/home/pi/pico/pico-sdk/src/common/pico_time/time.c.obj
 .data          0x0000000020000434       0x48 CMakeFiles/ledonoffbutton.dir/home/pi/pico/pico-sdk/src/rp2_common/hardware_irq/irq_handler_chain.S.obj
                0x0000000020000434                irq_handler_chain_slots
                0x0000000020000464                irq_handler_chain_first_slot
                0x000000002000046e                irq_handler_chain_remove_tail
 *fill*         0x000000002000047c        0x4 
 .data.aeabi_bits_funcs
                0x0000000020000480       0x10 CMakeFiles/ledonoffbutton.dir/home/pi/pico/pico-sdk/src/rp2_common/pico_bit_ops/bit_ops_aeabi.S.obj
                0x0000000020000480                aeabi_bits_funcs
                0x0000000020000490                aeabi_bits_funcs_end
 .data.aeabi_mem_funcs
                0x0000000020000490       0x10 CMakeFiles/ledonoffbutton.dir/home/pi/pico/pico-sdk/src/rp2_common/pico_mem_ops/mem_ops_aeabi.S.obj
                0x0000000020000490                aeabi_mem_funcs
                0x00000000200004a0                aeabi_mem_funcs_end
 .data.stdio_uart
                0x00000000200004a0       0x14 CMakeFiles/ledonoffbutton.dir/home/pi/pico/pico-sdk/src/rp2_common/pico_stdio_uart/stdio_uart.c.obj
                0x00000000200004a0                stdio_uart
 .data.stdio_usb
                0x00000000200004b4       0x14 CMakeFiles/ledonoffbutton.dir/home/pi/pico/pico-sdk/src/rp2_common/pico_stdio_usb/stdio_usb.c.obj
                0x00000000200004b4                stdio_usb
 .data.ep_dir_string
                0x00000000200004c8        0x8 CMakeFiles/ledonoffbutton.dir/home/pi/pico/pico-sdk/lib/tinyusb/src/portable/raspberrypi/rp2040/rp2040_usb.c.obj
                0x00000000200004c8                ep_dir_string
 .data._usbd_qdef