Archive member included to satisfy reference by file (symbol)

/usr/lib/gcc/arm-none-eabi/8.3.1/thumb/v6-m/nofp/libgcc.a(_dvmd_tls.o)
                              CMakeFiles/ledonoff.dir/home/pi/pico/pico-sdk/src/rp2_common/pico_divider/divider.S.obj (__aeabi_idiv0)
/usr/lib/gcc/arm-none-eabi/8.3.1/../../../arm-none-eabi/lib/thumb/v6-m/nofp/libg.a(lib_a-atexit.o)
                              /usr/lib/gcc/arm-none-eabi/8.3.1/../../../arm-none-eabi/lib/thumb/v6-m/nofp/crt0.o (atexit)
/usr/lib/gcc/arm-none-eabi/8.3.1/../../../arm-none-eabi/lib/thumb/v6-m/nofp/libg.a(lib_a-calloc.o)
                              CMakeFiles/ledonoff.dir/home/pi/pico/pico-sdk/src/rp2_common/pico_malloc/pico_malloc.c.obj (calloc)
/usr/lib/gcc/arm-none-eabi/8.3.1/../../../arm-none-eabi/lib/thumb/v6-m/nofp/libg.a(lib_a-callocr.o)
                              /usr/lib/gcc/arm-none-eabi/8.3.1/../../../arm-none-eabi/lib/thumb/v6-m/nofp/libg.a(lib_a-calloc.o) (_calloc_r)
/usr/lib/gcc/arm-none-eabi/8.3.1/../../../arm-none-eabi/lib/thumb/v6-m/nofp/libg.a(lib_a-ctype_.o)
                              CMakeFiles/ledonoff.dir/home/pi/pico/pico-sdk/lib/tinyusb/src/tusb.c.obj (_ctype_)
/usr/lib/gcc/arm-none-eabi/8.3.1/../../../arm-none-eabi/lib/thumb/v6-m/nofp/libg.a(lib_a-fini.o)
                              /usr/lib/gcc/arm-none-eabi/8.3.1/../../../arm-none-eabi/lib/thumb/v6-m/nofp/crt0.o (__libc_fini_array)
/usr/lib/gcc/arm-none-eabi/8.3.1/../../../arm-none-eabi/lib/thumb/v6-m/nofp/libg.a(lib_a-impure.o)
                              /usr/lib/gcc/arm-none-eabi/8.3.1/../../../arm-none-eabi/lib/thumb/v6-m/nofp/libg.a(lib_a-calloc.o) (_impure_ptr)
/usr/lib/gcc/arm-none-eabi/8.3.1/../../../arm-none-eabi/lib/thumb/v6-m/nofp/libg.a(lib_a-init.o)
                              /usr/lib/gcc/arm-none-eabi/8.3.1/../../../arm-none-eabi/lib/thumb/v6-m/nofp/crt0.o (__libc_init_array)
/usr/lib/gcc/arm-none-eabi/8.3.1/../../../arm-none-eabi/lib/thumb/v6-m/nofp/libg.a(lib_a-malloc.o)
                              CMakeFiles/ledonoff.dir/home/pi/pico/pico-sdk/src/rp2_common/pico_malloc/pico_malloc.c.obj (malloc)
/usr/lib/gcc/arm-none-eabi/8.3.1/../../../arm-none-eabi/lib/thumb/v6-m/nofp/libg.a(lib_a-mallocr.o)
                              /usr/lib/gcc/arm-none-eabi/8.3.1/../../../arm-none-eabi/lib/thumb/v6-m/nofp/libg.a(lib_a-callocr.o) (_malloc_r)
/usr/lib/gcc/arm-none-eabi/8.3.1/../../../arm-none-eabi/lib/thumb/v6-m/nofp/libg.a(lib_a-mlock.o)
                              /usr/lib/gcc/arm-none-eabi/8.3.1/../../../arm-none-eabi/lib/thumb/v6-m/nofp/libg.a(lib_a-mallocr.o) (__malloc_lock)
/usr/lib/gcc/arm-none-eabi/8.3.1/../../../arm-none-eabi/lib/thumb/v6-m/nofp/libg.a(lib_a-sbrkr.o)
                              /usr/lib/gcc/arm-none-eabi/8.3.1/../../../arm-none-eabi/lib/thumb/v6-m/nofp/libg.a(lib_a-mallocr.o) (_sbrk_r)
/usr/lib/gcc/arm-none-eabi/8.3.1/../../../arm-none-eabi/lib/thumb/v6-m/nofp/libg.a(lib_a-strlen-stub.o)
                              CMakeFiles/ledonoff.dir/home/pi/pico/pico-sdk/src/rp2_common/pico_stdio/stdio.c.obj (strlen)
/usr/lib/gcc/arm-none-eabi/8.3.1/../../../arm-none-eabi/lib/thumb/v6-m/nofp/libg.a(lib_a-__atexit.o)
                              /usr/lib/gcc/arm-none-eabi/8.3.1/../../../arm-none-eabi/lib/thumb/v6-m/nofp/libg.a(lib_a-atexit.o) (__register_exitproc)
/usr/lib/gcc/arm-none-eabi/8.3.1/../../../arm-none-eabi/lib/thumb/v6-m/nofp/libg.a(lib_a-freer.o)
                              /usr/lib/gcc/arm-none-eabi/8.3.1/../../../arm-none-eabi/lib/thumb/v6-m/nofp/libg.a(lib_a-malloc.o) (_free_r)
/usr/lib/gcc/arm-none-eabi/8.3.1/../../../arm-none-eabi/lib/thumb/v6-m/nofp/libg.a(lib_a-reent.o)
                              /usr/lib/gcc/arm-none-eabi/8.3.1/../../../arm-none-eabi/lib/thumb/v6-m/nofp/libg.a(lib_a-sbrkr.o) (errno)

Allocating common symbols
Common symbol       size              file

sf_table            0x100             CMakeFiles/ledonoff.dir/home/pi/pico/pico-sdk/src/rp2_common/pico_float/float_init_rom.c.obj
errno               0x4               /usr/lib/gcc/arm-none-eabi/8.3.1/../../../arm-none-eabi/lib/thumb/v6-m/nofp/libg.a(lib_a-reent.o)
_usbd_qdef_buf      0xc0              CMakeFiles/ledonoff.dir/home/pi/pico/pico-sdk/lib/tinyusb/src/device/usbd.c.obj
sd_table            0x100             CMakeFiles/ledonoff.dir/home/pi/pico/pico-sdk/src/rp2_common/pico_double/double_init_rom.c.obj
uart_char_to_line_feed
                    0x4               CMakeFiles/ledonoff.dir/home/pi/pico/pico-sdk/src/rp2_common/hardware_uart/uart.c.obj

Discarded input sections

 .text          0x0000000000000000        0x0 /usr/lib/gcc/arm-none-eabi/8.3.1/thumb/v6-m/nofp/crti.o
 .data          0x0000000000000000        0x0 /usr/lib/gcc/arm-none-eabi/8.3.1/thumb/v6-m/nofp/crti.o
 .bss           0x0000000000000000        0x0 /usr/lib/gcc/arm-none-eabi/8.3.1/thumb/v6-m/nofp/crti.o
 .data          0x0000000000000000        0x4 /usr/lib/gcc/arm-none-eabi/8.3.1/thumb/v6-m/nofp/crtbegin.o
[...]
Memory Configuration

Name             Origin             Length             Attributes
FLASH            0x0000000010000000 0x0000000000200000 xr
RAM              0x0000000020000000 0x0000000000040000 xrw
SCRATCH_X        0x0000000020040000 0x0000000000001000 xrw
SCRATCH_Y        0x0000000020041000 0x0000000000001000 xrw
*default*        0x0000000000000000 0xffffffffffffffff

Linker script and memory map

LOAD /usr/lib/gcc/arm-none-eabi/8.3.1/thumb/v6-m/nofp/crti.o
LOAD /usr/lib/gcc/arm-none-eabi/8.3.1/thumb/v6-m/nofp/crtbegin.o
LOAD /usr/lib/gcc/arm-none-eabi/8.3.1/../../../arm-none-eabi/lib/thumb/v6-m/nofp/crt0.o

.flash_begin    0x0000000010000000        0x0
                0x0000000010000000                __flash_binary_start = .

.boot2          0x0000000010000000      0x100
                0x0000000010000000                __boot2_start__ = .
 *(.boot2)
 .boot2         0x0000000010000000      0x100 /tmp/cc9Wpp4Y.o
                0x0000000010000100                __boot2_end__ = .
                0x0000000000000001                ASSERT (((__boot2_end__ - __boot2_start__) == 0x100), ERROR: Pico second stage bootloader must be 256 bytes in size)

.text           0x0000000010000100     0x7080
                0x0000000010000100                __logical_binary_start = .
 *(.vectors)
 .vectors       0x0000000010000100       0xd4 CMakeFiles/ledonoff.dir/home/pi/pico/pico-sdk/src/rp2_common/pico_standard_link/crt0.S.obj
                0x0000000010000100                __vectors
                0x0000000010000100                __VECTOR_TABLE
                0x00000000100001c0                isr_invalid
                0x00000000100001c0                __default_isrs_start
                0x00000000100001c2                isr_nmi
                0x00000000100001c4                isr_hardfault
                0x00000000100001c6                isr_svcall
                0x00000000100001c8                isr_pendsv
                0x00000000100001ca                isr_systick
                0x00000000100001cc                isr_irq30
                0x00000000100001cc                __unhandled_user_irq
                0x00000000100001cc                isr_irq13
                0x00000000100001cc                isr_irq27
                0x00000000100001cc                isr_irq31
                0x00000000100001cc                isr_irq5
                0x00000000100001cc                isr_irq11
                0x00000000100001cc                isr_irq23
                0x00000000100001cc                isr_irq18
                0x00000000100001cc                isr_irq28
                0x00000000100001cc                isr_irq19
                0x00000000100001cc                isr_irq0
                0x00000000100001cc                isr_irq6
                0x00000000100001cc                isr_irq22
                0x00000000100001cc                isr_irq17
                0x00000000100001cc                isr_irq14
                0x00000000100001cc                isr_irq2
                0x00000000100001cc                isr_irq10
                0x00000000100001cc                isr_irq8
                0x00000000100001cc                isr_irq24
                0x00000000100001cc                isr_irq1
                0x00000000100001cc                isr_irq7
                0x00000000100001cc                isr_irq21
                0x00000000100001cc                isr_irq20
                0x00000000100001cc                isr_irq15
                0x00000000100001cc                isr_irq25
                0x00000000100001cc                isr_irq4
                0x00000000100001cc                isr_irq16
                0x00000000100001cc                isr_irq29
                0x00000000100001cc                isr_irq26
                0x00000000100001cc                __default_isrs_end
                0x00000000100001cc                isr_irq3
                0x00000000100001cc                isr_irq12
                0x00000000100001cc                isr_irq9
                0x00000000100001d2                unhandled_user_irq_num_in_r0
 *(.binary_info_header)
 .binary_info_header
                0x00000000100001d4       0x14 CMakeFiles/ledonoff.dir/home/pi/pico/pico-sdk/src/rp2_common/pico_standard_link/crt0.S.obj
                0x00000000100001e8                __binary_info_header_end = .
 *(.reset)
 .reset         0x00000000100001e8       0xa8 CMakeFiles/ledonoff.dir/home/pi/pico/pico-sdk/src/rp2_common/pico_standard_link/crt0.S.obj
                0x00000000100001e8                _entry_point
                0x0000000010000266                __get_current_exception
 .reset         0x0000000010000290       0x30 CMakeFiles/ledonoff.dir/home/pi/pico/pico-sdk/src/rp2_common/pico_standard_link/binary_info.c.obj
 *(.init)
 .init          0x00000000100002c0        0x4 /usr/lib/gcc/arm-none-eabi/8.3.1/thumb/v6-m/nofp/crti.o
                0x00000000100002c0                _init
 *(EXCLUDE_FILE(*libm.a: *libc.a:*lib_a-mem*.o *libgcc.a:) .text*)
 .text          0x00000000100002c4       0x98 /usr/lib/gcc/arm-none-eabi/8.3.1/thumb/v6-m/nofp/crtbegin.o
 .text.main     0x000000001000035c       0x68 CMakeFiles/ledonoff.dir/ledonoff.c.obj
                0x000000001000035c                main
 .text.gpio_set_function
                0x00000000100003c4       0x30 CMakeFiles/ledonoff.dir/home/pi/pico/pico-sdk/src/rp2_common/hardware_gpio/gpio.c.obj
                0x00000000100003c4                gpio_set_function
 .text.gpio_init
                0x00000000100003f4       0x16 CMakeFiles/ledonoff.dir/home/pi/pico/pico-sdk/src/rp2_common/hardware_gpio/gpio.c.obj
                0x00000000100003f4                gpio_init
 *fill*         0x000000001000040a        0x2 
 .text.hw_claim_lock
                0x000000001000040c       0x18 CMakeFiles/ledonoff.dir/home/pi/pico/pico-sdk/src/rp2_common/hardware_claim/claim.c.obj
                0x000000001000040c                hw_claim_lock
 .text.hw_claim_unlock
                0x0000000010000424       0x14 CMakeFiles/ledonoff.dir/home/pi/pico/pico-sdk/src/rp2_common/hardware_claim/claim.c.obj
                0x0000000010000424                hw_claim_unlock
 .text.hw_claim_or_assert
                0x0000000010000438       0x32 CMakeFiles/ledonoff.dir/home/pi/pico/pico-sdk/src/rp2_common/hardware_claim/claim.c.obj
                0x0000000010000438                hw_claim_or_assert
 .text.hw_claim_unused_from_range
                0x000000001000046a       0x50 CMakeFiles/ledonoff.dir/home/pi/pico/pico-sdk/src/rp2_common/hardware_claim/claim.c.obj
                0x000000001000046a                hw_claim_unused_from_range
 *fill*         0x00000000100004ba        0x2 
 .text.running_on_fpga
                0x00000000100004bc       0x14 CMakeFiles/ledonoff.dir/home/pi/pico/pico-sdk/src/rp2_common/pico_platform/platform.c.obj
                0x00000000100004bc                running_on_fpga
 .text.spin_locks_reset
                0x00000000100004d0       0x20 CMakeFiles/ledonoff.dir/home/pi/pico/pico-sdk/src/rp2_common/hardware_sync/sync.c.obj
                0x00000000100004d0                spin_locks_reset
 .text.next_striped_spin_lock_num
                0x00000000100004f0       0x1c CMakeFiles/ledonoff.dir/home/pi/pico/pico-sdk/src/rp2_common/hardware_sync/sync.c.obj
                0x00000000100004f0                next_striped_spin_lock_num
 .text.spin_lock_claim_unused
                0x000000001000050c       0x20 CMakeFiles/ledonoff.dir/home/pi/pico/pico-sdk/src/rp2_common/hardware_sync/sync.c.obj
                0x000000001000050c                spin_lock_claim_unused
 .text.uart_set_baudrate
                0x000000001000052c       0x5c CMakeFiles/ledonoff.dir/home/pi/pico/pico-sdk/src/rp2_common/hardware_uart/uart.c.obj
                0x000000001000052c                uart_set_baudrate
 .text.uart_set_translate_crlf
                0x0000000010000588       0x28 CMakeFiles/ledonoff.dir/home/pi/pico/pico-sdk/src/rp2_common/hardware_uart/uart.c.obj
                0x0000000010000588                uart_set_translate_crlf
 .text.uart_init
                0x00000000100005b0       0x80 CMakeFiles/ledonoff.dir/home/pi/pico/pico-sdk/src/rp2_common/hardware_uart/uart.c.obj
                0x00000000100005b0                uart_init
 .text.sleep_until_callback
                0x0000000010000630       0x30 CMakeFiles/ledonoff.dir/home/pi/pico/pico-sdk/src/common/pico_time/time.c.obj
 .text.alarm_pool_post_alloc_init
                0x0000000010000660       0x40 CMakeFiles/ledonoff.dir/home/pi/pico/pico-sdk/src/common/pico_time/time.c.obj
 .text.timer_pool_entry_comparator
                0x00000000100006a0       0x7c CMakeFiles/ledonoff.dir/home/pi/pico/pico-sdk/src/common/pico_time/time.c.obj
                0x00000000100006a0                timer_pool_entry_comparator
 .text.ph_add_child_node
                0x000000001000071c       0xa4 CMakeFiles/ledonoff.dir/home/pi/pico/pico-sdk/src/common/pico_time/time.c.obj
 .text.ph_merge_nodes
                0x00000000100007c0       0x3e CMakeFiles/ledonoff.dir/home/pi/pico/pico-sdk/src/common/pico_time/time.c.obj
 *fill*         0x00000000100007fe        0x2 
 .text.add_alarm_under_lock
                0x0000000010000800      0x180 CMakeFiles/ledonoff.dir/home/pi/pico/pico-sdk/src/common/pico_time/time.c.obj
 .text.alarm_pool_alarm_callback
                0x0000000010000980      0x328 CMakeFiles/ledonoff.dir/home/pi/pico/pico-sdk/src/common/pico_time/time.c.obj
 .text.alarm_pool_init_default
                0x0000000010000ca8       0x38 CMakeFiles/ledonoff.dir/home/pi/pico/pico-sdk/src/common/pico_time/time.c.obj
                0x0000000010000ca8                alarm_pool_init_default
 .text.alarm_pool_get_default
                0x0000000010000ce0       0x2c CMakeFiles/ledonoff.dir/home/pi/pico/pico-sdk/src/common/pico_time/time.c.obj
                0x0000000010000ce0                alarm_pool_get_default
 .text.alarm_pool_add_alarm_at
                0x0000000010000d0c      0x154 CMakeFiles/ledonoff.dir/home/pi/pico/pico-sdk/src/common/pico_time/time.c.obj
                0x0000000010000d0c                alarm_pool_add_alarm_at
 .text.alarm_pool_cancel_alarm
                0x0000000010000e60       0xec CMakeFiles/ledonoff.dir/home/pi/pico/pico-sdk/src/common/pico_time/time.c.obj
                0x0000000010000e60                alarm_pool_cancel_alarm
 .text.best_effort_wfe_or_timeout
                0x0000000010000f4c       0x80 CMakeFiles/ledonoff.dir/home/pi/pico/pico-sdk/src/common/pico_time/time.c.obj
                0x0000000010000f4c                best_effort_wfe_or_timeout
 .text.hardware_alarm_irq_handler
                0x0000000010000fcc       0x8c CMakeFiles/ledonoff.dir/home/pi/pico/pico-sdk/src/rp2_common/hardware_timer/timer.c.obj
 .text.hardware_alarm_claim
                0x0000000010001058       0x18 CMakeFiles/ledonoff.dir/home/pi/pico/pico-sdk/src/rp2_common/hardware_timer/timer.c.obj
                0x0000000010001058                hardware_alarm_claim
 .text.time_us_64
                0x0000000010001070       0x18 CMakeFiles/ledonoff.dir/home/pi/pico/pico-sdk/src/rp2_common/hardware_timer/timer.c.obj
                0x0000000010001070                time_us_64
 .text.busy_wait_until
                0x0000000010001088       0x24 CMakeFiles/ledonoff.dir/home/pi/pico/pico-sdk/src/rp2_common/hardware_timer/timer.c.obj
                0x0000000010001088                busy_wait_until
 .text.busy_wait_us
                0x00000000100010ac       0x48 CMakeFiles/ledonoff.dir/home/pi/pico/pico-sdk/src/rp2_common/hardware_timer/timer.c.obj
                0x00000000100010ac                busy_wait_us
 .text.hardware_alarm_set_callback
                0x00000000100010f4       0x90 CMakeFiles/ledonoff.dir/home/pi/pico/pico-sdk/src/rp2_common/hardware_timer/timer.c.obj
                0x00000000100010f4                hardware_alarm_set_callback
 .text.hardware_alarm_set_target
                0x0000000010001184       0xe8 CMakeFiles/ledonoff.dir/home/pi/pico/pico-sdk/src/rp2_common/hardware_timer/timer.c.obj
                0x0000000010001184                hardware_alarm_set_target
 .text.hardware_alarm_cancel
                0x000000001000126c       0x40 CMakeFiles/ledonoff.dir/home/pi/pico/pico-sdk/src/rp2_common/hardware_timer/timer.c.obj
                0x000000001000126c                hardware_alarm_cancel
 .text.lock_init
                0x00000000100012ac       0x10 CMakeFiles/ledonoff.dir/home/pi/pico/pico-sdk/src/common/pico_sync/lock_core.c.obj
                0x00000000100012ac                lock_init
 .text.mutex_init
                0x00000000100012bc       0x1a CMakeFiles/ledonoff.dir/home/pi/pico/pico-sdk/src/common/pico_sync/mutex.c.obj
                0x00000000100012bc                mutex_init
 .text.recursive_mutex_init
                0x00000000100012d6       0x1e CMakeFiles/ledonoff.dir/home/pi/pico/pico-sdk/src/common/pico_sync/mutex.c.obj
                0x00000000100012d6                recursive_mutex_init
 .text.critical_section_init_with_lock_num
                0x00000000100012f4       0x14 CMakeFiles/ledonoff.dir/home/pi/pico/pico-sdk/src/common/pico_sync/critical_section.c.obj
                0x00000000100012f4                critical_section_init_with_lock_num
 .text.critical_section_init
                0x0000000010001308       0x14 CMakeFiles/ledonoff.dir/home/pi/pico/pico-sdk/src/common/pico_sync/critical_section.c.obj
                0x0000000010001308                critical_section_init
 .text.ph_add_child_node
                0x000000001000131c       0xa4 CMakeFiles/ledonoff.dir/home/pi/pico/pico-sdk/src/common/pico_util/pheap.c.obj
 .text.ph_merge_nodes
                0x00000000100013c0       0x3e CMakeFiles/ledonoff.dir/home/pi/pico/pico-sdk/src/common/pico_util/pheap.c.obj
 *fill*         0x00000000100013fe        0x2 
 .text.ph_clear
                0x0000000010001400       0x70 CMakeFiles/ledonoff.dir/home/pi/pico/pico-sdk/src/common/pico_util/pheap.c.obj
                0x0000000010001400                ph_clear
 .text.ph_post_alloc_init
                0x0000000010001470        0xe CMakeFiles/ledonoff.dir/home/pi/pico/pico-sdk/src/common/pico_util/pheap.c.obj
                0x0000000010001470                ph_post_alloc_init
 *fill*         0x000000001000147e        0x2 
 .text.ph_merge_two_pass
                0x0000000010001480       0xac CMakeFiles/ledonoff.dir/home/pi/pico/pico-sdk/src/common/pico_util/pheap.c.obj
                0x0000000010001480                ph_merge_two_pass
 .text.ph_remove_any_head
                0x000000001000152c      0x108 CMakeFiles/ledonoff.dir/home/pi/pico/pico-sdk/src/common/pico_util/pheap.c.obj
 .text.ph_remove_head
                0x0000000010001634       0x14 CMakeFiles/ledonoff.dir/home/pi/pico/pico-sdk/src/common/pico_util/pheap.c.obj
                0x0000000010001634                ph_remove_head
 .text.ph_remove_and_free_node
                0x0000000010001648       0xf8 CMakeFiles/ledonoff.dir/home/pi/pico/pico-sdk/src/common/pico_util/pheap.c.obj
                0x0000000010001648                ph_remove_and_free_node
 .text._exit    0x0000000010001740        0x4 CMakeFiles/ledonoff.dir/home/pi/pico/pico-sdk/src/rp2_common/pico_runtime/runtime.c.obj
                0x0000000010001740                _exit
 .text.exit     0x0000000010001744        0x6 CMakeFiles/ledonoff.dir/home/pi/pico/pico-sdk/src/rp2_common/pico_runtime/runtime.c.obj
                0x0000000010001744                exit
 *fill*         0x000000001000174a        0x2 
 .text.__assert_func
                0x000000001000174c       0x3c CMakeFiles/ledonoff.dir/home/pi/pico/pico-sdk/src/rp2_common/pico_runtime/runtime.c.obj
                0x000000001000174c                __assert_func
 .text.runtime_init
                0x0000000010001788       0xf8 CMakeFiles/ledonoff.dir/home/pi/pico/pico-sdk/src/rp2_common/pico_runtime/runtime.c.obj
                0x0000000010001788                runtime_init
 .text.panic    0x0000000010001880       0x30 CMakeFiles/ledonoff.dir/home/pi/pico/pico-sdk/src/rp2_common/pico_runtime/runtime.c.obj
                0x0000000010001880                panic
 .text.clock_configure
                0x00000000100018b0       0xfc CMakeFiles/ledonoff.dir/home/pi/pico/pico-sdk/src/rp2_common/hardware_clocks/clocks.c.obj
                0x00000000100018b0                clock_configure
 .text.clocks_init
                0x00000000100019ac      0x100 CMakeFiles/ledonoff.dir/home/pi/pico/pico-sdk/src/rp2_common/hardware_clocks/clocks.c.obj
                0x00000000100019ac                clocks_init
 .text.clock_get_hz
                0x0000000010001aac        0xc CMakeFiles/ledonoff.dir/home/pi/pico/pico-sdk/src/rp2_common/hardware_clocks/clocks.c.obj
                0x0000000010001aac                clock_get_hz
 .text.set_raw_irq_handler_and_unlock
                0x0000000010001ab8       0x28 CMakeFiles/ledonoff.dir/home/pi/pico/pico-sdk/src/rp2_common/hardware_irq/irq.c.obj
 .text.make_branch
                0x0000000010001ae0       0x34 CMakeFiles/ledonoff.dir/home/pi/pico/pico-sdk/src/rp2_common/hardware_irq/irq.c.obj
 .text.insert_branch_and_link
                0x0000000010001b14       0x40 CMakeFiles/ledonoff.dir/home/pi/pico/pico-sdk/src/rp2_common/hardware_irq/irq.c.obj
 .text.irq_is_enabled
                0x0000000010001b54       0x18 CMakeFiles/ledonoff.dir/home/pi/pico/pico-sdk/src/rp2_common/hardware_irq/irq.c.obj
                0x0000000010001b54                irq_is_enabled
 .text.irq_set_mask_enabled
                0x0000000010001b6c       0x20 CMakeFiles/ledonoff.dir/home/pi/pico/pico-sdk/src/rp2_common/hardware_irq/irq.c.obj
                0x0000000010001b6c                irq_set_mask_enabled
 .text.irq_set_enabled
                0x0000000010001b8c        0xe CMakeFiles/ledonoff.dir/home/pi/pico/pico-sdk/src/rp2_common/hardware_irq/irq.c.obj
                0x0000000010001b8c                irq_set_enabled
 *fill*         0x0000000010001b9a        0x2 
 .text.irq_set_pending
                0x0000000010001b9c       0x10 CMakeFiles/ledonoff.dir/home/pi/pico/pico-sdk/src/rp2_common/hardware_irq/irq.c.obj
                0x0000000010001b9c                irq_set_pending
 .text.irq_get_vtable_handler
                0x0000000010001bac       0x10 CMakeFiles/ledonoff.dir/home/pi/pico/pico-sdk/src/rp2_common/hardware_irq/irq.c.obj
                0x0000000010001bac                irq_get_vtable_handler
 .text.irq_set_exclusive_handler
                0x0000000010001bbc       0x54 CMakeFiles/ledonoff.dir/home/pi/pico/pico-sdk/src/rp2_common/hardware_irq/irq.c.obj
                0x0000000010001bbc                irq_set_exclusive_handler
 .text.irq_remove_handler
                0x0000000010001c10      0x1a8 CMakeFiles/ledonoff.dir/home/pi/pico/pico-sdk/src/rp2_common/hardware_irq/irq.c.obj
                0x0000000010001c10                irq_remove_handler
 .text.irq_add_tail_to_free_list
                0x0000000010001db8       0xf0 CMakeFiles/ledonoff.dir/home/pi/pico/pico-sdk/src/rp2_common/hardware_irq/irq.c.obj
                0x0000000010001db8                irq_add_tail_to_free_list
 .text.irq_init_priorities
                0x0000000010001ea8       0x1c CMakeFiles/ledonoff.dir/home/pi/pico/pico-sdk/src/rp2_common/hardware_irq/irq.c.obj
                0x0000000010001ea8                irq_init_priorities
 .text.pll_init
                0x0000000010001ec4      0x114 CMakeFiles/ledonoff.dir/home/pi/pico/pico-sdk/src/rp2_common/hardware_pll/pll.c.obj
                0x0000000010001ec4                pll_init
 .text.watchdog_start_tick
                0x0000000010001fd8       0x10 CMakeFiles/ledonoff.dir/home/pi/pico/pico-sdk/src/rp2_common/hardware_watchdog/watchdog.c.obj
                0x0000000010001fd8                watchdog_start_tick
 .text.watchdog_update
                0x0000000010001fe8       0x14 CMakeFiles/ledonoff.dir/home/pi/pico/pico-sdk/src/rp2_common/hardware_watchdog/watchdog.c.obj
                0x0000000010001fe8                watchdog_update
 .text._watchdog_enable
                0x0000000010001ffc       0x74 CMakeFiles/ledonoff.dir/home/pi/pico/pico-sdk/src/rp2_common/hardware_watchdog/watchdog.c.obj
                0x0000000010001ffc                _watchdog_enable
 .text.watchdog_reboot
                0x0000000010002070       0x44 CMakeFiles/ledonoff.dir/home/pi/pico/pico-sdk/src/rp2_common/hardware_watchdog/watchdog.c.obj
                0x0000000010002070                watchdog_reboot
 .text.xosc_init
                0x00000000100020b4       0x28 CMakeFiles/ledonoff.dir/home/pi/pico/pico-sdk/src/rp2_common/hardware_xosc/xosc.c.obj
                0x00000000100020b4                xosc_init
 .text._out_null
                0x00000000100020dc        0x2 CMakeFiles/ledonoff.dir/home/pi/pico/pico-sdk/src/rp2_common/pico_printf/printf.c.obj
 .text._out_fct
                0x00000000100020de        0xe CMakeFiles/ledonoff.dir/home/pi/pico/pico-sdk/src/rp2_common/pico_printf/printf.c.obj
 .text._atoi    0x00000000100020ec       0x28 CMakeFiles/ledonoff.dir/home/pi/pico/pico-sdk/src/rp2_common/pico_printf/printf.c.obj
 .text._out_rev
                0x0000000010002114       0x8c CMakeFiles/ledonoff.dir/home/pi/pico/pico-sdk/src/rp2_common/pico_printf/printf.c.obj
 .text._ntoa_format
                0x00000000100021a0      0x10c CMakeFiles/ledonoff.dir/home/pi/pico/pico-sdk/src/rp2_common/pico_printf/printf.c.obj
 .text._ntoa_long
                0x00000000100022ac       0xb0 CMakeFiles/ledonoff.dir/home/pi/pico/pico-sdk/src/rp2_common/pico_printf/printf.c.obj
 .text._ntoa_long_long
                0x000000001000235c       0xe6 CMakeFiles/ledonoff.dir/home/pi/pico/pico-sdk/src/rp2_common/pico_printf/printf.c.obj
 *fill*         0x0000000010002442        0x2 
 .text._etoa    0x0000000010002444      0x408 CMakeFiles/ledonoff.dir/home/pi/pico/pico-sdk/src/rp2_common/pico_printf/printf.c.obj
 .text._ftoa    0x000000001000284c      0x344 CMakeFiles/ledonoff.dir/home/pi/pico/pico-sdk/src/rp2_common/pico_printf/printf.c.obj
 .text._vsnprintf
                0x0000000010002b90      0x61c CMakeFiles/ledonoff.dir/home/pi/pico/pico-sdk/src/rp2_common/pico_printf/printf.c.obj
 .text.vfctprintf
                0x00000000100031ac       0x20 CMakeFiles/ledonoff.dir/home/pi/pico/pico-sdk/src/rp2_common/pico_printf/printf.c.obj
                0x00000000100031ac                vfctprintf
 .text          0x00000000100031cc       0x10 CMakeFiles/ledonoff.dir/home/pi/pico/pico-sdk/src/rp2_common/pico_bit_ops/bit_ops_aeabi.S.obj
 .text.rom_func_lookup
                0x00000000100031dc       0x10 CMakeFiles/ledonoff.dir/home/pi/pico/pico-sdk/src/rp2_common/pico_bootrom/bootrom.c.obj
                0x00000000100031dc                rom_func_lookup
 .text.rom_data_lookup
                0x00000000100031ec       0x10 CMakeFiles/ledonoff.dir/home/pi/pico/pico-sdk/src/rp2_common/pico_bootrom/bootrom.c.obj
                0x00000000100031ec                rom_data_lookup
 .text.rom_funcs_lookup
                0x00000000100031fc       0x36 CMakeFiles/ledonoff.dir/home/pi/pico/pico-sdk/src/rp2_common/pico_bootrom/bootrom.c.obj
                0x00000000100031fc                rom_funcs_lookup
 *fill*         0x0000000010003232        0x2 
 .text.__wrap___aeabi_idiv
                0x0000000010003234       0x50 CMakeFiles/ledonoff.dir/home/pi/pico/pico-sdk/src/rp2_common/pico_divider/divider.S.obj
                0x0000000010003234                __wrap___aeabi_idivmod
                0x0000000010003234                divmod_s32s32
                0x0000000010003234                div_s32s32
                0x0000000010003234                __wrap___aeabi_idiv
                0x000000001000323c                divmod_s32s32_unsafe
                0x0000000010003268                divmod_s32s32_savestate
 .text.__wrap___aeabi_uidiv
                0x0000000010003284       0x4c CMakeFiles/ledonoff.dir/home/pi/pico/pico-sdk/src/rp2_common/pico_divider/divider.S.obj
                0x0000000010003284                __wrap___aeabi_uidiv
                0x0000000010003284                __wrap___aeabi_uidivmod
                0x0000000010003284                div_u32u32
                0x0000000010003284                divmod_u32u32
                0x000000001000328c                divmod_u32u32_unsafe
                0x00000000100032b4                divmod_u32u32_savestate
 .text.__wrap___aeabi_ldiv
                0x00000000100032d0      0x434 CMakeFiles/ledonoff.dir/home/pi/pico/pico-sdk/src/rp2_common/pico_divider/divider.S.obj
                0x00000000100032d0                div_s64s64
                0x00000000100032d0                divmod_s64s64
                0x00000000100032d0                __wrap___aeabi_ldivmod
                0x0000000010003308                div_u64u64
                0x0000000010003308                divmod_u64u64
                0x0000000010003308                __wrap___aeabi_uldivmod
                0x0000000010003318                divmod_u64u64_savestate
                0x0000000010003340                divmod_s64s64_unsafe
                0x00000000100033c8                divmod_u64u64_unsafe
 .text.__wrap___aeabi_darithmetic
                0x0000000010003704       0x80 CMakeFiles/ledonoff.dir/home/pi/pico/pico-sdk/src/rp2_common/pico_double/double_aeabi.S.obj
                0x0000000010003704                __wrap___aeabi_drsub
                0x000000001000370a                __wrap___aeabi_dsub
                0x000000001000371c                __wrap___aeabi_dadd
                0x000000001000372e                __wrap___aeabi_ddiv
                0x000000001000376a                __wrap___aeabi_dmul
 .text.__wrap___aeabi_cdcmple
                0x0000000010003784       0x6c CMakeFiles/ledonoff.dir/home/pi/pico/pico-sdk/src/rp2_common/pico_double/double_aeabi.S.obj
                0x0000000010003784                __wrap___aeabi_cdrcmple
                0x0000000010003794                __wrap___aeabi_cdcmple
                0x0000000010003794                __wrap___aeabi_cdcmpeq
 .text.__wrap___aeabi_dcmplt
                0x00000000100037f0        0xc CMakeFiles/ledonoff.dir/home/pi/pico/pico-sdk/src/rp2_common/pico_double/double_aeabi.S.obj
                0x00000000100037f0                __wrap___aeabi_dcmplt
 .text.__wrap___aeabi_dcmple
                0x00000000100037fc       0x10 CMakeFiles/ledonoff.dir/home/pi/pico/pico-sdk/src/rp2_common/pico_double/double_aeabi.S.obj
                0x00000000100037fc                __wrap___aeabi_dcmple
 .text.__wrap___aeabi_dcmpge
                0x000000001000380c       0x10 CMakeFiles/ledonoff.dir/home/pi/pico/pico-sdk/src/rp2_common/pico_double/double_aeabi.S.obj
                0x000000001000380c                __wrap___aeabi_dcmpge
 .text.__wrap___aeabi_dcmpgt
                0x000000001000381c        0xa CMakeFiles/ledonoff.dir/home/pi/pico/pico-sdk/src/rp2_common/pico_double/double_aeabi.S.obj
                0x000000001000381c                __wrap___aeabi_dcmpgt
 .text.__wrap___aeabi_dcmpun
                0x0000000010003826       0x1c CMakeFiles/ledonoff.dir/home/pi/pico/pico-sdk/src/rp2_common/pico_double/double_aeabi.S.obj
                0x0000000010003826                __wrap___aeabi_dcmpun
 *fill*         0x0000000010003842        0x2 
 .text.__wrap___aeabi_i2d
                0x0000000010003844       0x38 CMakeFiles/ledonoff.dir/home/pi/pico/pico-sdk/src/rp2_common/pico_double/double_aeabi.S.obj
                0x0000000010003844                __wrap___aeabi_ui2d
                0x000000001000384c                __wrap___aeabi_i2d
 .text.__wrap___aeabi_d2iz
                0x000000001000387c       0x48 CMakeFiles/ledonoff.dir/home/pi/pico/pico-sdk/src/rp2_common/pico_double/double_aeabi.S.obj
                0x000000001000387c                __wrap___aeabi_d2iz
                0x000000001000387c                double2int_z
 .text.__wrap___aeabi_d2uiz
                0x00000000100038c4       0x18 CMakeFiles/ledonoff.dir/home/pi/pico/pico-sdk/src/rp2_common/pico_double/double_aeabi.S.obj
                0x00000000100038c4                double2uint
                0x00000000100038c4                __wrap___aeabi_d2uiz
 .text.__aeabi_double_init
                0x00000000100038dc       0xc8 CMakeFiles/ledonoff.dir/home/pi/pico/pico-sdk/src/rp2_common/pico_double/double_init_rom.c.obj
                0x00000000100038dc                __aeabi_double_init
 .text.double_table_shim_on_use_helper
                0x00000000100039a4       0x34 CMakeFiles/ledonoff.dir/home/pi/pico/pico-sdk/src/rp2_common/pico_double/double_v1_rom_shim.S.obj
                0x00000000100039a4                double_table_shim_on_use_helper
 .text.__wrap___aeabi_dsub
                0x00000000100039d8       0x10 CMakeFiles/ledonoff.dir/home/pi/pico/pico-sdk/src/rp2_common/pico_double/double_v1_rom_shim.S.obj
                0x00000000100039d8                drsub_shim
                0x00000000100039de                dsub_shim
 .text.dadd_shim
                0x00000000100039e8      0x15c CMakeFiles/ledonoff.dir/home/pi/pico/pico-sdk/src/rp2_common/pico_double/double_v1_rom_shim.S.obj
                0x00000000100039e8                dadd_shim
 .text.dmul_shim
                0x0000000010003b44      0x15c CMakeFiles/ledonoff.dir/home/pi/pico/pico-sdk/src/rp2_common/pico_double/double_v1_rom_shim.S.obj
                0x0000000010003b44                dmul_shim
 .text.ddiv_shim
                0x0000000010003ca0      0x1b0 CMakeFiles/ledonoff.dir/home/pi/pico/pico-sdk/src/rp2_common/pico_double/double_v1_rom_shim.S.obj
                0x0000000010003ca0                ddiv_shim
 .text.double2uint_shim
                0x0000000010003e50        0xe CMakeFiles/ledonoff.dir/home/pi/pico/pico-sdk/src/rp2_common/pico_double/double_v1_rom_shim.S.obj
                0x0000000010003e50                double2uint_shim
                0x0000000010003e52                double2ufix_shim
 *fill*         0x0000000010003e5e        0x2 
 .text.double2uint64_shim
                0x0000000010003e60       0x70 CMakeFiles/ledonoff.dir/home/pi/pico/pico-sdk/src/rp2_common/pico_double/double_v1_rom_shim.S.obj
                0x0000000010003e60                double2uint64_shim
                0x0000000010003e62                double2ufix64_shim
                0x0000000010003e82                d2fix_a
 .text.dunpacks
                0x0000000010003ed0       0x3c CMakeFiles/ledonoff.dir/home/pi/pico/pico-sdk/src/rp2_common/pico_double/double_v1_rom_shim.S.obj
                0x0000000010003ed0                dunpacks
 .text.__aeabi_lmul
                0x0000000010003f0c       0x32 CMakeFiles/ledonoff.dir/home/pi/pico/pico-sdk/src/rp2_common/pico_int64_ops/pico_int64_ops_aeabi.S.obj
                0x0000000010003f0c                __wrap___aeabi_lmul
 *fill*         0x0000000010003f3e        0x2 
 .text.__aeabi_float_init
                0x0000000010003f40       0xfc CMakeFiles/ledonoff.dir/home/pi/pico/pico-sdk/src/rp2_common/pico_float/float_init_rom.c.obj
                0x0000000010003f40                __aeabi_float_init
 .text.float_table_shim_on_use_helper
                0x000000001000403c       0x34 CMakeFiles/ledonoff.dir/home/pi/pico/pico-sdk/src/rp2_common/pico_float/float_v1_rom_shim.S.obj
                0x000000001000403c                float_table_shim_on_use_helper
 .text          0x0000000010004070       0x10 CMakeFiles/ledonoff.dir/home/pi/pico/pico-sdk/src/rp2_common/pico_mem_ops/mem_ops_aeabi.S.obj
                0x0000000010004070                __aeabi_mem_init
 .text.memset   0x0000000010004080        0xc CMakeFiles/ledonoff.dir/home/pi/pico/pico-sdk/src/rp2_common/pico_mem_ops/mem_ops_aeabi.S.obj
                0x0000000010004080                __wrap_memset
 .text.memcpy   0x000000001000408c        0xc CMakeFiles/ledonoff.dir/home/pi/pico/pico-sdk/src/rp2_common/pico_mem_ops/mem_ops_aeabi.S.obj
                0x000000001000408c                __wrap___aeabi_memcpy
                0x000000001000408c                __wrap_memcpy
 .text.stdio_out_chars_no_crlf
                0x0000000010004098        0xe CMakeFiles/ledonoff.dir/home/pi/pico/pico-sdk/src/rp2_common/pico_stdio/stdio.c.obj
 *fill*         0x00000000100040a6        0x2 
 .text.stdio_out_chars_crlf
                0x00000000100040a8       0x80 CMakeFiles/ledonoff.dir/home/pi/pico/pico-sdk/src/rp2_common/pico_stdio/stdio.c.obj
 .text.stdio_stack_buffer_flush
                0x0000000010004128       0x44 CMakeFiles/ledonoff.dir/home/pi/pico/pico-sdk/src/rp2_common/pico_stdio/stdio.c.obj
 .text.stdio_buffered_printer
                0x000000001000416c       0x20 CMakeFiles/ledonoff.dir/home/pi/pico/pico-sdk/src/rp2_common/pico_stdio/stdio.c.obj
 .text.stdio_get_until
                0x000000001000418c       0x7c CMakeFiles/ledonoff.dir/home/pi/pico/pico-sdk/src/rp2_common/pico_stdio/stdio.c.obj
 .text.stdout_serialize_begin
                0x0000000010004208       0x30 CMakeFiles/ledonoff.dir/home/pi/pico/pico-sdk/src/rp2_common/pico_stdio/stdio.c.obj
                0x0000000010004208                stdout_serialize_begin
 .text.stdout_serialize_end
                0x0000000010004238       0x10 CMakeFiles/ledonoff.dir/home/pi/pico/pico-sdk/src/rp2_common/pico_stdio/stdio.c.obj
                0x0000000010004238                stdout_serialize_end
 .text.stdio_put_string
                0x0000000010004248       0x94 CMakeFiles/ledonoff.dir/home/pi/pico/pico-sdk/src/rp2_common/pico_stdio/stdio.c.obj
 .text.stdio_set_driver_enabled
                0x00000000100042dc       0x38 CMakeFiles/ledonoff.dir/home/pi/pico/pico-sdk/src/rp2_common/pico_stdio/stdio.c.obj
                0x00000000100042dc                stdio_set_driver_enabled
 .text.stdio_flush
                0x0000000010004314       0x20 CMakeFiles/ledonoff.dir/home/pi/pico/pico-sdk/src/rp2_common/pico_stdio/stdio.c.obj
                0x0000000010004314                stdio_flush
 .text.__wrap_puts
                0x0000000010004334       0x1e CMakeFiles/ledonoff.dir/home/pi/pico/pico-sdk/src/rp2_common/pico_stdio/stdio.c.obj
                0x0000000010004334                __wrap_puts
 *fill*         0x0000000010004352        0x2 
 .text.__wrap_vprintf
                0x0000000010004354       0x44 CMakeFiles/ledonoff.dir/home/pi/pico/pico-sdk/src/rp2_common/pico_stdio/stdio.c.obj
                0x0000000010004354                __wrap_vprintf
 .text.__wrap_printf
                0x0000000010004398       0x18 CMakeFiles/ledonoff.dir/home/pi/pico/pico-sdk/src/rp2_common/pico_stdio/stdio.c.obj
                0x0000000010004398                __wrap_printf
 .text.stdio_init_all
                0x00000000100043b0        0xc CMakeFiles/ledonoff.dir/home/pi/pico/pico-sdk/src/rp2_common/pico_stdio/stdio.c.obj
                0x00000000100043b0                stdio_init_all
 .text.__wrap_getchar
                0x00000000100043bc       0x40 CMakeFiles/ledonoff.dir/home/pi/pico/pico-sdk/src/rp2_common/pico_stdio/stdio.c.obj
                0x00000000100043bc                __wrap_getchar
 .text.stdio_uart_out_chars
                0x00000000100043fc       0x74 CMakeFiles/ledonoff.dir/home/pi/pico/pico-sdk/src/rp2_common/pico_stdio_uart/stdio_uart.c.obj
 .text.stdio_uart_in_chars
                0x0000000010004470       0x54 CMakeFiles/ledonoff.dir/home/pi/pico/pico-sdk/src/rp2_common/pico_stdio_uart/stdio_uart.c.obj
                0x0000000010004470                stdio_uart_in_chars
 .text.stdio_uart_init_full
                0x00000000100044c4       0x3c CMakeFiles/ledonoff.dir/home/pi/pico/pico-sdk/src/rp2_common/pico_stdio_uart/stdio_uart.c.obj
                0x00000000100044c4                stdio_uart_init_full
 .text.stdio_uart_init
                0x0000000010004500       0x28 CMakeFiles/ledonoff.dir/home/pi/pico/pico-sdk/src/rp2_common/pico_stdio_uart/stdio_uart.c.obj
                0x0000000010004500                stdio_uart_init
 .text.resetd_init
                0x0000000010004528        0x2 CMakeFiles/ledonoff.dir/home/pi/pico/pico-sdk/src/rp2_common/pico_stdio_usb/reset_interface.c.obj
 *fill*         0x000000001000452a        0x2 
 .text.resetd_reset
                0x000000001000452c        0xc CMakeFiles/ledonoff.dir/home/pi/pico/pico-sdk/src/rp2_common/pico_stdio_usb/reset_interface.c.obj
 .text.resetd_open
                0x0000000010004538       0x34 CMakeFiles/ledonoff.dir/home/pi/pico/pico-sdk/src/rp2_common/pico_stdio_usb/reset_interface.c.obj
 .text.resetd_xfer_cb
                0x000000001000456c        0x4 CMakeFiles/ledonoff.dir/home/pi/pico/pico-sdk/src/rp2_common/pico_stdio_usb/reset_interface.c.obj
 .text.resetd_control_xfer_cb
                0x0000000010004570       0x6c CMakeFiles/ledonoff.dir/home/pi/pico/pico-sdk/src/rp2_common/pico_stdio_usb/reset_interface.c.obj
 .text.usbd_app_driver_get_cb
                0x00000000100045dc        0xc CMakeFiles/ledonoff.dir/home/pi/pico/pico-sdk/src/rp2_common/pico_stdio_usb/reset_interface.c.obj
                0x00000000100045dc                usbd_app_driver_get_cb
 .text.tud_cdc_line_coding_cb
                0x00000000100045e8       0x34 CMakeFiles/ledonoff.dir/home/pi/pico/pico-sdk/src/rp2_common/pico_stdio_usb/reset_interface.c.obj
                0x00000000100045e8                tud_cdc_line_coding_cb
 .text.stdio_usb_in_chars
                0x000000001000461c       0x70 CMakeFiles/ledonoff.dir/home/pi/pico/pico-sdk/src/rp2_common/pico_stdio_usb/stdio_usb.c.obj
                0x000000001000461c                stdio_usb_in_chars
 .text.low_priority_worker_irq
                0x000000001000468c       0x20 CMakeFiles/ledonoff.dir/home/pi/pico/pico-sdk/src/rp2_common/pico_stdio_usb/stdio_usb.c.obj
 .text.stdio_usb_out_chars
                0x00000000100046ac       0xd4 CMakeFiles/ledonoff.dir/home/pi/pico/pico-sdk/src/rp2_common/pico_stdio_usb/stdio_usb.c.obj
 .text.timer_task
                0x0000000010004780       0x10 CMakeFiles/ledonoff.dir/home/pi/pico/pico-sdk/src/rp2_common/pico_stdio_usb/stdio_usb.c.obj
 .text.stdio_usb_init
                0x0000000010004790       0xb4 CMakeFiles/ledonoff.dir/home/pi/pico/pico-sdk/src/rp2_common/pico_stdio_usb/stdio_usb.c.obj
                0x0000000010004790                stdio_usb_init
 .text.tud_descriptor_device_cb
                0x0000000010004844        0x8 CMakeFiles/ledonoff.dir/home/pi/pico/pico-sdk/src/rp2_common/pico_stdio_usb/stdio_usb_descriptors.c.obj
                0x0000000010004844                tud_descriptor_device_cb
 .text.tud_descriptor_configuration_cb
                0x000000001000484c        0x8 CMakeFiles/ledonoff.dir/home/pi/pico/pico-sdk/src/rp2_common/pico_stdio_usb/stdio_usb_descriptors.c.obj
                0x000000001000484c                tud_descriptor_configuration_cb
 .text.tud_descriptor_string_cb
                0x0000000010004854       0x6c CMakeFiles/ledonoff.dir/home/pi/pico/pico-sdk/src/rp2_common/pico_stdio_usb/stdio_usb_descriptors.c.obj
                0x0000000010004854                tud_descriptor_string_cb
 .text.hw_endpoint_get_by_addr
                0x00000000100048c0       0x18 CMakeFiles/ledonoff.dir/home/pi/pico/pico-sdk/lib/tinyusb/src/portable/raspberrypi/rp2040/dcd_rp2040.c.obj
 .text.reset_ep0_pid
                0x00000000100048d8       0x28 CMakeFiles/ledonoff.dir/home/pi/pico/pico-sdk/lib/tinyusb/src/portable/raspberrypi/rp2040/dcd_rp2040.c.obj
 .text._hw_endpoint_alloc
                0x0000000010004900       0x70 CMakeFiles/ledonoff.dir/home/pi/pico/pico-sdk/lib/tinyusb/src/portable/raspberrypi/rp2040/dcd_rp2040.c.obj
 .text.hw_endpoint_init
                0x0000000010004970       0x88 CMakeFiles/ledonoff.dir/home/pi/pico/pico-sdk/lib/tinyusb/src/portable/raspberrypi/rp2040/dcd_rp2040.c.obj
 .text.reset_non_control_endpoints
                0x00000000100049f8       0x40 CMakeFiles/ledonoff.dir/home/pi/pico/pico-sdk/lib/tinyusb/src/portable/raspberrypi/rp2040/dcd_rp2040.c.obj
 .text.hw_handle_buff_status
                0x0000000010004a38       0x8c CMakeFiles/ledonoff.dir/home/pi/pico/pico-sdk/lib/tinyusb/src/portable/raspberrypi/rp2040/dcd_rp2040.c.obj
 .text.dcd_rp2040_irq
                0x0000000010004ac4       0xbc CMakeFiles/ledonoff.dir/home/pi/pico/pico-sdk/lib/tinyusb/src/portable/raspberrypi/rp2040/dcd_rp2040.c.obj
 .text.hw_endpoint_xfer
                0x0000000010004b80       0x14 CMakeFiles/ledonoff.dir/home/pi/pico/pico-sdk/lib/tinyusb/src/portable/raspberrypi/rp2040/dcd_rp2040.c.obj
 .text.dcd_int_enable
                0x0000000010004b94       0x2c CMakeFiles/ledonoff.dir/home/pi/pico/pico-sdk/lib/tinyusb/src/portable/raspberrypi/rp2040/dcd_rp2040.c.obj
                0x0000000010004b94                dcd_int_enable
 .text.dcd_set_address
                0x0000000010004bc0       0x2c CMakeFiles/ledonoff.dir/home/pi/pico/pico-sdk/lib/tinyusb/src/portable/raspberrypi/rp2040/dcd_rp2040.c.obj
                0x0000000010004bc0                dcd_set_address
 .text.dcd_connect
                0x0000000010004bec       0x10 CMakeFiles/ledonoff.dir/home/pi/pico/pico-sdk/lib/tinyusb/src/portable/raspberrypi/rp2040/dcd_rp2040.c.obj
                0x0000000010004bec                dcd_connect
 .text.dcd_init
                0x0000000010004bfc       0x7c CMakeFiles/ledonoff.dir/home/pi/pico/pico-sdk/lib/tinyusb/src/portable/raspberrypi/rp2040/dcd_rp2040.c.obj
                0x0000000010004bfc                dcd_init
 .text.dcd_edpt0_status_complete
                0x0000000010004c78       0x1c CMakeFiles/ledonoff.dir/home/pi/pico/pico-sdk/lib/tinyusb/src/portable/raspberrypi/rp2040/dcd_rp2040.c.obj
                0x0000000010004c78                dcd_edpt0_status_complete
 .text.dcd_edpt_open
                0x0000000010004c94       0x40 CMakeFiles/ledonoff.dir/home/pi/pico/pico-sdk/lib/tinyusb/src/portable/raspberrypi/rp2040/dcd_rp2040.c.obj
                0x0000000010004c94                dcd_edpt_open
 .text.dcd_edpt_close_all
                0x0000000010004cd4        0x8 CMakeFiles/ledonoff.dir/home/pi/pico/pico-sdk/lib/tinyusb/src/portable/raspberrypi/rp2040/dcd_rp2040.c.obj
                0x0000000010004cd4                dcd_edpt_close_all
 .text.dcd_edpt_xfer
                0x0000000010004cdc       0x30 CMakeFiles/ledonoff.dir/home/pi/pico/pico-sdk/lib/tinyusb/src/portable/raspberrypi/rp2040/dcd_rp2040.c.obj
                0x0000000010004cdc                dcd_edpt_xfer
 .text.dcd_edpt_stall
                0x0000000010004d0c       0x2c CMakeFiles/ledonoff.dir/home/pi/pico/pico-sdk/lib/tinyusb/src/portable/raspberrypi/rp2040/dcd_rp2040.c.obj
                0x0000000010004d0c                dcd_edpt_stall
 .text.dcd_edpt_clear_stall
                0x0000000010004d38       0x20 CMakeFiles/ledonoff.dir/home/pi/pico/pico-sdk/lib/tinyusb/src/portable/raspberrypi/rp2040/dcd_rp2040.c.obj
                0x0000000010004d38                dcd_edpt_clear_stall
 .text.prepare_ep_buffer
                0x0000000010004d58       0x70 CMakeFiles/ledonoff.dir/home/pi/pico/pico-sdk/lib/tinyusb/src/portable/raspberrypi/rp2040/rp2040_usb.c.obj
 .text.sync_ep_buffer
                0x0000000010004dc8       0x7c CMakeFiles/ledonoff.dir/home/pi/pico/pico-sdk/lib/tinyusb/src/portable/raspberrypi/rp2040/rp2040_usb.c.obj
 .text._hw_endpoint_xfer_sync
                0x0000000010004e44       0x28 CMakeFiles/ledonoff.dir/home/pi/pico/pico-sdk/lib/tinyusb/src/portable/raspberrypi/rp2040/rp2040_usb.c.obj
 .text.rp2040_usb_init
                0x0000000010004e6c       0x4c CMakeFiles/ledonoff.dir/home/pi/pico/pico-sdk/lib/tinyusb/src/portable/raspberrypi/rp2040/rp2040_usb.c.obj
                0x0000000010004e6c                rp2040_usb_init
 .text.hw_endpoint_reset_transfer
                0x0000000010004eb8        0xc CMakeFiles/ledonoff.dir/home/pi/pico/pico-sdk/lib/tinyusb/src/portable/raspberrypi/rp2040/rp2040_usb.c.obj
                0x0000000010004eb8                hw_endpoint_reset_transfer
 .text._hw_endpoint_buffer_control_update32
                0x0000000010004ec4       0x58 CMakeFiles/ledonoff.dir/home/pi/pico/pico-sdk/lib/tinyusb/src/portable/raspberrypi/rp2040/rp2040_usb.c.obj
                0x0000000010004ec4                _hw_endpoint_buffer_control_update32
 .text._hw_endpoint_start_next_buffer
                0x0000000010004f1c       0x74 CMakeFiles/ledonoff.dir/home/pi/pico/pico-sdk/lib/tinyusb/src/portable/raspberrypi/rp2040/rp2040_usb.c.obj
 .text.hw_endpoint_xfer_start
                0x0000000010004f90       0x48 CMakeFiles/ledonoff.dir/home/pi/pico/pico-sdk/lib/tinyusb/src/portable/raspberrypi/rp2040/rp2040_usb.c.obj
                0x0000000010004f90                hw_endpoint_xfer_start
 .text.hw_endpoint_xfer_continue
                0x0000000010004fd8       0x38 CMakeFiles/ledonoff.dir/home/pi/pico/pico-sdk/lib/tinyusb/src/portable/raspberrypi/rp2040/rp2040_usb.c.obj
                0x0000000010004fd8                hw_endpoint_xfer_continue
 .text.configuration_reset
                0x0000000010005010       0x84 CMakeFiles/ledonoff.dir/home/pi/pico/pico-sdk/lib/tinyusb/src/device/usbd.c.obj
 .text.usbd_reset
                0x0000000010005094        0xc CMakeFiles/ledonoff.dir/home/pi/pico/pico-sdk/lib/tinyusb/src/device/usbd.c.obj
 .text.invoke_class_control
                0x00000000100050a0       0x1a CMakeFiles/ledonoff.dir/home/pi/pico/pico-sdk/lib/tinyusb/src/device/usbd.c.obj
 *fill*         0x00000000100050ba        0x2 
 .text.process_set_config
                0x00000000100050bc      0x1a8 CMakeFiles/ledonoff.dir/home/pi/pico/pico-sdk/lib/tinyusb/src/device/usbd.c.obj
 .text.process_get_descriptor
                0x0000000010005264       0xf8 CMakeFiles/ledonoff.dir/home/pi/pico/pico-sdk/lib/tinyusb/src/device/usbd.c.obj
 .text.tud_mounted
                0x000000001000535c       0x10 CMakeFiles/ledonoff.dir/home/pi/pico/pico-sdk/lib/tinyusb/src/device/usbd.c.obj
                0x000000001000535c                tud_mounted
 .text.tud_suspended
                0x000000001000536c       0x10 CMakeFiles/ledonoff.dir/home/pi/pico/pico-sdk/lib/tinyusb/src/device/usbd.c.obj
                0x000000001000536c                tud_suspended
 .text.tud_inited
                0x000000001000537c        0xc CMakeFiles/ledonoff.dir/home/pi/pico/pico-sdk/lib/tinyusb/src/device/usbd.c.obj
                0x000000001000537c                tud_inited
 .text.tud_init
                0x0000000010005388       0xcc CMakeFiles/ledonoff.dir/home/pi/pico/pico-sdk/lib/tinyusb/src/device/usbd.c.obj
                0x0000000010005388                tud_init
 .text.dcd_event_handler
                0x0000000010005454      0x1e0 CMakeFiles/ledonoff.dir/home/pi/pico/pico-sdk/lib/tinyusb/src/device/usbd.c.obj
                0x0000000010005454                dcd_event_handler
 .text.dcd_event_bus_signal
                0x0000000010005634       0x28 CMakeFiles/ledonoff.dir/home/pi/pico/pico-sdk/lib/tinyusb/src/device/usbd.c.obj
                0x0000000010005634                dcd_event_bus_signal
 .text.dcd_event_bus_reset
                0x000000001000565c       0x2c CMakeFiles/ledonoff.dir/home/pi/pico/pico-sdk/lib/tinyusb/src/device/usbd.c.obj
                0x000000001000565c                dcd_event_bus_reset
 .text.dcd_event_setup_received
                0x0000000010005688       0x34 CMakeFiles/ledonoff.dir/home/pi/pico/pico-sdk/lib/tinyusb/src/device/usbd.c.obj
                0x0000000010005688                dcd_event_setup_received
 .text.dcd_event_xfer_complete
                0x00000000100056bc       0x46 CMakeFiles/ledonoff.dir/home/pi/pico/pico-sdk/lib/tinyusb/src/device/usbd.c.obj
                0x00000000100056bc                dcd_event_xfer_complete
 *fill*         0x0000000010005702        0x2 
 .text.usbd_edpt_open
                0x0000000010005704       0x58 CMakeFiles/ledonoff.dir/home/pi/pico/pico-sdk/lib/tinyusb/src/device/usbd.c.obj
                0x0000000010005704                usbd_edpt_open
 .text.usbd_open_edpt_pair
                0x000000001000575c       0x8c CMakeFiles/ledonoff.dir/home/pi/pico/pico-sdk/lib/tinyusb/src/device/usbd.c.obj
                0x000000001000575c                usbd_open_edpt_pair
 .text.usbd_edpt_claim
                0x00000000100057e8       0x88 CMakeFiles/ledonoff.dir/home/pi/pico/pico-sdk/lib/tinyusb/src/device/usbd.c.obj
                0x00000000100057e8                usbd_edpt_claim
 .text.usbd_edpt_release
                0x0000000010005870       0x68 CMakeFiles/ledonoff.dir/home/pi/pico/pico-sdk/lib/tinyusb/src/device/usbd.c.obj
                0x0000000010005870                usbd_edpt_release
 .text.usbd_edpt_xfer
                0x00000000100058d8       0x80 CMakeFiles/ledonoff.dir/home/pi/pico/pico-sdk/lib/tinyusb/src/device/usbd.c.obj
                0x00000000100058d8                usbd_edpt_xfer
 .text.usbd_edpt_stall
                0x0000000010005958       0x40 CMakeFiles/ledonoff.dir/home/pi/pico/pico-sdk/lib/tinyusb/src/device/usbd.c.obj
                0x0000000010005958                usbd_edpt_stall
 .text.usbd_edpt_clear_stall
                0x0000000010005998       0x40 CMakeFiles/ledonoff.dir/home/pi/pico/pico-sdk/lib/tinyusb/src/device/usbd.c.obj
                0x0000000010005998                usbd_edpt_clear_stall
 .text.usbd_edpt_stalled
                0x00000000100059d8       0x1c CMakeFiles/ledonoff.dir/home/pi/pico/pico-sdk/lib/tinyusb/src/device/usbd.c.obj
                0x00000000100059d8                usbd_edpt_stalled
 .text.process_control_request
                0x00000000100059f4      0x3bc CMakeFiles/ledonoff.dir/home/pi/pico/pico-sdk/lib/tinyusb/src/device/usbd.c.obj
 .text.tud_task
                0x0000000010005db0      0x218 CMakeFiles/ledonoff.dir/home/pi/pico/pico-sdk/lib/tinyusb/src/device/usbd.c.obj
                0x0000000010005db0                tud_task
 .text._data_stage_xact
                0x0000000010005fc8       0x58 CMakeFiles/ledonoff.dir/home/pi/pico/pico-sdk/lib/tinyusb/src/device/usbd_control.c.obj
 .text.tud_control_status
                0x0000000010006020       0x38 CMakeFiles/ledonoff.dir/home/pi/pico/pico-sdk/lib/tinyusb/src/device/usbd_control.c.obj
                0x0000000010006020                tud_control_status
 .text.tud_control_xfer
                0x0000000010006058       0xa4 CMakeFiles/ledonoff.dir/home/pi/pico/pico-sdk/lib/tinyusb/src/device/usbd_control.c.obj
                0x0000000010006058                tud_control_xfer
 .text.usbd_control_reset
                0x00000000100060fc       0x14 CMakeFiles/ledonoff.dir/home/pi/pico/pico-sdk/lib/tinyusb/src/device/usbd_control.c.obj
                0x00000000100060fc                usbd_control_reset
 .text.usbd_control_set_complete_callback
                0x0000000010006110        0xc CMakeFiles/ledonoff.dir/home/pi/pico/pico-sdk/lib/tinyusb/src/device/usbd_control.c.obj
                0x0000000010006110                usbd_control_set_complete_callback
 .text.usbd_control_set_request
                0x000000001000611c       0x1c CMakeFiles/ledonoff.dir/home/pi/pico/pico-sdk/lib/tinyusb/src/device/usbd_control.c.obj
                0x000000001000611c                usbd_control_set_request
 .text.usbd_control_xfer_cb
                0x0000000010006138       0xfc CMakeFiles/ledonoff.dir/home/pi/pico/pico-sdk/lib/tinyusb/src/device/usbd_control.c.obj
                0x0000000010006138                usbd_control_xfer_cb
 .text._prep_out_transaction
                0x0000000010006234       0x46 CMakeFiles/ledonoff.dir/home/pi/pico/pico-sdk/lib/tinyusb/src/class/cdc/cdc_device.c.obj
 *fill*         0x000000001000627a        0x2 
 .text.tud_cdc_n_connected
                0x000000001000627c       0x44 CMakeFiles/ledonoff.dir/home/pi/pico/pico-sdk/lib/tinyusb/src/class/cdc/cdc_device.c.obj
                0x000000001000627c                tud_cdc_n_connected
 .text.tud_cdc_n_available
                0x00000000100062c0       0x18 CMakeFiles/ledonoff.dir/home/pi/pico/pico-sdk/lib/tinyusb/src/class/cdc/cdc_device.c.obj
                0x00000000100062c0                tud_cdc_n_available
 .text.tud_cdc_n_read
                0x00000000100062d8       0x28 CMakeFiles/ledonoff.dir/home/pi/pico/pico-sdk/lib/tinyusb/src/class/cdc/cdc_device.c.obj
                0x00000000100062d8                tud_cdc_n_read
 .text.tud_cdc_n_write_flush
                0x0000000010006300       0xcc CMakeFiles/ledonoff.dir/home/pi/pico/pico-sdk/lib/tinyusb/src/class/cdc/cdc_device.c.obj
                0x0000000010006300                tud_cdc_n_write_flush
 .text.tud_cdc_n_write
                0x00000000100063cc       0x38 CMakeFiles/ledonoff.dir/home/pi/pico/pico-sdk/lib/tinyusb/src/class/cdc/cdc_device.c.obj
                0x00000000100063cc                tud_cdc_n_write
 .text.tud_cdc_n_write_available
                0x0000000010006404       0x1c CMakeFiles/ledonoff.dir/home/pi/pico/pico-sdk/lib/tinyusb/src/class/cdc/cdc_device.c.obj
                0x0000000010006404                tud_cdc_n_write_available
 .text.cdcd_init
                0x0000000010006420       0xb8 CMakeFiles/ledonoff.dir/home/pi/pico/pico-sdk/lib/tinyusb/src/class/cdc/cdc_device.c.obj
                0x0000000010006420                cdcd_init
 .text.cdcd_reset
                0x00000000100064d8       0x44 CMakeFiles/ledonoff.dir/home/pi/pico/pico-sdk/lib/tinyusb/src/class/cdc/cdc_device.c.obj
                0x00000000100064d8                cdcd_reset
 .text.cdcd_open
                0x000000001000651c       0xf8 CMakeFiles/ledonoff.dir/home/pi/pico/pico-sdk/lib/tinyusb/src/class/cdc/cdc_device.c.obj
                0x000000001000651c                cdcd_open
 .text.cdcd_control_xfer_cb
                0x0000000010006614      0x134 CMakeFiles/ledonoff.dir/home/pi/pico/pico-sdk/lib/tinyusb/src/class/cdc/cdc_device.c.obj
                0x0000000010006614                cdcd_control_xfer_cb
 .text.cdcd_xfer_cb
                0x0000000010006748      0x13c CMakeFiles/ledonoff.dir/home/pi/pico/pico-sdk/lib/tinyusb/src/class/cdc/cdc_device.c.obj
                0x0000000010006748                cdcd_xfer_cb
 .text.tusb_init
                0x0000000010006884       0x24 CMakeFiles/ledonoff.dir/home/pi/pico/pico-sdk/lib/tinyusb/src/tusb.c.obj
                0x0000000010006884                tusb_init
 .text.tusb_inited
                0x00000000100068a8        0xe CMakeFiles/ledonoff.dir/home/pi/pico/pico-sdk/lib/tinyusb/src/tusb.c.obj
                0x00000000100068a8                tusb_inited
 *fill*         0x00000000100068b6        0x2 
 .text.tu_edpt_validate
                0x00000000100068b8       0xa8 CMakeFiles/ledonoff.dir/home/pi/pico/pico-sdk/lib/tinyusb/src/tusb.c.obj
                0x00000000100068b8                tu_edpt_validate
 .text.tu_edpt_bind_driver
                0x0000000010006960       0x2a CMakeFiles/ledonoff.dir/home/pi/pico/pico-sdk/lib/tinyusb/src/tusb.c.obj
                0x0000000010006960                tu_edpt_bind_driver
 .text.advance_pointer
                0x000000001000698a       0x18 CMakeFiles/ledonoff.dir/home/pi/pico/pico-sdk/lib/tinyusb/src/common/tusb_fifo.c.obj
 .text.backward_pointer
                0x00000000100069a2       0x1e CMakeFiles/ledonoff.dir/home/pi/pico/pico-sdk/lib/tinyusb/src/common/tusb_fifo.c.obj
 .text.get_relative_pointer
                0x00000000100069c0       0x10 CMakeFiles/ledonoff.dir/home/pi/pico/pico-sdk/lib/tinyusb/src/common/tusb_fifo.c.obj
 .text._tu_fifo_peek
                0x00000000100069d0       0x4c CMakeFiles/ledonoff.dir/home/pi/pico/pico-sdk/lib/tinyusb/src/common/tusb_fifo.c.obj
 .text._ff_pull_const_addr
                0x0000000010006a1c       0x46 CMakeFiles/ledonoff.dir/home/pi/pico/pico-sdk/lib/tinyusb/src/common/tusb_fifo.c.obj
 .text._ff_pull_n
                0x0000000010006a62      0x100 CMakeFiles/ledonoff.dir/home/pi/pico/pico-sdk/lib/tinyusb/src/common/tusb_fifo.c.obj
 .text._tu_fifo_peek_n
                0x0000000010006b62       0x5e CMakeFiles/ledonoff.dir/home/pi/pico/pico-sdk/lib/tinyusb/src/common/tusb_fifo.c.obj
 .text._tu_fifo_read_n
                0x0000000010006bc0       0x4e CMakeFiles/ledonoff.dir/home/pi/pico/pico-sdk/lib/tinyusb/src/common/tusb_fifo.c.obj
 .text._ff_push_const_addr
                0x0000000010006c0e       0x3a CMakeFiles/ledonoff.dir/home/pi/pico/pico-sdk/lib/tinyusb/src/common/tusb_fifo.c.obj
 .text._ff_push_n
                0x0000000010006c48       0xfa CMakeFiles/ledonoff.dir/home/pi/pico/pico-sdk/lib/tinyusb/src/common/tusb_fifo.c.obj
 .text._tu_fifo_write_n
                0x0000000010006d42       0x9e CMakeFiles/ledonoff.dir/home/pi/pico/pico-sdk/lib/tinyusb/src/common/tusb_fifo.c.obj
 .text.tu_fifo_config
                0x0000000010006de0       0x72 CMakeFiles/ledonoff.dir/home/pi/pico/pico-sdk/lib/tinyusb/src/common/tusb_fifo.c.obj
                0x0000000010006de0                tu_fifo_config
 .text.tu_fifo_count
                0x0000000010006e52       0x24 CMakeFiles/ledonoff.dir/home/pi/pico/pico-sdk/lib/tinyusb/src/common/tusb_fifo.c.obj
                0x0000000010006e52                tu_fifo_count
 .text.tu_fifo_empty
                0x0000000010006e76        0xe CMakeFiles/ledonoff.dir/home/pi/pico/pico-sdk/lib/tinyusb/src/common/tusb_fifo.c.obj
                0x0000000010006e76                tu_fifo_empty
 .text.tu_fifo_remaining
                0x0000000010006e84       0x20 CMakeFiles/ledonoff.dir/home/pi/pico/pico-sdk/lib/tinyusb/src/common/tusb_fifo.c.obj
                0x0000000010006e84                tu_fifo_remaining
 .text.tu_fifo_read
                0x0000000010006ea4       0x42 CMakeFiles/ledonoff.dir/home/pi/pico/pico-sdk/lib/tinyusb/src/common/tusb_fifo.c.obj
                0x0000000010006ea4                tu_fifo_read
 .text.tu_fifo_read_n
                0x0000000010006ee6        0xa CMakeFiles/ledonoff.dir/home/pi/pico/pico-sdk/lib/tinyusb/src/common/tusb_fifo.c.obj
                0x0000000010006ee6                tu_fifo_read_n
 .text.tu_fifo_write
                0x0000000010006ef0       0x6c CMakeFiles/ledonoff.dir/home/pi/pico/pico-sdk/lib/tinyusb/src/common/tusb_fifo.c.obj
                0x0000000010006ef0                tu_fifo_write
 .text.tu_fifo_write_n
                0x0000000010006f5c        0xa CMakeFiles/ledonoff.dir/home/pi/pico/pico-sdk/lib/tinyusb/src/common/tusb_fifo.c.obj
                0x0000000010006f5c                tu_fifo_write_n
 .text.tu_fifo_clear
                0x0000000010006f66       0x4c CMakeFiles/ledonoff.dir/home/pi/pico/pico-sdk/lib/tinyusb/src/common/tusb_fifo.c.obj
                0x0000000010006f66                tu_fifo_clear
 .text.tu_fifo_set_overwritable
                0x0000000010006fb2       0x3c CMakeFiles/ledonoff.dir/home/pi/pico/pico-sdk/lib/tinyusb/src/common/tusb_fifo.c.obj
                0x0000000010006fb2                tu_fifo_set_overwritable
 *fill*         0x0000000010006fee        0x2 
 .text._retrieve_unique_id_on_boot
                0x0000000010006ff0       0x10 CMakeFiles/ledonoff.dir/home/pi/pico/pico-sdk/src/rp2_common/pico_unique_id/unique_id.c.obj
 .text.pico_get_unique_board_id_string
                0x0000000010007000       0x60 CMakeFiles/ledonoff.dir/home/pi/pico/pico-sdk/src/rp2_common/pico_unique_id/unique_id.c.obj
                0x0000000010007000                pico_get_unique_board_id_string
 .text.flash_get_unique_id
                0x0000000010007060       0x40 CMakeFiles/ledonoff.dir/home/pi/pico/pico-sdk/src/rp2_common/hardware_flash/flash.c.obj
                0x0000000010007060                flash_get_unique_id
 .text          0x00000000100070a0       0x68 /usr/lib/gcc/arm-none-eabi/8.3.1/../../../arm-none-eabi/lib/thumb/v6-m/nofp/libg.a(lib_a-strlen-stub.o)
                0x00000000100070a0                strlen
 *(.fini)
 .fini          0x0000000010007108        0x4 /usr/lib/gcc/arm-none-eabi/8.3.1/thumb/v6-m/nofp/crti.o
                0x0000000010007108                _fini
 *fill*         0x000000001000710c        0x4 
 .fini.__stub   0x0000000010007110       0x70 linker stubs
 *crtbegin.o(.ctors)
 *crtbegin?.o(.ctors)
 *(EXCLUDE_FILE(*crtend.o *crtend?.o) .ctors)
 *(SORT_BY_NAME(.ctors.*))
 *(.ctors)
 *crtbegin.o(.dtors)
 *crtbegin?.o(.dtors)
 *(EXCLUDE_FILE(*crtend.o *crtend?.o) .dtors)
 *(SORT_BY_NAME(.dtors.*))
 *(.dtors)
 *(.eh_frame*)
 .eh_frame      0x0000000010007180        0x0 /usr/lib/gcc/arm-none-eabi/8.3.1/thumb/v6-m/nofp/crtbegin.o
                0x0000000010007180                . = ALIGN (0x4)

.glue_7         0x0000000010007180        0x0
 .glue_7        0x0000000010007180        0x0 linker stubs

.glue_7t        0x0000000010007180        0x0
 .glue_7t       0x0000000010007180        0x0 linker stubs

.vfp11_veneer   0x0000000010007180        0x0
 .vfp11_veneer  0x0000000010007180        0x0 linker stubs

.v4_bx          0x0000000010007180        0x0
 .v4_bx         0x0000000010007180        0x0 linker stubs

.iplt           0x0000000010007180        0x0
 .iplt          0x0000000010007180        0x0 /usr/lib/gcc/arm-none-eabi/8.3.1/thumb/v6-m/nofp/crtbegin.o

.rodata         0x0000000010007180     0x1614
 *(EXCLUDE_FILE(*libm.a: *libc.a:*lib_a-mem*.o *libgcc.a:) .rodata*)
 .rodata.main.str1.4
                0x0000000010007180       0x57 CMakeFiles/ledonoff.dir/ledonoff.c.obj
 *fill*         0x00000000100071d7        0x1 
 .rodata.spin_lock_claim_unused.str1.4
                0x00000000100071d8       0x1b CMakeFiles/ledonoff.dir/home/pi/pico/pico-sdk/src/rp2_common/hardware_sync/sync.c.obj
 *fill*         0x00000000100071f3        0x1 
 .rodata.__func__.5751
                0x00000000100071f4       0x15 CMakeFiles/ledonoff.dir/home/pi/pico/pico-sdk/src/common/pico_time/time.c.obj
 *fill*         0x0000000010007209        0x3 
 .rodata.__func__.6057
                0x000000001000720c        0xc CMakeFiles/ledonoff.dir/home/pi/pico/pico-sdk/src/common/pico_time/time.c.obj
 .rodata.__func__.6064
                0x0000000010007218       0x12 CMakeFiles/ledonoff.dir/home/pi/pico/pico-sdk/src/common/pico_time/time.c.obj
 *fill*         0x000000001000722a        0x2 
 .rodata.__func__.6080
                0x000000001000722c        0xf CMakeFiles/ledonoff.dir/home/pi/pico/pico-sdk/src/common/pico_time/time.c.obj
 *fill*         0x000000001000723b        0x1 
 .rodata.__func__.6102
                0x000000001000723c        0xd CMakeFiles/ledonoff.dir/home/pi/pico/pico-sdk/src/common/pico_time/time.c.obj
 *fill*         0x0000000010007249        0x3 
 .rodata.__func__.6326
                0x000000001000724c        0xa CMakeFiles/ledonoff.dir/home/pi/pico/pico-sdk/src/common/pico_time/time.c.obj
 *fill*         0x0000000010007256        0x2 
 .rodata.__func__.6331
                0x0000000010007258       0x12 CMakeFiles/ledonoff.dir/home/pi/pico/pico-sdk/src/common/pico_time/time.c.obj
 *fill*         0x000000001000726a        0x2 
 .rodata.__func__.6346
                0x000000001000726c       0x17 CMakeFiles/ledonoff.dir/home/pi/pico/pico-sdk/src/common/pico_time/time.c.obj
 *fill*         0x0000000010007283        0x1 
 .rodata.__func__.6357
                0x0000000010007284       0x15 CMakeFiles/ledonoff.dir/home/pi/pico/pico-sdk/src/common/pico_time/time.c.obj
 *fill*         0x0000000010007299        0x3 
 .rodata.__func__.6374
                0x000000001000729c       0x1a CMakeFiles/ledonoff.dir/home/pi/pico/pico-sdk/src/common/pico_time/time.c.obj
 *fill*         0x00000000100072b6        0x2 
 .rodata.__func__.6413
                0x00000000100072b8       0x18 CMakeFiles/ledonoff.dir/home/pi/pico/pico-sdk/src/common/pico_time/time.c.obj
 .rodata.add_alarm_under_lock.str1.4
                0x00000000100072d0       0x28 CMakeFiles/ledonoff.dir/home/pi/pico/pico-sdk/src/common/pico_time/time.c.obj
                                         0x2b (size before relaxing)
 .rodata.alarm_pool_alarm_callback.str1.4
                0x00000000100072f8       0xe2 CMakeFiles/ledonoff.dir/home/pi/pico/pico-sdk/src/common/pico_time/time.c.obj
 *fill*         0x00000000100073da        0x2 
 .rodata.alarm_pool_cancel_alarm.str1.4
                0x00000000100073dc       0x27 CMakeFiles/ledonoff.dir/home/pi/pico/pico-sdk/src/common/pico_time/time.c.obj
 *fill*         0x0000000010007403        0x1 
 .rodata.alarm_pool_dump_key.str1.4
                0x0000000010007404       0x33 CMakeFiles/ledonoff.dir/home/pi/pico/pico-sdk/src/common/pico_time/time.c.obj
 *fill*         0x0000000010007437        0x1 
 .rodata.alarm_pool_get_default.str1.4
                0x0000000010007438       0x21 CMakeFiles/ledonoff.dir/home/pi/pico/pico-sdk/src/common/pico_time/time.c.obj
 *fill*         0x0000000010007459        0x7 
 .rodata.at_the_end_of_time
                0x0000000010007460        0x8 CMakeFiles/ledonoff.dir/home/pi/pico/pico-sdk/src/common/pico_time/time.c.obj
                0x0000000010007460                at_the_end_of_time
 .rodata.ph_add_child_node.str1.4
                0x0000000010007468       0x92 CMakeFiles/ledonoff.dir/home/pi/pico/pico-sdk/src/common/pico_time/time.c.obj
 *fill*         0x00000000100074fa        0x2 
 .rodata.repeating_timer_callback.str1.4
                0x00000000100074fc       0x47 CMakeFiles/ledonoff.dir/home/pi/pico/pico-sdk/src/common/pico_time/time.c.obj
 *fill*         0x0000000010007543        0x1 
 .rodata.__func__.4243
                0x0000000010007544       0x15 CMakeFiles/ledonoff.dir/home/pi/pico/pico-sdk/src/rp2_common/hardware_timer/timer.c.obj
 *fill*         0x0000000010007559        0x3 
 .rodata.__func__.4609
                0x000000001000755c       0x1a CMakeFiles/ledonoff.dir/home/pi/pico/pico-sdk/src/rp2_common/hardware_timer/timer.c.obj
 .rodata.busy_wait_us.str1.4
                0x0000000010007576       0x5d CMakeFiles/ledonoff.dir/home/pi/pico/pico-sdk/src/rp2_common/hardware_timer/timer.c.obj
 *fill*         0x0000000010007576        0x2 
 .rodata.hardware_alarm_claim.str1.4
                0x0000000010007578       0x22 CMakeFiles/ledonoff.dir/home/pi/pico/pico-sdk/src/rp2_common/hardware_timer/timer.c.obj
 *fill*         0x000000001000759a        0x2 
 .rodata.hardware_alarm_set_target.str1.4
                0x000000001000759c       0x61 CMakeFiles/ledonoff.dir/home/pi/pico/pico-sdk/src/rp2_common/hardware_timer/timer.c.obj
 *fill*         0x00000000100075fd        0x3 
 .rodata.__func__.4243
                0x0000000010007600       0x15 CMakeFiles/ledonoff.dir/home/pi/pico/pico-sdk/src/common/pico_sync/mutex.c.obj
 *fill*         0x0000000010007615        0x3 
 .rodata.__func__.4731
                0x0000000010007618       0x18 CMakeFiles/ledonoff.dir/home/pi/pico/pico-sdk/src/common/pico_sync/mutex.c.obj
 .rodata.__func__.4750
                0x0000000010007630        0xb CMakeFiles/ledonoff.dir/home/pi/pico/pico-sdk/src/common/pico_sync/mutex.c.obj
 *fill*         0x000000001000763b        0x1 
 .rodata.str1.4
                0x000000001000763c       0x85 CMakeFiles/ledonoff.dir/home/pi/pico/pico-sdk/src/common/pico_sync/mutex.c.obj
                                         0xe5 (size before relaxing)
 *fill*         0x00000000100076c1        0x3 
 .rodata.__func__.5758
                0x00000000100076c4        0xc CMakeFiles/ledonoff.dir/home/pi/pico/pico-sdk/src/common/pico_util/pheap.c.obj
 .rodata.__func__.5765
                0x00000000100076d0       0x12 CMakeFiles/ledonoff.dir/home/pi/pico/pico-sdk/src/common/pico_util/pheap.c.obj
 *fill*         0x00000000100076e2        0x2 
 .rodata.__func__.5851
                0x00000000100076e4       0x13 CMakeFiles/ledonoff.dir/home/pi/pico/pico-sdk/src/common/pico_util/pheap.c.obj
 *fill*         0x00000000100076f7        0x1 
 .rodata.__func__.5869
                0x00000000100076f8       0x18 CMakeFiles/ledonoff.dir/home/pi/pico/pico-sdk/src/common/pico_util/pheap.c.obj
 .rodata.ph_add_child_node.str1.4
                0x0000000010007710       0x92 CMakeFiles/ledonoff.dir/home/pi/pico/pico-sdk/src/common/pico_util/pheap.c.obj
 .rodata.ph_remove_and_free_node.str1.4
                0x0000000010007710       0x26 CMakeFiles/ledonoff.dir/home/pi/pico/pico-sdk/src/common/pico_util/pheap.c.obj
 *fill*         0x0000000010007736        0x2 
 .rodata.ph_remove_any_head.str1.4
                0x0000000010007738       0x88 CMakeFiles/ledonoff.dir/home/pi/pico/pico-sdk/src/common/pico_util/pheap.c.obj
 .rodata.__assert_func.str1.4
                0x00000000100077c0       0x3f CMakeFiles/ledonoff.dir/home/pi/pico/pico-sdk/src/rp2_common/pico_runtime/runtime.c.obj
                                         0x43 (size before relaxing)
 *fill*         0x00000000100077ff        0x1 
 .rodata.__func__.5866
                0x0000000010007800        0xd CMakeFiles/ledonoff.dir/home/pi/pico/pico-sdk/src/rp2_common/pico_runtime/runtime.c.obj
 *fill*         0x000000001000780d        0x3 
 .rodata.panic.str1.4
                0x0000000010007810       0x12 CMakeFiles/ledonoff.dir/home/pi/pico/pico-sdk/src/rp2_common/pico_runtime/runtime.c.obj
 *fill*         0x0000000010007822        0x2 
 .rodata.runtime_init.str1.4
                0x0000000010007824       0x5d CMakeFiles/ledonoff.dir/home/pi/pico/pico-sdk/src/rp2_common/pico_runtime/runtime.c.obj
 *fill*         0x0000000010007881        0x3 
 .rodata.__func__.4738
                0x0000000010007884       0x10 CMakeFiles/ledonoff.dir/home/pi/pico/pico-sdk/src/rp2_common/hardware_clocks/clocks.c.obj
 .rodata.clock_configure.str1.4
                0x0000000010007894       0x53 CMakeFiles/ledonoff.dir/home/pi/pico/pico-sdk/src/rp2_common/hardware_clocks/clocks.c.obj
 *fill*         0x00000000100078e7        0x1 
 .rodata.__func__.4783
                0x00000000100078e8       0x1a CMakeFiles/ledonoff.dir/home/pi/pico/pico-sdk/src/rp2_common/hardware_irq/irq.c.obj
 *fill*         0x0000000010007902        0x2 
 .rodata.__func__.4797
                0x0000000010007904        0xc CMakeFiles/ledonoff.dir/home/pi/pico/pico-sdk/src/rp2_common/hardware_irq/irq.c.obj
 .rodata.__func__.4805
                0x0000000010007910       0x17 CMakeFiles/ledonoff.dir/home/pi/pico/pico-sdk/src/rp2_common/hardware_irq/irq.c.obj
 *fill*         0x0000000010007927        0x1 
 .rodata.__func__.4809
                0x0000000010007928        0xf CMakeFiles/ledonoff.dir/home/pi/pico/pico-sdk/src/rp2_common/hardware_irq/irq.c.obj
 *fill*         0x0000000010007937        0x1 
 .rodata.__func__.4848
                0x0000000010007938       0x13 CMakeFiles/ledonoff.dir/home/pi/pico/pico-sdk/src/rp2_common/hardware_irq/irq.c.obj
 *fill*         0x000000001000794b        0x1 
 .rodata.__func__.4871
                0x000000001000794c       0x1a CMakeFiles/ledonoff.dir/home/pi/pico/pico-sdk/src/rp2_common/hardware_irq/irq.c.obj
 *fill*         0x0000000010007966        0x2 
 .rodata.irq_add_shared_handler.str1.4
                0x0000000010007968       0xd9 CMakeFiles/ledonoff.dir/home/pi/pico/pico-sdk/src/rp2_common/hardware_irq/irq.c.obj
 *fill*         0x0000000010007a41        0x3 
 .rodata.irq_add_tail_to_free_list.str1.4
                0x0000000010007a44       0x32 CMakeFiles/ledonoff.dir/home/pi/pico/pico-sdk/src/rp2_common/hardware_irq/irq.c.obj
                                         0x3a (size before relaxing)
 *fill*         0x0000000010007a76        0x2 
 .rodata.irq_remove_handler.str1.4
                0x0000000010007a78       0x2a CMakeFiles/ledonoff.dir/home/pi/pico/pico-sdk/src/rp2_common/hardware_irq/irq.c.obj
 *fill*         0x0000000010007aa2        0x2 
 .rodata.irq_set_exclusive_handler.str1.4
                0x0000000010007aa4       0x36 CMakeFiles/ledonoff.dir/home/pi/pico/pico-sdk/src/rp2_common/hardware_irq/irq.c.obj
 *fill*         0x0000000010007ada        0x2 
 .rodata.make_branch.str1.4
                0x0000000010007adc       0x49 CMakeFiles/ledonoff.dir/home/pi/pico/pico-sdk/src/rp2_common/hardware_irq/irq.c.obj
 *fill*         0x0000000010007b25        0x3 
 .rodata.__func__.4458
                0x0000000010007b28        0x9 CMakeFiles/ledonoff.dir/home/pi/pico/pico-sdk/src/rp2_common/hardware_pll/pll.c.obj
 *fill*         0x0000000010007b31        0x3 
 .rodata.pll_init.str1.4
                0x0000000010007b34       0xd7 CMakeFiles/ledonoff.dir/home/pi/pico/pico-sdk/src/rp2_common/hardware_pll/pll.c.obj
 *fill*         0x0000000010007c0b        0x1 
 .rodata._vsnprintf
                0x0000000010007c0c      0x1e0 CMakeFiles/ledonoff.dir/home/pi/pico/pico-sdk/src/rp2_common/pico_printf/printf.c.obj
 .rodata._ftoa.str1.4
                0x0000000010007dec       0x15 CMakeFiles/ledonoff.dir/home/pi/pico/pico-sdk/src/rp2_common/pico_printf/printf.c.obj
 *fill*         0x0000000010007e01        0x7 
 .rodata.pow10.5472
                0x0000000010007e08       0x50 CMakeFiles/ledonoff.dir/home/pi/pico/pico-sdk/src/rp2_common/pico_printf/printf.c.obj
 .rodata.__aeabi_double_init.str1.4
                0x0000000010007e58       0xa4 CMakeFiles/ledonoff.dir/home/pi/pico/pico-sdk/src/rp2_common/pico_double/double_init_rom.c.obj
 .rodata.__func__.4769
                0x0000000010007efc       0x14 CMakeFiles/ledonoff.dir/home/pi/pico/pico-sdk/src/rp2_common/pico_double/double_init_rom.c.obj
 .rodata.__aeabi_float_init.str1.4
                0x0000000010007f10       0x76 CMakeFiles/ledonoff.dir/home/pi/pico/pico-sdk/src/rp2_common/pico_float/float_init_rom.c.obj
                                         0x7a (size before relaxing)
 *fill*         0x0000000010007f86        0x2 
 .rodata.__func__.4770
                0x0000000010007f88       0x13 CMakeFiles/ledonoff.dir/home/pi/pico/pico-sdk/src/rp2_common/pico_float/float_init_rom.c.obj
 *fill*         0x0000000010007f9b        0x1 
 .rodata.__bi_44
                0x0000000010007f9c        0xc CMakeFiles/ledonoff.dir/home/pi/pico/pico-sdk/src/rp2_common/pico_standard_link/binary_info.c.obj
 .rodata.__bi_75
                0x0000000010007fa8        0xc CMakeFiles/ledonoff.dir/home/pi/pico/pico-sdk/src/rp2_common/pico_standard_link/binary_info.c.obj
 .rodata.__bi_81
                0x0000000010007fb4        0xc CMakeFiles/ledonoff.dir/home/pi/pico/pico-sdk/src/rp2_common/pico_standard_link/binary_info.c.obj
 .rodata.str1.4
                0x0000000010007fc0       0x40 CMakeFiles/ledonoff.dir/home/pi/pico/pico-sdk/src/rp2_common/pico_standard_link/binary_info.c.obj
 .rodata.__func__.6220
                0x0000000010008000        0xf CMakeFiles/ledonoff.dir/home/pi/pico/pico-sdk/src/rp2_common/pico_stdio/stdio.c.obj
 *fill*         0x000000001000800f        0x1 
 .rodata.__wrap_getchar.str1.4
                0x0000000010008010       0x45 CMakeFiles/ledonoff.dir/home/pi/pico/pico-sdk/src/rp2_common/pico_stdio/stdio.c.obj
 *fill*         0x0000000010008055        0x3 
 .rodata.crlf_str.6106
                0x0000000010008058        0x2 CMakeFiles/ledonoff.dir/home/pi/pico/pico-sdk/src/rp2_common/pico_stdio/stdio.c.obj
 *fill*         0x000000001000805a        0x2 
 .rodata.__bi_28.4802
                0x000000001000805c        0xc CMakeFiles/ledonoff.dir/home/pi/pico/pico-sdk/src/rp2_common/pico_stdio_uart/stdio_uart.c.obj
 .rodata.__bi_29.4806
                0x0000000010008068        0x8 CMakeFiles/ledonoff.dir/home/pi/pico/pico-sdk/src/rp2_common/pico_stdio_uart/stdio_uart.c.obj
 .rodata.str1.4
                0x0000000010008070       0x2c CMakeFiles/ledonoff.dir/home/pi/pico/pico-sdk/src/rp2_common/pico_stdio_uart/stdio_uart.c.obj
 .rodata._resetd_driver
                0x000000001000809c       0x18 CMakeFiles/ledonoff.dir/home/pi/pico/pico-sdk/src/rp2_common/pico_stdio_usb/reset_interface.c.obj
 .rodata.__bi_93.7266
                0x00000000100080b4        0xc CMakeFiles/ledonoff.dir/home/pi/pico/pico-sdk/src/rp2_common/pico_stdio_usb/stdio_usb.c.obj
 .rodata.__func__.5474
                0x00000000100080c0       0x15 CMakeFiles/ledonoff.dir/home/pi/pico/pico-sdk/src/rp2_common/pico_stdio_usb/stdio_usb.c.obj
 .rodata.stdio_usb_init.str1.4
                0x00000000100080d5       0x5d CMakeFiles/ledonoff.dir/home/pi/pico/pico-sdk/src/rp2_common/pico_stdio_usb/stdio_usb.c.obj
 *fill*         0x00000000100080d5        0x3 
 .rodata.str1.4
                0x00000000100080d8       0x13 CMakeFiles/ledonoff.dir/home/pi/pico/pico-sdk/src/rp2_common/pico_stdio_usb/stdio_usb.c.obj
 *fill*         0x00000000100080eb        0x1 
 .rodata.str1.4
                0x00000000100080ec       0x2a CMakeFiles/ledonoff.dir/home/pi/pico/pico-sdk/src/rp2_common/pico_stdio_usb/stdio_usb_descriptors.c.obj
 *fill*         0x0000000010008116        0x2 
 .rodata.usbd_desc_cfg
                0x0000000010008118       0x54 CMakeFiles/ledonoff.dir/home/pi/pico/pico-sdk/src/rp2_common/pico_stdio_usb/stdio_usb_descriptors.c.obj
 .rodata.usbd_desc_device
                0x000000001000816c       0x12 CMakeFiles/ledonoff.dir/home/pi/pico/pico-sdk/src/rp2_common/pico_stdio_usb/stdio_usb_descriptors.c.obj
 *fill*         0x000000001000817e        0x2 
 .rodata.usbd_desc_str
                0x0000000010008180       0x18 CMakeFiles/ledonoff.dir/home/pi/pico/pico-sdk/src/rp2_common/pico_stdio_usb/stdio_usb_descriptors.c.obj
 .rodata.__func__.6938
                0x0000000010008198       0x13 CMakeFiles/ledonoff.dir/home/pi/pico/pico-sdk/lib/tinyusb/src/portable/raspberrypi/rp2040/dcd_rp2040.c.obj
 *fill*         0x00000000100081ab        0x1 
 .rodata.__func__.6991
                0x00000000100081ac        0x9 CMakeFiles/ledonoff.dir/home/pi/pico/pico-sdk/lib/tinyusb/src/portable/raspberrypi/rp2040/dcd_rp2040.c.obj
 *fill*         0x00000000100081b5        0x3 
 .rodata.__func__.6995
                0x00000000100081b8        0xf CMakeFiles/ledonoff.dir/home/pi/pico/pico-sdk/lib/tinyusb/src/portable/raspberrypi/rp2040/dcd_rp2040.c.obj
 *fill*         0x00000000100081c7        0x1 
 .rodata.__func__.7004
                0x00000000100081c8       0x10 CMakeFiles/ledonoff.dir/home/pi/pico/pico-sdk/lib/tinyusb/src/portable/raspberrypi/rp2040/dcd_rp2040.c.obj
 .rodata.__func__.7023
                0x00000000100081d8        0xe CMakeFiles/ledonoff.dir/home/pi/pico/pico-sdk/lib/tinyusb/src/portable/raspberrypi/rp2040/dcd_rp2040.c.obj
 *fill*         0x00000000100081e6        0x2 
 .rodata.__func__.7033
                0x00000000100081e8        0xe CMakeFiles/ledonoff.dir/home/pi/pico/pico-sdk/lib/tinyusb/src/portable/raspberrypi/rp2040/dcd_rp2040.c.obj
 *fill*         0x00000000100081f6        0x2 
 .rodata._hw_endpoint_alloc.str1.4
                0x00000000100081f8       0xb1 CMakeFiles/ledonoff.dir/home/pi/pico/pico-sdk/lib/tinyusb/src/portable/raspberrypi/rp2040/dcd_rp2040.c.obj
 *fill*         0x00000000100082a9        0x3 
 .rodata.dcd_int_enable.str1.4
                0x00000000100082ac        0xc CMakeFiles/ledonoff.dir/home/pi/pico/pico-sdk/lib/tinyusb/src/portable/raspberrypi/rp2040/dcd_rp2040.c.obj
 .rodata.dcd_rp2040_irq.str1.4
                0x00000000100082b8       0x14 CMakeFiles/ledonoff.dir/home/pi/pico/pico-sdk/lib/tinyusb/src/portable/raspberrypi/rp2040/dcd_rp2040.c.obj
 .rodata.__func__.6705
                0x00000000100082cc        0xf CMakeFiles/ledonoff.dir/home/pi/pico/pico-sdk/lib/tinyusb/src/portable/raspberrypi/rp2040/rp2040_usb.c.obj
 *fill*         0x00000000100082db        0x1 
 .rodata._hw_endpoint_buffer_control_update32.str1.4
                0x00000000100082dc       0x1f CMakeFiles/ledonoff.dir/home/pi/pico/pico-sdk/lib/tinyusb/src/portable/raspberrypi/rp2040/rp2040_usb.c.obj
 *fill*         0x00000000100082fb        0x1 
 .rodata.hw_endpoint_xfer_continue.str1.4
                0x00000000100082fc       0x29 CMakeFiles/ledonoff.dir/home/pi/pico/pico-sdk/lib/tinyusb/src/portable/raspberrypi/rp2040/rp2040_usb.c.obj
 *fill*         0x0000000010008325        0x3 
 .rodata.hw_endpoint_xfer_start.str1.4
                0x0000000010008328       0x38 CMakeFiles/ledonoff.dir/home/pi/pico/pico-sdk/lib/tinyusb/src/portable/raspberrypi/rp2040/rp2040_usb.c.obj
 .rodata.str1.4
                0x0000000010008360       0x38 CMakeFiles/ledonoff.dir/home/pi/pico/pico-sdk/lib/tinyusb/src/portable/raspberrypi/rp2040/rp2040_usb.c.obj
                                          0x7 (size before relaxing)
 .rodata.sync_ep_buffer.str1.4
                0x0000000010008360       0x8d CMakeFiles/ledonoff.dir/home/pi/pico/pico-sdk/lib/tinyusb/src/portable/raspberrypi/rp2040/rp2040_usb.c.obj
 *fill*         0x00000000100083ed        0x3 
 .rodata.process_get_descriptor
                0x00000000100083f0       0x40 CMakeFiles/ledonoff.dir/home/pi/pico/pico-sdk/lib/tinyusb/src/device/usbd.c.obj
 .rodata.process_control_request
                0x0000000010008430       0x28 CMakeFiles/ledonoff.dir/home/pi/pico/pico-sdk/lib/tinyusb/src/device/usbd.c.obj
 .rodata.tud_task
                0x0000000010008458       0x24 CMakeFiles/ledonoff.dir/home/pi/pico/pico-sdk/lib/tinyusb/src/device/usbd.c.obj
 .rodata.__func__.6614
                0x000000001000847c       0x10 CMakeFiles/ledonoff.dir/home/pi/pico/pico-sdk/lib/tinyusb/src/device/usbd.c.obj
 .rodata.__func__.7412
                0x000000001000848c        0x9 CMakeFiles/ledonoff.dir/home/pi/pico/pico-sdk/lib/tinyusb/src/device/usbd.c.obj
 *fill*         0x0000000010008495        0x3 
 .rodata.__func__.7433
                0x0000000010008498       0x18 CMakeFiles/ledonoff.dir/home/pi/pico/pico-sdk/lib/tinyusb/src/device/usbd.c.obj
 .rodata.__func__.7476
                0x00000000100084b0       0x13 CMakeFiles/ledonoff.dir/home/pi/pico/pico-sdk/lib/tinyusb/src/device/usbd.c.obj
 *fill*         0x00000000100084c3        0x1 
 .rodata.__func__.7511
                0x00000000100084c4       0x17 CMakeFiles/ledonoff.dir/home/pi/pico/pico-sdk/lib/tinyusb/src/device/usbd.c.obj
 *fill*         0x00000000100084db        0x1 
 .rodata.__func__.7565
                0x00000000100084dc       0x14 CMakeFiles/ledonoff.dir/home/pi/pico/pico-sdk/lib/tinyusb/src/device/usbd.c.obj
 .rodata.__func__.7579
                0x00000000100084f0        0xf CMakeFiles/ledonoff.dir/home/pi/pico/pico-sdk/lib/tinyusb/src/device/usbd.c.obj
 *fill*         0x00000000100084ff        0x1 
 .rodata.__func__.7602
                0x0000000010008500        0xf CMakeFiles/ledonoff.dir/home/pi/pico/pico-sdk/lib/tinyusb/src/device/usbd.c.obj
 *fill*         0x000000001000850f        0x1 
 .rodata._usbd_driver
                0x0000000010008510       0x18 CMakeFiles/ledonoff.dir/home/pi/pico/pico-sdk/lib/tinyusb/src/device/usbd.c.obj
 .rodata.process_set_config.str1.4
                0x0000000010008528       0x17 CMakeFiles/ledonoff.dir/home/pi/pico/pico-sdk/lib/tinyusb/src/device/usbd.c.obj
 *fill*         0x000000001000853f        0x1 
 .rodata.__func__.7327
                0x0000000010008540       0x11 CMakeFiles/ledonoff.dir/home/pi/pico/pico-sdk/lib/tinyusb/src/device/usbd_control.c.obj
 *fill*         0x0000000010008551        0x3 
 .rodata.__func__.7354
                0x0000000010008554       0x15 CMakeFiles/ledonoff.dir/home/pi/pico/pico-sdk/lib/tinyusb/src/device/usbd_control.c.obj
 .rodata.tud_control_xfer.str1.4
                0x0000000010008569       0x17 CMakeFiles/ledonoff.dir/home/pi/pico/pico-sdk/lib/tinyusb/src/device/usbd_control.c.obj
 *fill*         0x0000000010008569        0x3 
 .rodata.__func__.7263
                0x000000001000856c       0x16 CMakeFiles/ledonoff.dir/home/pi/pico/pico-sdk/lib/tinyusb/src/class/cdc/cdc_device.c.obj
 *fill*         0x0000000010008582        0x2 
 .rodata.__func__.7296
                0x0000000010008584        0xa CMakeFiles/ledonoff.dir/home/pi/pico/pico-sdk/lib/tinyusb/src/class/cdc/cdc_device.c.obj
 *fill*         0x000000001000858e        0x2 
 .rodata.__func__.7331
                0x0000000010008590        0xd CMakeFiles/ledonoff.dir/home/pi/pico/pico-sdk/lib/tinyusb/src/class/cdc/cdc_device.c.obj
 .rodata.tud_cdc_n_write_flush.str1.4
                0x000000001000859d       0x17 CMakeFiles/ledonoff.dir/home/pi/pico/pico-sdk/lib/tinyusb/src/class/cdc/cdc_device.c.obj
 *fill*         0x000000001000859d        0x3 
 .rodata.__func__.7200
                0x00000000100085a0        0xa CMakeFiles/ledonoff.dir/home/pi/pico/pico-sdk/lib/tinyusb/src/tusb.c.obj
 *fill*         0x00000000100085aa        0x2 
 .rodata.__func__.7212
                0x00000000100085ac       0x11 CMakeFiles/ledonoff.dir/home/pi/pico/pico-sdk/lib/tinyusb/src/tusb.c.obj
 .rodata.tusb_init.str1.4
                0x00000000100085bd       0x17 CMakeFiles/ledonoff.dir/home/pi/pico/pico-sdk/lib/tinyusb/src/tusb.c.obj
 *fill*         0x00000000100085bd        0x3 
 .rodata.__func__.4337
                0x00000000100085c0       0x20 CMakeFiles/ledonoff.dir/home/pi/pico/pico-sdk/src/rp2_common/pico_unique_id/unique_id.c.obj
 .rodata.pico_get_unique_board_id_string.str1.4
                0x00000000100085e0       0x49 CMakeFiles/ledonoff.dir/home/pi/pico/pico-sdk/src/rp2_common/pico_unique_id/unique_id.c.obj
 *fill*         0x0000000010008629        0x3 
 .rodata.__func__.4511
                0x000000001000862c        0xd CMakeFiles/ledonoff.dir/home/pi/pico/pico-sdk/src/rp2_common/hardware_flash/flash.c.obj
 *fill*         0x0000000010008639        0x3 
 .rodata.str1.4
                0x000000001000863c      0x156 CMakeFiles/ledonoff.dir/home/pi/pico/pico-sdk/src/rp2_common/hardware_flash/flash.c.obj
                0x0000000010008794                . = ALIGN (0x4)
 *fill*         0x0000000010008792        0x2 
 *(SORT_BY_ALIGNMENT(SORT_BY_NAME(.flashdata*)))
                0x0000000010008794                . = ALIGN (0x4)

.rel.dyn        0x0000000010008794        0x0
 .rel.iplt      0x0000000010008794        0x0 /usr/lib/gcc/arm-none-eabi/8.3.1/thumb/v6-m/nofp/crtbegin.o

.ARM.extab
 *(.ARM.extab* .gnu.linkonce.armextab.*)
                0x0000000010008794                __exidx_start = .

.ARM.exidx
 *(.ARM.exidx* .gnu.linkonce.armexidx.*)
                0x0000000010008794                __exidx_end = .
                0x0000000010008794                . = ALIGN (0x4)
                0x0000000010008794                __binary_info_start = .

.binary_info    0x0000000010008794       0x28
 *(.binary_info.keep.*)
 .binary_info.keep.__bi_ptr22
                0x0000000010008794        0x4 CMakeFiles/ledonoff.dir/home/pi/pico/pico-sdk/src/rp2_common/pico_standard_link/binary_info.c.obj
 .binary_info.keep.__bi_ptr30
                0x0000000010008798        0x4 CMakeFiles/ledonoff.dir/home/pi/pico/pico-sdk/src/rp2_common/pico_standard_link/binary_info.c.obj
 .binary_info.keep.__bi_ptr38
                0x000000001000879c        0x4 CMakeFiles/ledonoff.dir/home/pi/pico/pico-sdk/src/rp2_common/pico_standard_link/binary_info.c.obj
 .binary_info.keep.__bi_ptr44
                0x00000000100087a0        0x4 CMakeFiles/ledonoff.dir/home/pi/pico/pico-sdk/src/rp2_common/pico_standard_link/binary_info.c.obj
 .binary_info.keep.__bi_ptr50
                0x00000000100087a4        0x4 CMakeFiles/ledonoff.dir/home/pi/pico/pico-sdk/src/rp2_common/pico_standard_link/binary_info.c.obj
 .binary_info.keep.__bi_ptr75
                0x00000000100087a8        0x4 CMakeFiles/ledonoff.dir/home/pi/pico/pico-sdk/src/rp2_common/pico_standard_link/binary_info.c.obj
 .binary_info.keep.__bi_ptr81
                0x00000000100087ac        0x4 CMakeFiles/ledonoff.dir/home/pi/pico/pico-sdk/src/rp2_common/pico_standard_link/binary_info.c.obj
 *(.binary_info.*)
 .binary_info.__bi_ptr28
                0x00000000100087b0        0x4 CMakeFiles/ledonoff.dir/home/pi/pico/pico-sdk/src/rp2_common/pico_stdio_uart/stdio_uart.c.obj
 .binary_info.__bi_ptr29
                0x00000000100087b4        0x4 CMakeFiles/ledonoff.dir/home/pi/pico/pico-sdk/src/rp2_common/pico_stdio_uart/stdio_uart.c.obj
 .binary_info.__bi_ptr93
                0x00000000100087b8        0x4 CMakeFiles/ledonoff.dir/home/pi/pico/pico-sdk/src/rp2_common/pico_stdio_usb/stdio_usb.c.obj
                0x00000000100087bc                __binary_info_end = .
                0x00000000100087bc                . = ALIGN (0x4)
                0x00000000100087bc                __etext = .

.ram_vector_table
                0x0000000020000000       0xc0
 *(.ram_vector_table)
 .ram_vector_table
                0x0000000020000000       0xc0 CMakeFiles/ledonoff.dir/home/pi/pico/pico-sdk/src/rp2_common/pico_runtime/runtime.c.obj
                0x0000000020000000                ram_vector_table

.data           0x00000000200000c0      0x454 load address 0x00000000100087bc
                0x00000000200000c0                __data_start__ = .
 *(vtable)
 *(.time_critical*)
 .time_critical.mutex_enter_blocking
                0x00000000200000c0       0x48 CMakeFiles/ledonoff.dir/home/pi/pico/pico-sdk/src/common/pico_sync/mutex.c.obj
                0x00000000200000c0                mutex_enter_blocking
 .time_critical.mutex_try_enter
                0x0000000020000108       0x48 CMakeFiles/ledonoff.dir/home/pi/pico/pico-sdk/src/common/pico_sync/mutex.c.obj
                0x0000000020000108                mutex_try_enter
 .time_critical.mutex_enter_block_until
                0x0000000020000150       0x7c CMakeFiles/ledonoff.dir/home/pi/pico/pico-sdk/src/common/pico_sync/mutex.c.obj
                0x0000000020000150                mutex_enter_block_until
 .time_critical.mutex_enter_timeout_ms
                0x00000000200001cc       0x6c CMakeFiles/ledonoff.dir/home/pi/pico/pico-sdk/src/common/pico_sync/mutex.c.obj
                0x00000000200001cc                mutex_enter_timeout_ms
 .time_critical.mutex_exit
                0x0000000020000238       0x4c CMakeFiles/ledonoff.dir/home/pi/pico/pico-sdk/src/common/pico_sync/mutex.c.obj
                0x0000000020000238                mutex_exit
 .time_critical.flash_init_boot2_copyout
                0x0000000020000284       0x30 CMakeFiles/ledonoff.dir/home/pi/pico/pico-sdk/src/rp2_common/hardware_flash/flash.c.obj
 .time_critical.flash_enable_xip_via_boot2
                0x00000000200002b4       0x10 CMakeFiles/ledonoff.dir/home/pi/pico/pico-sdk/src/rp2_common/hardware_flash/flash.c.obj
 .time_critical.flash_cs_force
                0x00000000200002c4       0x28 CMakeFiles/ledonoff.dir/home/pi/pico/pico-sdk/src/rp2_common/hardware_flash/flash.c.obj
 .time_critical.flash_do_cmd
                0x00000000200002ec       0xd4 CMakeFiles/ledonoff.dir/home/pi/pico/pico-sdk/src/rp2_common/hardware_flash/flash.c.obj
                0x00000000200002ec                flash_do_cmd
 *(.text*)
 .text          0x00000000200003c0        0x4 /usr/lib/gcc/arm-none-eabi/8.3.1/thumb/v6-m/nofp/libgcc.a(_dvmd_tls.o)
                0x00000000200003c0                __aeabi_ldiv0
                0x00000000200003c0                __aeabi_idiv0
 *fill*         0x00000000200003c4        0x4 
 .text.__stub   0x00000000200003c8       0x40 linker stubs
                0x0000000020000408                . = ALIGN (0x4)
 *(.rodata*)
                0x0000000020000408                . = ALIGN (0x4)
 *(.data*)
 .data.striped_spin_lock_num
                0x0000000020000408        0x1 CMakeFiles/ledonoff.dir/home/pi/pico/pico-sdk/src/rp2_common/hardware_sync/sync.c.obj
 *fill*         0x0000000020000409        0x3 
 .data.default_alarm_pool
                0x000000002000040c       0x18 CMakeFiles/ledonoff.dir/home/pi/pico/pico-sdk/src/common/pico_time/time.c.obj
 .data.default_alarm_pool_heap
                0x0000000020000424       0x10 CMakeFiles/ledonoff.dir/home/pi/pico/pico-sdk/src/common/pico_time/time.c.obj
 .data          0x0000000020000434       0x48 CMakeFiles/ledonoff.dir/home/pi/pico/pico-sdk/src/rp2_common/hardware_irq/irq_handler_chain.S.obj
                0x0000000020000434                irq_handler_chain_slots
                0x0000000020000464                irq_handler_chain_first_slot
                0x000000002000046e                irq_handler_chain_remove_tail
 *fill*         0x000000002000047c        0x4 
 .data.aeabi_bits_funcs
                0x0000000020000480       0x10 CMakeFiles/ledonoff.dir/home/pi/pico/pico-sdk/src/rp2_common/pico_bit_ops/bit_ops_aeabi.S.obj
                0x0000000020000480                aeabi_bits_funcs
                0x0000000020000490                aeabi_bits_funcs_end
 .data.aeabi_mem_funcs
                0x0000000020000490       0x10 CMakeFiles/ledonoff.dir/home/pi/pico/pico-sdk/src/rp2_common/pico_mem_ops/mem_ops_aeabi.S.obj
                0x0000000020000490                aeabi_mem_funcs
                0x00000000200004a0                aeabi_mem_funcs_end
 .data.stdio_uart
                0x00000000200004a0       0x14 CMakeFiles/ledonoff.dir/home/pi/pico/pico-sdk/src/rp2_common/pico_stdio_uart/stdio_uart.c.obj
                0x00000000200004a0                stdio_uart
 .data.stdio_usb
                0x00000000200004b4       0x14 CMakeFiles/ledonoff.dir/home/pi/pico/pico-sdk/src/rp2_common/pico_stdio_usb/stdio_usb.c.obj
                0x00000000200004b4                stdio_usb
 .data.ep_dir_string
                0x00000000200004c8        0x8 CMakeFiles/ledonoff.dir/home/pi/pico/pico-sdk/lib/tinyusb/src/portable/raspberrypi/rp2040/rp2040_usb.c.obj
                0x00000000200004c8                ep_dir_string
 .data._usbd_qdef
                0x00000000200004d0       0x24 CMakeFiles/ledonoff.dir/home/pi/pico/pico-sdk/lib/tinyusb/src/device/usbd.c.obj
                0x00000000200004d0                _usbd_qdef
                0x00000000200004f4                . = ALIGN (0x4)
 *(.after_data.*)
                0x00000000200004f4                . = ALIGN (0x4)
                0x00000000200004f4                PROVIDE (__mutex_array_start = .)
 *(SORT_BY_NAME(.mutex_array.*))
 *(.mutex_array)
 .mutex_array   0x00000000200004f4        0x8 CMakeFiles/ledonoff.dir/home/pi/pico/pico-sdk/src/rp2_common/pico_stdio/stdio.c.obj
                0x00000000200004fc                PROVIDE (__mutex_array_end = .)
                0x00000000200004fc                . = ALIGN (0x4)
                0x00000000200004fc                PROVIDE (__preinit_array_start = .)
 *(SORT_BY_NAME(.preinit_array.*))
 .preinit_array.00001
                0x00000000200004fc        0x4 CMakeFiles/ledonoff.dir/home/pi/pico/pico-sdk/src/rp2_common/pico_mem_ops/mem_ops_aeabi.S.obj
 .preinit_array.00010
                0x0000000020000500        0x4 CMakeFiles/ledonoff.dir/home/pi/pico/pico-sdk/src/rp2_common/pico_bit_ops/bit_ops_aeabi.S.obj
 .preinit_array.00020
                0x0000000020000504        0x4 CMakeFiles/ledonoff.dir/home/pi/pico/pico-sdk/src/rp2_common/pico_double/double_aeabi.S.obj
 .preinit_array.00020
                0x0000000020000508        0x4 CMakeFiles/ledonoff.dir/home/pi/pico/pico-sdk/src/rp2_common/pico_float/float_aeabi.S.obj
 *(.preinit_array)
                0x000000002000050c                PROVIDE (__preinit_array_end = .)